******************************************************************************
                  TI ARM Linker PC v18.1.3                     
******************************************************************************
>> Linked Tue Oct  2 16:38:26 2018

OUTPUT FILE NAME:   <lab3.out>
ENTRY POINT SYMBOL: "_c_int00_noargs"  address: 00000915


MEMORY CONFIGURATION

         name            origin    length      used     unused   attr    fill
----------------------  --------  ---------  --------  --------  ----  --------
  FLASH                 00000000   00040000  00000a94  0003f56c  R  X
  SRAM                  20000000   00008000  00000201  00007dff  RW X


SEGMENT ALLOCATION MAP

run origin  load origin   length   init length attrs members
----------  ----------- ---------- ----------- ----- -------
00000000    00000000    00000a98   00000a98    r-x
  00000000    00000000    0000026c   0000026c    r-- .intvecs
  0000026c    0000026c    000007a4   000007a4    r-x .text
  00000a10    00000a10    0000006c   0000006c    r-- .const
  00000a80    00000a80    00000018   00000018    r-- .cinit
20000000    20000000    00000201   00000000    rw-
  20000000    20000000    00000200   00000000    rw- .stack
  20000200    20000200    00000001   00000000    rw- .data


SECTION ALLOCATION MAP

 output                                  attributes/
section   page    origin      length       input sections
--------  ----  ----------  ----------   ----------------
.intvecs   0    00000000    0000026c     
                  00000000    0000026c     tm4c123gh6pm_startup_ccs.obj (.intvecs)

.text      0    0000026c    000007a4     
                  0000026c    00000136     rtsv7M4_T_le_v4SPD16_eabi.lib : fd_div_t2.asm.obj (.text)
                  000003a2    00000132     driverlib.lib : gpio.obj (.text:GPIOPadConfigSet)
                  000004d4    00000110                   : sysctl.obj (.text:SysCtlClockGet)
                  000005e4    000000f4                   : sysctl.obj (.text:SysCtlClockSet)
                  000006d8    000000b0     main_t1.obj (.text)
                  00000788    0000009c     rtsv7M4_T_le_v4SPD16_eabi.lib : memcpy_t2.asm.obj (.text)
                  00000824    00000068                                   : copy_decompress_lzss.c.obj (.text:decompress:lzss:__TI_decompress_lzss)
                  0000088c    00000044                                   : autoinit.c.obj (.text:__TI_auto_init_nobinit_nopinit:__TI_auto_init_nobinit_nopinit)
                  000008d0    00000044                                   : fd_tou_t2.asm.obj (.text)
                  00000914    00000038                                   : boot_cortex_m.c.obj (.text:_c_int00_noargs:_c_int00_noargs)
                  0000094c    00000034     driverlib.lib : sysctl.obj (.text:SysCtlPeripheralEnable)
                  00000980    0000002a                   : gpio.obj (.text:GPIODirModeSet)
                  000009aa    00000020     rtsv7M4_T_le_v4SPD16_eabi.lib : u_tofd_t2.asm.obj (.text)
                  000009ca    00000018     driverlib.lib : gpio.obj (.text:GPIOPinTypeGPIOOutput)
                  000009e2    0000000e     rtsv7M4_T_le_v4SPD16_eabi.lib : copy_decompress_none.c.obj (.text:decompress:none:__TI_decompress_none)
                  000009f0    0000000c     tm4c123gh6pm_startup_ccs.obj (.text)
                  000009fc    00000006     driverlib.lib : gpio.obj (.text:GPIOPinWrite)
                  00000a02    00000006                   : sysctl.obj (.text:SysCtlDelay)
                  00000a08    00000004     rtsv7M4_T_le_v4SPD16_eabi.lib : pre_init.c.obj (.text:_system_pre_init)
                  00000a0c    00000004                                   : exit.c.obj (.text:abort:abort)

.const     0    00000a10    0000006c     
                  00000a10    0000006c     driverlib.lib : sysctl.obj (.const:g_pui32Xtals)

.cinit     0    00000a80    00000018     
                  00000a80    00000008     (__TI_handler_table)
                  00000a88    00000005     (.cinit..data.load) [load image, compression = lzss]
                  00000a8d    00000003     --HOLE-- [fill = 0]
                  00000a90    00000008     (__TI_cinit_table)

.init_array 
*          0    00000000    00000000     UNINITIALIZED

.data      0    20000200    00000001     UNINITIALIZED
                  20000200    00000001     main_t1.obj (.data)

.stack     0    20000000    00000200     UNINITIALIZED
                  20000000    00000004     rtsv7M4_T_le_v4SPD16_eabi.lib : boot_cortex_m.c.obj (.stack)
                  20000004    000001fc     --HOLE--

MODULE SUMMARY

       Module                         code   ro data   rw data
       ------                         ----   -------   -------
    .\
       tm4c123gh6pm_startup_ccs.obj   12     620       0      
       main_t1.obj                    176    0         1      
    +--+------------------------------+------+---------+---------+
       Total:                         188    620       1      
                                                              
    C:/ti/tivaware_c_series_2_1_4_178/driverlib/ccs/Debug/driverlib.lib
       sysctl.obj                     574    108       0      
       gpio.obj                       378    0         0      
    +--+------------------------------+------+---------+---------+
       Total:                         952    108       0      
                                                              
    C:\ti\ccsv8\tools\compiler\ti-cgt-arm_18.1.3.LTS\lib\rtsv7M4_T_le_v4SPD16_eabi.lib
       fd_div_t2.asm.obj              310    0         0      
       memcpy_t2.asm.obj              156    0         0      
       copy_decompress_lzss.c.obj     104    0         0      
       autoinit.c.obj                 68     0         0      
       fd_tou_t2.asm.obj              68     0         0      
       boot_cortex_m.c.obj            56     0         0      
       u_tofd_t2.asm.obj              32     0         0      
       copy_decompress_none.c.obj     14     0         0      
       exit.c.obj                     4      0         0      
       pre_init.c.obj                 4      0         0      
    +--+------------------------------+------+---------+---------+
       Total:                         816    0         0      
                                                              
       Stack:                         0      0         512    
       Linker Generated:              0      21        0      
    +--+------------------------------+------+---------+---------+
       Grand Total:                   1956   749       513    


LINKER GENERATED COPY TABLES

__TI_cinit_table @ 00000a90 records: 1, size/record: 8, table size: 8
	.data: load addr=00000a88, load size=00000005 bytes, run addr=20000200, run size=00000001 bytes, compression=lzss


LINKER GENERATED HANDLER TABLE

__TI_handler_table @ 00000a80 records: 2, size/record: 4, table size: 8
	index: 0, handler: __TI_decompress_lzss
	index: 1, handler: __TI_decompress_none


GLOBAL SYMBOLS: SORTED ALPHABETICALLY BY Name 

address   name                          
-------   ----                          
00000a0d  C$$EXIT                       
00000981  GPIODirModeSet                
000003a3  GPIOPadConfigSet              
000009cb  GPIOPinTypeGPIOOutput         
000009fd  GPIOPinWrite                  
000009f1  ResetISR                      
000004d5  SysCtlClockGet                
000005e5  SysCtlClockSet                
00000a03  SysCtlDelay                   
0000094d  SysCtlPeripheralEnable        
20000200  __STACK_END                   
00000200  __STACK_SIZE                  
20000200  __STACK_TOP                   
00000a90  __TI_CINIT_Base               
00000a98  __TI_CINIT_Limit              
00000a80  __TI_Handler_Table_Base       
00000a88  __TI_Handler_Table_Limit      
0000088d  __TI_auto_init_nobinit_nopinit
00000825  __TI_decompress_lzss          
000009e3  __TI_decompress_none          
ffffffff  __TI_pprof_out_hndl           
ffffffff  __TI_prof_data_size           
ffffffff  __TI_prof_data_start          
00000000  __TI_static_base__            
000008d1  __aeabi_d2uiz                 
0000026d  __aeabi_ddiv                  
00000789  __aeabi_memcpy                
00000789  __aeabi_memcpy4               
00000789  __aeabi_memcpy8               
000009ab  __aeabi_ui2d                  
ffffffff  __binit__                     
ffffffff  __c_args__                    
UNDEFED   __mpu_init                    
20000000  __stack                       
00000915  _c_int00_noargs               
UNDEFED   _system_post_cinit            
00000a09  _system_pre_init              
00000a0d  abort                         
ffffffff  binit                         
00000000  g_pfnVectors                  
000006d9  main                          
00000789  memcpy                        
20000200  ui8PinData                    


GLOBAL SYMBOLS: SORTED BY Symbol Address 

address   name                          
-------   ----                          
00000000  __TI_static_base__            
00000000  g_pfnVectors                  
00000200  __STACK_SIZE                  
0000026d  __aeabi_ddiv                  
000003a3  GPIOPadConfigSet              
000004d5  SysCtlClockGet                
000005e5  SysCtlClockSet                
000006d9  main                          
00000789  __aeabi_memcpy                
00000789  __aeabi_memcpy4               
00000789  __aeabi_memcpy8               
00000789  memcpy                        
00000825  __TI_decompress_lzss          
0000088d  __TI_auto_init_nobinit_nopinit
000008d1  __aeabi_d2uiz                 
00000915  _c_int00_noargs               
0000094d  SysCtlPeripheralEnable        
00000981  GPIODirModeSet                
000009ab  __aeabi_ui2d                  
000009cb  GPIOPinTypeGPIOOutput         
000009e3  __TI_decompress_none          
000009f1  ResetISR                      
000009fd  GPIOPinWrite                  
00000a03  SysCtlDelay                   
00000a09  _system_pre_init              
00000a0d  C$$EXIT                       
00000a0d  abort                         
00000a80  __TI_Handler_Table_Base       
00000a88  __TI_Handler_Table_Limit      
00000a90  __TI_CINIT_Base               
00000a98  __TI_CINIT_Limit              
20000000  __stack                       
20000200  __STACK_END                   
20000200  __STACK_TOP                   
20000200  ui8PinData                    
ffffffff  __TI_pprof_out_hndl           
ffffffff  __TI_prof_data_size           
ffffffff  __TI_prof_data_start          
ffffffff  __binit__                     
ffffffff  __c_args__                    
ffffffff  binit                         
UNDEFED   __mpu_init                    
UNDEFED   _system_post_cinit            

[43 symbols]
