******************************************************************************
                  TI ARM Linker PC v18.1.3                     
******************************************************************************
>> Linked Mon Oct  1 11:06:44 2018

OUTPUT FILE NAME:   <lab3.out>
ENTRY POINT SYMBOL: "_c_int00_noargs"  address: 00000771


MEMORY CONFIGURATION

         name            origin    length      used     unused   attr    fill
----------------------  --------  ---------  --------  --------  ----  --------
  FLASH                 00000000   00040000  00000902  0003f6fe  R  X
  SRAM                  20000000   00008000  00000209  00007df7  RW X


SEGMENT ALLOCATION MAP

run origin  load origin   length   init length attrs members
----------  ----------- ---------- ----------- ----- -------
00000000    00000000    00000908   00000908    r-x
  00000000    00000000    0000026c   0000026c    r-- .intvecs
  0000026c    0000026c    000005f2   000005f2    r-x .text
  00000860    00000860    0000006c   0000006c    r-- .const
  000008d0    000008d0    00000038   00000038    r-- .cinit
20000000    20000000    00000209   00000000    rw-
  20000000    20000000    00000200   00000000    rw- .stack
  20000200    20000200    00000008   00000000    rw- .data
  20000208    20000208    00000001   00000000    rw- .bss


SECTION ALLOCATION MAP

 output                                  attributes/
section   page    origin      length       input sections
--------  ----  ----------  ----------   ----------------
.intvecs   0    00000000    0000026c     
                  00000000    0000026c     tm4c123gh6pm_startup_ccs.obj (.intvecs)

.text      0    0000026c    000005f2     
                  0000026c    00000132     driverlib.lib : gpio.obj (.text:GPIOPadConfigSet)
                  0000039e    00000002     --HOLE-- [fill = 0]
                  000003a0    00000110                   : sysctl.obj (.text:SysCtlClockGet)
                  000004b0    000000f4                   : sysctl.obj (.text:SysCtlClockSet)
                  000005a4    0000009c     rtsv7M4_T_le_v4SPD16_eabi.lib : memcpy_t2.asm.obj (.text)
                  00000640    00000084     main_t2.obj (.text)
                  000006c4    00000068     rtsv7M4_T_le_v4SPD16_eabi.lib : copy_decompress_lzss.c.obj (.text:decompress:lzss:__TI_decompress_lzss)
                  0000072c    00000044                                   : autoinit.c.obj (.text:__TI_auto_init_nobinit_nopinit:__TI_auto_init_nobinit_nopinit)
                  00000770    00000038                                   : boot_cortex_m.c.obj (.text:_c_int00_noargs:_c_int00_noargs)
                  000007a8    00000034     driverlib.lib : sysctl.obj (.text:SysCtlPeripheralEnable)
                  000007dc    0000002a                   : gpio.obj (.text:GPIODirModeSet)
                  00000806    00000018                   : gpio.obj (.text:GPIOPinTypeGPIOOutput)
                  0000081e    00000012     rtsv7M4_T_le_v4SPD16_eabi.lib : copy_zero_init.c.obj (.text:decompress:ZI:__TI_zero_init_nomemset:__TI_zero_init_nomemset)
                  00000830    0000000e                                   : copy_decompress_none.c.obj (.text:decompress:none:__TI_decompress_none)
                  0000083e    0000000c     tm4c123gh6pm_startup_ccs.obj (.text)
                  0000084a    00000006     driverlib.lib : gpio.obj (.text:GPIOPinWrite)
                  00000850    00000006                   : sysctl.obj (.text:SysCtlDelay)
                  00000856    00000004     rtsv7M4_T_le_v4SPD16_eabi.lib : pre_init.c.obj (.text:_system_pre_init)
                  0000085a    00000004                                   : exit.c.obj (.text:abort:abort)

.const     0    00000860    0000006c     
                  00000860    0000006c     driverlib.lib : sysctl.obj (.const:g_pui32Xtals)

.cinit     0    000008d0    00000038     
                  000008d0    0000000d     (.cinit..data.load) [load image, compression = lzss]
                  000008dd    00000003     --HOLE-- [fill = 0]
                  000008e0    0000000c     (__TI_handler_table)
                  000008ec    00000004     --HOLE-- [fill = 0]
                  000008f0    00000008     (.cinit..bss.load) [load image, compression = zero_init]
                  000008f8    00000010     (__TI_cinit_table)

.init_array 
*          0    00000000    00000000     UNINITIALIZED

.data      0    20000200    00000008     UNINITIALIZED
                  20000200    00000007     main_t2.obj (.data:array)
                  20000207    00000001     main_t2.obj (.data)

.bss       0    20000208    00000001     UNINITIALIZED
                  20000208    00000001     (.common:ui8PinData)

.stack     0    20000000    00000200     UNINITIALIZED
                  20000000    00000004     rtsv7M4_T_le_v4SPD16_eabi.lib : boot_cortex_m.c.obj (.stack)
                  20000004    000001fc     --HOLE--

MODULE SUMMARY

       Module                         code   ro data   rw data
       ------                         ----   -------   -------
    .\
       tm4c123gh6pm_startup_ccs.obj   12     620       0      
       main_t2.obj                    132    0         9      
    +--+------------------------------+------+---------+---------+
       Total:                         144    620       9      
                                                              
    C:/ti/tivaware_c_series_2_1_4_178/driverlib/ccs/Debug/driverlib.lib
       sysctl.obj                     574    108       0      
       gpio.obj                       378    0         0      
    +--+------------------------------+------+---------+---------+
       Total:                         952    108       0      
                                                              
    C:\ti\ccsv8\tools\compiler\ti-cgt-arm_18.1.3.LTS\lib\rtsv7M4_T_le_v4SPD16_eabi.lib
       memcpy_t2.asm.obj              156    0         0      
       copy_decompress_lzss.c.obj     104    0         0      
       autoinit.c.obj                 68     0         0      
       boot_cortex_m.c.obj            56     0         0      
       copy_zero_init.c.obj           18     0         0      
       copy_decompress_none.c.obj     14     0         0      
       exit.c.obj                     4      0         0      
       pre_init.c.obj                 4      0         0      
    +--+------------------------------+------+---------+---------+
       Total:                         424    0         0      
                                                              
       Stack:                         0      0         512    
       Linker Generated:              0      49        0      
    +--+------------------------------+------+---------+---------+
       Grand Total:                   1520   777       521    


LINKER GENERATED COPY TABLES

__TI_cinit_table @ 000008f8 records: 2, size/record: 8, table size: 16
	.data: load addr=000008d0, load size=0000000d bytes, run addr=20000200, run size=00000008 bytes, compression=lzss
	.bss: load addr=000008f0, load size=00000008 bytes, run addr=20000208, run size=00000001 bytes, compression=zero_init


LINKER GENERATED HANDLER TABLE

__TI_handler_table @ 000008e0 records: 3, size/record: 4, table size: 12
	index: 0, handler: __TI_decompress_lzss
	index: 1, handler: __TI_decompress_none
	index: 2, handler: __TI_zero_init


GLOBAL SYMBOLS: SORTED ALPHABETICALLY BY Name 

address   name                          
-------   ----                          
0000085b  C$$EXIT                       
000007dd  GPIODirModeSet                
0000026d  GPIOPadConfigSet              
00000807  GPIOPinTypeGPIOOutput         
0000084b  GPIOPinWrite                  
0000083f  ResetISR                      
000003a1  SysCtlClockGet                
000004b1  SysCtlClockSet                
00000851  SysCtlDelay                   
000007a9  SysCtlPeripheralEnable        
20000200  __STACK_END                   
00000200  __STACK_SIZE                  
20000200  __STACK_TOP                   
000008f8  __TI_CINIT_Base               
00000908  __TI_CINIT_Limit              
000008e0  __TI_Handler_Table_Base       
000008ec  __TI_Handler_Table_Limit      
0000072d  __TI_auto_init_nobinit_nopinit
000006c5  __TI_decompress_lzss          
00000831  __TI_decompress_none          
ffffffff  __TI_pprof_out_hndl           
ffffffff  __TI_prof_data_size           
ffffffff  __TI_prof_data_start          
00000000  __TI_static_base__            
0000081f  __TI_zero_init_nomemset       
000005a5  __aeabi_memcpy                
000005a5  __aeabi_memcpy4               
000005a5  __aeabi_memcpy8               
ffffffff  __binit__                     
ffffffff  __c_args__                    
UNDEFED   __mpu_init                    
20000000  __stack                       
00000771  _c_int00_noargs               
UNDEFED   _system_post_cinit            
00000857  _system_pre_init              
0000085b  abort                         
20000200  array                         
ffffffff  binit                         
00000000  g_pfnVectors                  
20000207  i                             
00000641  main                          
000005a5  memcpy                        
20000208  ui8PinData                    


GLOBAL SYMBOLS: SORTED BY Symbol Address 

address   name                          
-------   ----                          
00000000  __TI_static_base__            
00000000  g_pfnVectors                  
00000200  __STACK_SIZE                  
0000026d  GPIOPadConfigSet              
000003a1  SysCtlClockGet                
000004b1  SysCtlClockSet                
000005a5  __aeabi_memcpy                
000005a5  __aeabi_memcpy4               
000005a5  __aeabi_memcpy8               
000005a5  memcpy                        
00000641  main                          
000006c5  __TI_decompress_lzss          
0000072d  __TI_auto_init_nobinit_nopinit
00000771  _c_int00_noargs               
000007a9  SysCtlPeripheralEnable        
000007dd  GPIODirModeSet                
00000807  GPIOPinTypeGPIOOutput         
0000081f  __TI_zero_init_nomemset       
00000831  __TI_decompress_none          
0000083f  ResetISR                      
0000084b  GPIOPinWrite                  
00000851  SysCtlDelay                   
00000857  _system_pre_init              
0000085b  C$$EXIT                       
0000085b  abort                         
000008e0  __TI_Handler_Table_Base       
000008ec  __TI_Handler_Table_Limit      
000008f8  __TI_CINIT_Base               
00000908  __TI_CINIT_Limit              
20000000  __stack                       
20000200  __STACK_END                   
20000200  __STACK_TOP                   
20000200  array                         
20000207  i                             
20000208  ui8PinData                    
ffffffff  __TI_pprof_out_hndl           
ffffffff  __TI_prof_data_size           
ffffffff  __TI_prof_data_start          
ffffffff  __binit__                     
ffffffff  __c_args__                    
ffffffff  binit                         
UNDEFED   __mpu_init                    
UNDEFED   _system_post_cinit            

[43 symbols]
