******************************************************************************
                  TI ARM Linker PC v18.1.3                     
******************************************************************************
>> Linked Tue Oct 16 22:33:00 2018

OUTPUT FILE NAME:   <lab8.out>
ENTRY POINT SYMBOL: "_c_int00_noargs"  address: 00000f55


MEMORY CONFIGURATION

         name            origin    length      used     unused   attr    fill
----------------------  --------  ---------  --------  --------  ----  --------
  FLASH                 00000000   00040000  000011d2  0003ee2e  R  X
  SRAM                  20000000   00008000  00000205  00007dfb  RW X


SEGMENT ALLOCATION MAP

run origin  load origin   length   init length attrs members
----------  ----------- ---------- ----------- ----- -------
00000000    00000000    000011d8   000011d8    r-x
  00000000    00000000    0000026c   0000026c    r-- .intvecs
  0000026c    0000026c    00000e22   00000e22    r-x .text
  00001090    00001090    0000012c   0000012c    r-- .const
  000011c0    000011c0    00000018   00000018    r-- .cinit
20000000    20000000    00000205   00000000    rw-
  20000000    20000000    00000200   00000000    rw- .stack
  20000200    20000200    00000005   00000000    rw- .data


SECTION ALLOCATION MAP

 output                                  attributes/
section   page    origin      length       input sections
--------  ----  ----------  ----------   ----------------
.intvecs   0    00000000    0000026c     
                  00000000    0000026c     tm4c123gh6pm_startup_ccs.obj (.intvecs)

.text      0    0000026c    00000e22     
                  0000026c    00000588     uartstdio.obj (.text)
                  000007f4    0000021c     spi_master.obj (.text)
                  00000a10    00000132     driverlib.lib : gpio.obj (.text:GPIOPadConfigSet)
                  00000b42    00000002     rtsv7M4_T_le_v4SPD16_eabi.lib : div0.asm.obj (.text)
                  00000b44    00000110     driverlib.lib : sysctl.obj (.text:SysCtlClockGet)
                  00000c54    000000f4                   : sysctl.obj (.text:SysCtlClockSet)
                  00000d48    0000009c     rtsv7M4_T_le_v4SPD16_eabi.lib : memcpy_t2.asm.obj (.text)
                  00000de4    00000068                                   : copy_decompress_lzss.c.obj (.text:decompress:lzss:__TI_decompress_lzss)
                  00000e4c    00000048     driverlib.lib : gpio.obj (.text:GPIOPinConfigure)
                  00000e94    00000044     rtsv7M4_T_le_v4SPD16_eabi.lib : autoinit.c.obj (.text:__TI_auto_init_nobinit_nopinit:__TI_auto_init_nobinit_nopinit)
                  00000ed8    00000040                                   : u_divt2.asm.obj (.text)
                  00000f18    0000003c     driverlib.lib : ssi.obj (.text:SSIConfigSetExpClk)
                  00000f54    00000038     rtsv7M4_T_le_v4SPD16_eabi.lib : boot_cortex_m.c.obj (.text:_c_int00_noargs:_c_int00_noargs)
                  00000f8c    00000034     driverlib.lib : sysctl.obj (.text:SysCtlPeripheralEnable)
                  00000fc0    0000002a                   : gpio.obj (.text:GPIODirModeSet)
                  00000fea    00000018                   : gpio.obj (.text:GPIOPinTypeGPIOOutput)
                  00001002    00000012                   : gpio.obj (.text:GPIOPinTypeSSI)
                  00001014    00000012                   : gpio.obj (.text:GPIOPinTypeUART)
                  00001026    00000012                   : ssi.obj (.text:SSIDataGetNonBlocking)
                  00001038    0000000e     rtsv7M4_T_le_v4SPD16_eabi.lib : copy_decompress_none.c.obj (.text:decompress:none:__TI_decompress_none)
                  00001046    0000000c     driverlib.lib : ssi.obj (.text:SSIDataGet)
                  00001052    0000000c     tm4c123gh6pm_startup_ccs.obj (.text)
                  0000105e    0000000a     driverlib.lib : ssi.obj (.text:SSIDataPut)
                  00001068    0000000a                   : ssi.obj (.text:SSIEnable)
                  00001072    00000008                   : ssi.obj (.text:SSIBusy)
                  0000107a    00000006                   : sysctl.obj (.text:SysCtlDelay)
                  00001080    00000006                   : uart.obj (.text:UARTClockSourceSet)
                  00001086    00000004     rtsv7M4_T_le_v4SPD16_eabi.lib : pre_init.c.obj (.text:_system_pre_init)
                  0000108a    00000004                                   : exit.c.obj (.text:abort:abort)

.const     0    00001090    0000012c     
                  00001090    00000090     driverlib.lib : gpio.obj (.const:g_pui32GPIOBaseAddrs)
                  00001120    0000006c                   : sysctl.obj (.const:g_pui32Xtals)
                  0000118c    00000012     uartstdio.obj (.const:.string)
                  0000119e    00000002     --HOLE-- [fill = 0]
                  000011a0    0000000c     uartstdio.obj (.const:g_ui32UARTBase)
                  000011ac    0000000c     uartstdio.obj (.const:g_ui32UARTPeriph)
                  000011b8    00000004     uartstdio.obj (.const)

.cinit     0    000011c0    00000018     
                  000011c0    00000008     (__TI_handler_table)
                  000011c8    00000007     (.cinit..data.load) [load image, compression = lzss]
                  000011cf    00000001     --HOLE-- [fill = 0]
                  000011d0    00000008     (__TI_cinit_table)

.init_array 
*          0    00000000    00000000     UNINITIALIZED

.data      0    20000200    00000005     UNINITIALIZED
                  20000200    00000005     uartstdio.obj (.data)

.stack     0    20000000    00000200     UNINITIALIZED
                  20000000    00000004     rtsv7M4_T_le_v4SPD16_eabi.lib : boot_cortex_m.c.obj (.stack)
                  20000004    000001fc     --HOLE--

MODULE SUMMARY

       Module                         code   ro data   rw data
       ------                         ----   -------   -------
    .\
       uartstdio.obj                  1416   46        5      
       tm4c123gh6pm_startup_ccs.obj   12     620       0      
       spi_master.obj                 540    0         0      
    +--+------------------------------+------+---------+---------+
       Total:                         1968   666       5      
                                                              
    C:/ti/tivaware_c_series_2_1_4_178/driverlib/ccs/Debug/driverlib.lib
       sysctl.obj                     574    108       0      
       gpio.obj                       480    144       0      
       ssi.obj                        118    0         0      
       uart.obj                       6      0         0      
    +--+------------------------------+------+---------+---------+
       Total:                         1178   252       0      
                                                              
    C:\ti\ccsv8\tools\compiler\ti-cgt-arm_18.1.3.LTS\lib\rtsv7M4_T_le_v4SPD16_eabi.lib
       memcpy_t2.asm.obj              156    0         0      
       copy_decompress_lzss.c.obj     104    0         0      
       autoinit.c.obj                 68     0         0      
       u_divt2.asm.obj                64     0         0      
       boot_cortex_m.c.obj            56     0         0      
       copy_decompress_none.c.obj     14     0         0      
       exit.c.obj                     4      0         0      
       pre_init.c.obj                 4      0         0      
       div0.asm.obj                   2      0         0      
    +--+------------------------------+------+---------+---------+
       Total:                         472    0         0      
                                                              
       Stack:                         0      0         512    
       Linker Generated:              0      23        0      
    +--+------------------------------+------+---------+---------+
       Grand Total:                   3618   941       517    


LINKER GENERATED COPY TABLES

__TI_cinit_table @ 000011d0 records: 1, size/record: 8, table size: 8
	.data: load addr=000011c8, load size=00000007 bytes, run addr=20000200, run size=00000005 bytes, compression=lzss


LINKER GENERATED HANDLER TABLE

__TI_handler_table @ 000011c0 records: 2, size/record: 4, table size: 8
	index: 0, handler: __TI_decompress_lzss
	index: 1, handler: __TI_decompress_none


GLOBAL SYMBOLS: SORTED ALPHABETICALLY BY Name 

address   name                          
-------   ----                          
0000108b  C$$EXIT                       
00000fc1  GPIODirModeSet                
00000a11  GPIOPadConfigSet              
00000e4d  GPIOPinConfigure              
00000feb  GPIOPinTypeGPIOOutput         
00001003  GPIOPinTypeSSI                
00001015  GPIOPinTypeUART               
000007f5  InitConsole                   
00001053  ResetISR                      
00001073  SSIBusy                       
00000f19  SSIConfigSetExpClk            
00001047  SSIDataGet                    
00001027  SSIDataGetNonBlocking         
0000105f  SSIDataPut                    
00001069  SSIEnable                     
00000b45  SysCtlClockGet                
00000c55  SysCtlClockSet                
0000107b  SysCtlDelay                   
00000f8d  SysCtlPeripheralEnable        
00001081  UARTClockSourceSet            
0000026d  UARTStdioConfig               
00000449  UARTgetc                      
00000357  UARTgets                      
000007bf  UARTprintf                    
0000047d  UARTvprintf                   
000002e7  UARTwrite                     
20000200  __STACK_END                   
00000200  __STACK_SIZE                  
20000200  __STACK_TOP                   
000011d0  __TI_CINIT_Base               
000011d8  __TI_CINIT_Limit              
000011c0  __TI_Handler_Table_Base       
000011c8  __TI_Handler_Table_Limit      
00000e95  __TI_auto_init_nobinit_nopinit
00000de5  __TI_decompress_lzss          
00001039  __TI_decompress_none          
ffffffff  __TI_pprof_out_hndl           
ffffffff  __TI_prof_data_size           
ffffffff  __TI_prof_data_start          
00000000  __TI_static_base__            
00000b43  __aeabi_idiv0                 
00000b43  __aeabi_ldiv0                 
00000d49  __aeabi_memcpy                
00000d49  __aeabi_memcpy4               
00000d49  __aeabi_memcpy8               
00000ed9  __aeabi_uidiv                 
00000ed9  __aeabi_uidivmod              
ffffffff  __binit__                     
ffffffff  __c_args__                    
UNDEFED   __error__                     
UNDEFED   __mpu_init                    
20000000  __stack                       
00000f55  _c_int00_noargs               
UNDEFED   _system_post_cinit            
00001087  _system_pre_init              
0000108b  abort                         
ffffffff  binit                         
00000000  g_pfnVectors                  
000008c1  main                          
00000d49  memcpy                        


GLOBAL SYMBOLS: SORTED BY Symbol Address 

address   name                          
-------   ----                          
00000000  __TI_static_base__            
00000000  g_pfnVectors                  
00000200  __STACK_SIZE                  
0000026d  UARTStdioConfig               
000002e7  UARTwrite                     
00000357  UARTgets                      
00000449  UARTgetc                      
0000047d  UARTvprintf                   
000007bf  UARTprintf                    
000007f5  InitConsole                   
000008c1  main                          
00000a11  GPIOPadConfigSet              
00000b43  __aeabi_idiv0                 
00000b43  __aeabi_ldiv0                 
00000b45  SysCtlClockGet                
00000c55  SysCtlClockSet                
00000d49  __aeabi_memcpy                
00000d49  __aeabi_memcpy4               
00000d49  __aeabi_memcpy8               
00000d49  memcpy                        
00000de5  __TI_decompress_lzss          
00000e4d  GPIOPinConfigure              
00000e95  __TI_auto_init_nobinit_nopinit
00000ed9  __aeabi_uidiv                 
00000ed9  __aeabi_uidivmod              
00000f19  SSIConfigSetExpClk            
00000f55  _c_int00_noargs               
00000f8d  SysCtlPeripheralEnable        
00000fc1  GPIODirModeSet                
00000feb  GPIOPinTypeGPIOOutput         
00001003  GPIOPinTypeSSI                
00001015  GPIOPinTypeUART               
00001027  SSIDataGetNonBlocking         
00001039  __TI_decompress_none          
00001047  SSIDataGet                    
00001053  ResetISR                      
0000105f  SSIDataPut                    
00001069  SSIEnable                     
00001073  SSIBusy                       
0000107b  SysCtlDelay                   
00001081  UARTClockSourceSet            
00001087  _system_pre_init              
0000108b  C$$EXIT                       
0000108b  abort                         
000011c0  __TI_Handler_Table_Base       
000011c8  __TI_Handler_Table_Limit      
000011d0  __TI_CINIT_Base               
000011d8  __TI_CINIT_Limit              
20000000  __stack                       
20000200  __STACK_END                   
20000200  __STACK_TOP                   
ffffffff  __TI_pprof_out_hndl           
ffffffff  __TI_prof_data_size           
ffffffff  __TI_prof_data_start          
ffffffff  __binit__                     
ffffffff  __c_args__                    
ffffffff  binit                         
UNDEFED   __error__                     
UNDEFED   __mpu_init                    
UNDEFED   _system_post_cinit            

[60 symbols]
