******************************************************************************
                  TI ARM Linker PC v18.1.3                     
******************************************************************************
>> Linked Thu Dec 13 17:43:25 2018

OUTPUT FILE NAME:   <sensor_cc1350lp.out>
ENTRY POINT SYMBOL: "ResetISR"  address: 00015605


MEMORY CONFIGURATION

         name            origin    length      used     unused   attr    fill
----------------------  --------  ---------  --------  --------  ----  --------
  FLASH                 00000000   0001e000  0001a040  00003fc0  R  X
  FLASH_NV              0001e000   00001000  00001000  00000000  RW X
  FLASH_LAST            0001f000   00001000  00000b38  000004c8  R  X
  SRAM                  20000000   00005000  0000349c  00001b64  RW X


SEGMENT ALLOCATION MAP

run origin  load origin   length   init length attrs members
----------  ----------- ---------- ----------- ----- -------
00000000    00000000    00000d14   00000d14    r--
  00000000    00000000    0000003c   0000003c    r-- .resetVecs
  0000003c    0000003c    00000cd8   00000cd8    r-- .const
00001000    00001000    00019338   00019338    r-x
  00001000    00001000    0000003c   0000003c    r-- .const:ti_sysbios_knl_Task_Object__PARAMS__C
  0000103c    0000103c    00000034   00000034    r-- .const:ti_sysbios_knl_Mailbox_Object__PARAMS__C
  00001070    00001070    00000030   00000030    r-- .const:ti_sysbios_family_arm_m3_Hwi_Object__PARAMS__C
  000010a0    000010a0    0000002c   0000002c    r-- .const:ti_sysbios_hal_Hwi_Object__PARAMS__C
  000010cc    000010cc    00000028   00000028    r-- .const:ti_sysbios_heaps_HeapMem_Module__FXNS__C
  000010f4    000010f4    00000028   00000028    r-- .const:ti_sysbios_knl_Swi_Object__PARAMS__C
  0000111c    0000111c    00000024   00000024    r-- .const:ti_sysbios_gates_GateHwi_Module__FXNS__C
  00001140    00001140    00000024   00000024    r-- .const:ti_sysbios_gates_GateMutex_Module__FXNS__C
  00001164    00001164    00000024   00000024    r-- .const:ti_sysbios_heaps_HeapMem_Object__PARAMS__C
  00001188    00001188    00000024   00000024    r-- .const:ti_sysbios_knl_Clock_Object__PARAMS__C
  000011ac    000011ac    00000024   00000024    r-- .const:ti_sysbios_knl_Semaphore_Object__PARAMS__C
  000011d0    000011d0    00000020   00000020    r-- .const:ti_sysbios_family_arm_m3_Hwi_Object__DESC__C
  000011f0    000011f0    00000020   00000020    r-- .const:ti_sysbios_gates_GateHwi_Object__DESC__C
  00001210    00001210    00000020   00000020    r-- .const:ti_sysbios_gates_GateMutex_Object__DESC__C
  00001230    00001230    00000020   00000020    r-- .const:ti_sysbios_hal_Hwi_Object__DESC__C
  00001250    00001250    00000020   00000020    r-- .const:ti_sysbios_heaps_HeapMem_Object__DESC__C
  00001270    00001270    00000020   00000020    r-- .const:ti_sysbios_knl_Clock_Object__DESC__C
  00001290    00001290    00000020   00000020    r-- .const:ti_sysbios_knl_Mailbox_Object__DESC__C
  000012b0    000012b0    00000020   00000020    r-- .const:ti_sysbios_knl_Queue_Object__DESC__C
  000012d0    000012d0    00000020   00000020    r-- .const:ti_sysbios_knl_Semaphore_Object__DESC__C
  000012f0    000012f0    00000020   00000020    r-- .const:ti_sysbios_knl_Swi_Object__DESC__C
  00001310    00001310    00000020   00000020    r-- .const:ti_sysbios_knl_Task_Object__DESC__C
  00001330    00001330    00000018   00000018    r-- .const:ti_sysbios_gates_GateHwi_Object__PARAMS__C
  00001348    00001348    00000018   00000018    r-- .const:ti_sysbios_gates_GateMutex_Object__PARAMS__C
  00001360    00001360    00000018   00000018    r-- .const:ti_sysbios_knl_Queue_Object__PARAMS__C
  00001378    00001378    00000008   00000008    r-- .const:ti_sysbios_knl_Idle_funcList__C
  00001384    00001384    00000004   00000004    r-- .const:ti_sysbios_family_arm_cc26xx_Timer_startupNeeded__C
  00001388    00001388    00000004   00000004    r-- .const:ti_sysbios_family_arm_m3_Hwi_E_alreadyDefined__C
  0000138c    0000138c    00000004   00000004    r-- .const:ti_sysbios_family_arm_m3_Hwi_E_hwiLimitExceeded__C
  00001390    00001390    00000004   00000004    r-- .const:ti_sysbios_family_arm_m3_Hwi_NUM_INTERRUPTS__C
  00001394    00001394    00000004   00000004    r-- .const:ti_sysbios_family_arm_m3_Hwi_Object__count__C
  00001398    00001398    00000004   00000004    r-- .const:ti_sysbios_family_arm_m3_Hwi_Object__table__C
  0000139c    0000139c    00000004   00000004    r-- .const:ti_sysbios_family_arm_m3_Hwi_ccr__C
  000013a0    000013a0    00000004   00000004    r-- .const:ti_sysbios_family_arm_m3_Hwi_excHandlerFunc__C
  000013a4    000013a4    00000004   00000004    r-- .const:ti_sysbios_family_arm_m3_Hwi_nullIsrFunc__C
  000013a8    000013a8    00000004   00000004    r-- .const:ti_sysbios_family_arm_m3_Hwi_numSparseInterrupts__C
  000013ac    000013ac    00000004   00000004    r-- .const:ti_sysbios_family_arm_m3_Hwi_priGroup__C
  000013b0    000013b0    00000004   00000004    r-- .const:ti_sysbios_family_arm_m3_TaskSupport_stackAlignment__C
  000013b4    000013b4    00000004   00000004    r-- .const:ti_sysbios_heaps_HeapMem_E_memory__C
  000013b8    000013b8    00000004   00000004    r-- .const:ti_sysbios_heaps_HeapMem_Module__gateObj__C
  000013bc    000013bc    00000004   00000004    r-- .const:ti_sysbios_heaps_HeapMem_Object__count__C
  000013c0    000013c0    00000004   00000004    r-- .const:ti_sysbios_heaps_HeapMem_Object__table__C
  000013c4    000013c4    00000004   00000004    r-- .const:ti_sysbios_heaps_HeapMem_reqAlign__C
  000013c8    000013c8    00000004   00000004    r-- .const:ti_sysbios_knl_Clock_serviceMargin__C
  000013cc    000013cc    00000004   00000004    r-- .const:ti_sysbios_knl_Mailbox_Object__count__C
  000013d0    000013d0    00000004   00000004    r-- .const:ti_sysbios_knl_Mailbox_Object__table__C
  000013d4    000013d4    00000004   00000004    r-- .const:ti_sysbios_knl_Mailbox_maxTypeAlign__C
  000013d8    000013d8    00000004   00000004    r-- .const:ti_sysbios_knl_Queue_Object__count__C
  000013dc    000013dc    00000004   00000004    r-- .const:ti_sysbios_knl_Queue_Object__table__C
  000013e0    000013e0    00000004   00000004    r-- .const:ti_sysbios_knl_Swi_Object__count__C
  000013e4    000013e4    00000004   00000004    r-- .const:ti_sysbios_knl_Swi_Object__table__C
  000013e8    000013e8    00000004   00000004    r-- .const:ti_sysbios_knl_Swi_numPriorities__C
  000013ec    000013ec    00000004   00000004    r-- .const:ti_sysbios_knl_Task_Object__count__C
  000013f0    000013f0    00000004   00000004    r-- .const:ti_sysbios_knl_Task_Object__table__C
  000013f4    000013f4    00000004   00000004    r-- .const:ti_sysbios_knl_Task_allBlockedFunc__C
  000013f8    000013f8    00000004   00000004    r-- .const:ti_sysbios_knl_Task_defaultStackHeap__C
  000013fc    000013fc    00000004   00000004    r-- .const:ti_sysbios_knl_Task_defaultStackSize__C
  00001400    00001400    00000004   00000004    r-- .const:ti_sysbios_knl_Task_numConstructedTasks__C
  00001406    00001406    00000002   00000002    r-- .const:ti_sysbios_family_arm_cc26xx_Timer_Module__id__C
  00001408    00001408    00000002   00000002    r-- .const:ti_sysbios_family_arm_cc26xx_TimestampProvider_useClockTimer__C
  0000140a    0000140a    00000002   00000002    r-- .const:ti_sysbios_family_arm_m3_Hwi_Module__id__C
  0000140c    0000140c    00000002   00000002    r-- .const:ti_sysbios_gates_GateHwi_Module__id__C
  0000140e    0000140e    00000002   00000002    r-- .const:ti_sysbios_gates_GateMutex_Module__id__C
  00001410    00001410    00000002   00000002    r-- .const:ti_sysbios_heaps_HeapMem_Module__id__C
  00001412    00001412    00000002   00000002    r-- .const:ti_sysbios_knl_Task_initStackFlag__C
  00001414    00001414    00000001   00000001    r-- .const:ti_sysbios_knl_Clock_tickMode__C
  00001418    00001418    00000008   00000008    r-- .const:xdc_runtime_Startup_firstFxns__C
  00001420    00001420    00000008   00000008    r-- .const:xdc_runtime_Startup_lastFxns__C
  00001428    00001428    00000004   00000004    r-- .const:xdc_runtime_Assert_E_assertFailed__C
  0000142c    0000142c    00000004   00000004    r-- .const:xdc_runtime_Error_E_memory__C
  00001430    00001430    00000004   00000004    r-- .const:xdc_runtime_Error_policyFxn__C
  00001434    00001434    00000004   00000004    r-- .const:xdc_runtime_IGateProvider_Interface__BASE__C
  00001438    00001438    00000004   00000004    r-- .const:xdc_runtime_IHeap_Interface__BASE__C
  0000143c    0000143c    00000004   00000004    r-- .const:xdc_runtime_IModule_Interface__BASE__C
  00001440    00001440    00000004   00000004    r-- .const:xdc_runtime_Main_Module__diagsEnabled__C
  00001444    00001444    00000004   00000004    r-- .const:xdc_runtime_Main_Module__diagsIncluded__C
  00001448    00001448    00000004   00000004    r-- .const:xdc_runtime_Main_Module__diagsMask__C
  0000144c    0000144c    00000004   00000004    r-- .const:xdc_runtime_Memory_defaultHeapInstance__C
  00001450    00001450    00000004   00000004    r-- .const:xdc_runtime_Startup_execImpl__C
  00001454    00001454    00000004   00000004    r-- .const:xdc_runtime_Startup_maxPasses__C
  00001458    00001458    00000004   00000004    r-- .const:xdc_runtime_Startup_sfxnRts__C
  0000145c    0000145c    00000004   00000004    r-- .const:xdc_runtime_Startup_sfxnTab__C
  00001460    00001460    00000004   00000004    r-- .const:xdc_runtime_Startup_startModsFxn__C
  00001464    00001464    00000004   00000004    r-- .const:xdc_runtime_SysCallback_abortFxn__C
  00001468    00001468    00000004   00000004    r-- .const:xdc_runtime_SysCallback_exitFxn__C
  0000146c    0000146c    00000004   00000004    r-- .const:xdc_runtime_System_abortFxn__C
  00001470    00001470    00000004   00000004    r-- .const:xdc_runtime_System_exitFxn__C
  00001474    00001474    00000004   00000004    r-- .const:xdc_runtime_System_maxAtexitHandlers__C
  00001478    00001478    00000004   00000004    r-- .const:xdc_runtime_Text_charTab__C
  0000147c    0000147c    00000004   00000004    r-- .const:xdc_runtime_Text_nameEmpty__C
  00001480    00001480    00000004   00000004    r-- .const:xdc_runtime_Text_nameStatic__C
  00001484    00001484    00000004   00000004    r-- .const:xdc_runtime_Text_nameUnknown__C
  00001488    00001488    00000002   00000002    r-- .const:xdc_runtime_Main_Module__id__C
  0000148a    0000148a    00000002   00000002    r-- .const:xdc_runtime_Memory_Module__id__C
  0000148c    0000148c    00000002   00000002    r-- .const:xdc_runtime_Text_charCnt__C
  0000148e    0000148e    00000002   00000002    r-- .const:xdc_runtime_Text_isLoaded__C
  00001490    00001490    00000001   00000001    r-- .const:xdc_runtime_Error_policy__C
  00001494    00001494    00000004   00000004    r-- .const:ti_sysbios_rom_ROM_AONRTCChannelEnable
  00001498    00001498    00000004   00000004    r-- .const:ti_sysbios_rom_ROM_AONRTCCompareValueSet
  0000149c    0000149c    00000004   00000004    r-- .const:ti_sysbios_rom_ROM_AONRTCCurrentCompareValueGet
  000014a0    000014a0    00000004   00000004    r-- .const:ti_sysbios_rom_ROM_AONRTCEventClear
  000014a4    000014a4    00000004   00000004    r-- .const:ti_sysbios_rom_ROM_ti_sysbios_family_arm_cc26xx_Timer_getCount64__E
  000014a8    000014a8    00000004   00000004    r-- .const:ti_sysbios_rom_ROM_ti_sysbios_family_arm_cc26xx_Timer_getCurrentTick__E
  000014ac    000014ac    00000004   00000004    r-- .const:ti_sysbios_rom_ROM_ti_sysbios_family_arm_cc26xx_Timer_getMaxTicks__E
  000014b0    000014b0    00000004   00000004    r-- .const:ti_sysbios_rom_ROM_ti_sysbios_family_arm_cc26xx_Timer_initDevice__I
  000014b4    000014b4    00000004   00000004    r-- .const:ti_sysbios_rom_ROM_ti_sysbios_family_arm_cc26xx_Timer_setNextTick__E
  000014b8    000014b8    00000004   00000004    r-- .const:ti_sysbios_rom_ROM_ti_sysbios_family_arm_cc26xx_Timer_setThreshold__I
  000014bc    000014bc    00000004   00000004    r-- .const:ti_sysbios_rom_ROM_ti_sysbios_family_arm_cc26xx_Timer_start__E
  000014c0    000014c0    00000004   00000004    r-- .const:ti_sysbios_rom_ROM_ti_sysbios_family_arm_cc26xx_TimestampProvider_get32__E
  000014c4    000014c4    00000004   00000004    r-- .const:ti_sysbios_rom_ROM_xdc_runtime_Startup_getState__I
  000014c8    000014c8    00000004   00000004    r-- .const:ti_sysbios_rom_ROM_xdc_runtime_System_SupportProxy_abort__E
  000014cc    000014cc    00000004   00000004    r-- .const:ti_sysbios_rom_ROM_xdc_runtime_System_SupportProxy_exit__E
  000014d0    000014d0    00000004   00000004    r-- .const:ti_sysbios_gates_GateMutex_Instance_State_sem__O
  000014d4    000014d4    00000004   00000004    r-- .const:ti_sysbios_knl_Clock_Module_State_clockQ__O
  000014d8    000014d8    00000004   00000004    r-- .const:ti_sysbios_knl_Mailbox_Instance_State_dataQue__O
  000014dc    000014dc    00000004   00000004    r-- .const:ti_sysbios_knl_Mailbox_Instance_State_dataSem__O
  000014e0    000014e0    00000004   00000004    r-- .const:ti_sysbios_knl_Mailbox_Instance_State_freeQue__O
  000014e4    000014e4    00000004   00000004    r-- .const:ti_sysbios_knl_Mailbox_Instance_State_freeSem__O
  000014e8    000014e8    00000004   00000004    r-- .const:ti_sysbios_knl_Semaphore_Instance_State_pendQ__O
  000014ec    000014ec    00000004   00000004    r-- .const:ti_sysbios_knl_Task_Module_State_inactiveQ__O
  000014f0    000014f0    00017d84   00017d84    r-x .text
  00019274    00019274    00000bd4   00000bd4    r-- config_const
  00019e48    00019e48    000004f0   000004f0    r-- .cinit
0001e000    0001e000    00001ae0   00001ae0    r-x
  0001e000    0001e000    00001000   00001000    r-- .TI.bound:NV_FLASH
  0001f000    0001f000    00000ae0   00000ae0    r-x flash_last_text
0001ffa8    0001ffa8    00000058   00000058    r--
  0001ffa8    0001ffa8    00000058   00000058    r-- .ccfg
20000100    20000100    00002ed8   00000000    rw-
  20000100    20000100    00000044   00000000    rw- .data:ti_sysbios_knl_Task_Module__state__V
  20000144    20000144    00000034   00000000    rw- .data:ti_sysbios_family_arm_m3_Hwi_Module__state__V
  20000178    20000178    0000002c   00000000    rw- .data:ti_sysbios_knl_Clock_Module__state__V
  200001a4    200001a4    00000024   00000000    rw- .data:ti_sysbios_BIOS_Module__state__V
  200001c8    200001c8    0000001c   00000000    rw- .data:ti_sysbios_knl_Swi_Module__state__V
  200001e4    200001e4    00000008   00000000    rw- .data:ti_sysbios_family_arm_cc26xx_Timer_Module__state__V
  200001ec    200001ec    00000004   00000000    rw- .data:ti_sysbios_family_arm_cc26xx_TimestampProvider_Module__state__V
  200001f0    200001f0    00000008   00000000    rw- .data:xdc_runtime_Startup_Module__state__V
  200001f8    200001f8    00000008   00000000    rw- .data:xdc_runtime_System_Module__state__V
  20000200    20000200    00000004   00000000    rw- .data:xdc_runtime_Memory_Module__state__V
  20000208    20000208    00001ca3   00000000    rw- .data
  20001eb0    20001eb0    00001128   00000000    rw- .bss
20004b00    20004b00    00000500   00000000    rw-
  20004b00    20004b00    00000500   00000000    rw- .stack


SECTION ALLOCATION MAP

 output                                  attributes/
section   page    origin      length       input sections
--------  ----  ----------  ----------   ----------------
.const     0    0000003c    00000cd8     
                  0000003c    0000045c     hmac_global.obj (.const:$O12$$)
                  00000498    000001c0     fh_global.obj (.const:$O9$$)
                  00000658    000000fa     fh_global.obj (.const:FH_stateMatrix)
                  00000752    00000002     jdllc.obj (.const:keyUsageList$36)
                  00000754    000000cc     icall.obj (.const:$O2$$)
                  00000820    00000088     jdllc.obj (.const:$O25$$)
                  000008a8    0000006e     hmac_global.obj (.const:macIdleSt)
                  00000916    0000006e     hmac_global.obj (.const:macScanningSt)
                  00000984    0000005c     CC13X0_LAUNCHXL.obj (.const:$O4$$)
                  000009e0    0000004c     drivers_cc13x0.aem3 : PowerCC26XX.oem3 (.const:resourceDB)
                  00000a2c    00000048     app_pem3.oem3 (.const:.string)
                  00000a74    00000044     drivers_cc13x0.aem3 : UARTCC26XX.oem3 (.const:$O1$$)
                  00000ab8    00000040                         : GPIOCC26XX.oem3 (.const:$O2$$)
                  00000af8    00000028                         : UARTCC26XX.oem3 (.const:UARTCC26XX_fxnTable)
                  00000b20    00000028     CC13X0_LAUNCHXL.obj (.const:uartCC26XXHWAttrs)
                  00000b48    00000024     drivers_cc13x0.aem3 : UART.oem3 (.const:UART_defaultParams)
                  00000b6c    00000024     app_pem3.oem3 (.const:xdc_runtime_Startup_sfxnTab__A)
                  00000b90    00000020     jdllc.obj (.const:keyDeviceList$36)
                  00000bb0    0000001c     rf_multiMode_cc13x0.aem3 : RFCC26XX_multiMode.oem3 (.const:RF_defaultParams)
                  00000bcc    00000018     drivers_cc13x0.aem3 : I2CCC26XX.oem3 (.const:I2CCC26XX_fxnTable)
                  00000be4    00000018     CC13X0_LAUNCHXL.obj (.const:PowerCC26XX_config)
                  00000bfc    00000018     CC13X0_LAUNCHXL.obj (.const:i2cCC26xxHWAttrs)
                  00000c14    00000018     driverlib.lib : rfc.obj (.const:rfc_defaultIrqAddr$108)
                  00000c2c    00000014     CC13X0_LAUNCHXL.obj (.const:GPIOCC26XX_config)
                  00000c40    00000013     macstack.obj (.const:.string:msacbackSizeTable)
                  00000c53    00000001     app_pem3.oem3 (.const:xdc_runtime_Text_charTab__A)
                  00000c54    00000012     app_pem3.oem3 (.const:xdc_runtime_Startup_sfxnRts__A)
                  00000c66    00000002     app_pem3.oem3 (.const:xdc_runtime_Text_registryModsLastId__C)
                  00000c68    00000010     I2C.obj (.const:I2C_defaultParams)
                  00000c78    00000010     CC13X0_LAUNCHXL.obj (.const:cryptoCC26XXHWAttrs)
                  00000c88    0000000c     CC13X0_LAUNCHXL.obj (.const:UART_config)
                  00000c94    0000000c     app_pem3.oem3 (.const:xdc_runtime_Startup_firstFxns__A)
                  00000ca0    0000000a     CC13X0_LAUNCHXL.obj (.const)
                  00000caa    00000002     app_pem3.oem3 (.const:xdc_runtime_Text_unnamedModsLastId__C)
                  00000cac    00000008     maclib_secure.a : mac_rx.obj (.const:$O35$$)
                  00000cb4    00000008     main.obj (.const:.string:dummyExtAddr$38)
                  00000cbc    00000008     CC13X0_LAUNCHXL.obj (.const:CryptoCC26XX_config)
                  00000cc4    00000008     CC13X0_LAUNCHXL.obj (.const:PINCC26XX_hwAttrs)
                  00000ccc    00000008     drivers_cc13x0.aem3 : I2CCC26XX.oem3 (.const:bitRate)
                  00000cd4    00000008     app_pem3.oem3 (.const:ti_sysbios_knl_Idle_funcList__A)
                  00000cdc    00000006     ssf.obj (.const:nvResetId$40)
                  00000ce2    00000002     --HOLE-- [fill = 0]
                  00000ce4    00000004     icall_cc2650.obj (.const:events$1$3)
                  00000ce8    00000004     osaltasks.obj (.const:tasksArr)
                  00000cec    00000004     app_pem3.oem3 (.const:ti_sysbios_family_arm_cc26xx_Timer_funcHookCH1__C)
                  00000cf0    00000004     app_pem3.oem3 (.const:ti_sysbios_family_arm_cc26xx_Timer_funcHookCH2__C)
                  00000cf4    00000004     app_pem3.oem3 (.const:ti_sysbios_family_arm_m3_Hwi_swiDisable__C)
                  00000cf8    00000004     app_pem3.oem3 (.const:ti_sysbios_family_arm_m3_Hwi_swiRestoreHwi__C)
                  00000cfc    00000004     app_pem3.oem3 (.const:ti_sysbios_knl_Clock_tickPeriod__C)
                  00000d00    00000004     app_pem3.oem3 (.const:ti_sysbios_knl_Clock_triggerClock__C)
                  00000d04    00000004     app_pem3.oem3 (.const:xdc_runtime_SysCallback_putchFxn__C)
                  00000d08    00000004     app_pem3.oem3 (.const:xdc_runtime_SysCallback_readyFxn__C)
                  00000d0c    00000004     app_pem3.oem3 (.const:xdc_runtime_System_extendFxn__C)
                  00000d10    00000004     app_pem3.oem3 (.const:xdc_runtime_Text_visitRopeFxn__C)

.text      0    000014f0    00017d84     
                  000014f0    00000994     maclib_secure.a : mac.obj (.text:macRxCbSubG$77)
                  00001e84    00000650                     : mac_rx.obj (.text:rxPayloadIsr$82)
                  000024d4    00000494     driverlib.lib : setup.obj (.text:TrimAfterColdResetWakeupFromShutDown$51)
                  00002968    00000494     icall_startup.obj (.text:startup_entry)
                  00002dfc    0000045c     maclib_secure.a : fh_ie.obj (.text:FHIE_parsePie)
                  00003258    00000440     main.obj (.text:taskFxn)
                  00003698    000003b4     sensor.obj (.text:processSensorMsgEvt$39)
                  00003a4c    00000394     sensor.obj (.text:Sensor_process)
                  00003de0    00000394     maclib_secure.a : macwrapper.obj (.text:macWrapperAddDevice)
                  00004174    0000038c                     : mac_mgmt.obj (.text:macBuildHeader)
                  00004500    00000388     rf_multiMode_cc13x0.aem3 : RFCC26XX_multiMode.oem3 (.text:RF_fsmActiveState)
                  00004888    00000388     maclib_secure.a : mac_radio.obj (.text:macRadioInitSubG)
                  00004c10    00000370                     : mac_mgmt.obj (.text:MAC_MlmeResetReq)
                  00004f80    00000366     api_mac.obj (.text:processIncomingICallMsg$34)
                  000052e6    00000002     maclib_secure.a : fh_data.obj (.text:FHDATA_startEDFETimer)
                  000052e8    0000030c     drivers_cc13x0.aem3 : PowerCC26XX_calibrateRCOSC.oem3 (.text:PowerCC26XX_auxISR)
                  000055f4    0000030c     rom_sysbios.aem3 : rom_sysbios.obj (.text:xdc_runtime_System_doPrint__I)
                  00005900    000002e0     maclib_secure.a : mac_radio_tx.obj (.text:macRadioTxGoSubG$81)
                  00005be0    000002d4                     : mac_pwr.obj (.text:macPwrVote)
                  00005eb4    000002c4                     : fh_api.obj (.text:FHAPI_getTxParams_old)
                  00006178    000002c0                     : fh_ie.obj (.text:FHIE_gen)
                  00006438    000002b8                     : fh_ie.obj (.text:FHIE_genPieContent)
                  000066f0    000002b8     osal.obj (.text:osal_start_system)
                  000069a8    00000280     maclib_secure.a : mac_data.obj (.text:MAC_McpsDataReq)
                  00006c28    0000027c     rf_multiMode_cc13x0.aem3 : RFCC26XX_multiMode.oem3 (.text:RF_scheduleCmd)
                  00006ea4    00000278     maclib_secure.a : fh_api.obj (.text:FHAPI_start)
                  0000711c    00000260                     : mac_security_pib.obj (.text:MAC_MlmeSetSecurityReq)
                  0000737c    00000254                     : fh_api.obj (.text:FHAPI_completeRxCb)
                  000075d0    00000254     sensor.obj (.text:dataIndCB$39)
                  00007824    0000023c     driverlib.lib : sys_ctrl.obj (.text:NOROM_SysCtrlSetRechargeBeforePowerDown)
                  00007a60    00000224     drivers_cc13x0.aem3 : PowerCC26XX.oem3 (.text:Power_sleep)
                  00007c84    00000222     maclib_secure.a : mac_security.obj (.text:macIncomingFrameSecurityMaterialRetrieval)
                  00007ea6    00000002                     : fh_util.obj (.text:FHUTIL_noAction)
                  00007ea8    00000214                     : mac_mgmt.obj (.text:macBuildCommonReq)
                  000080bc    00000208     drivers_cc13x0.aem3 : CryptoCC26XX.oem3 (.text:cryptoTransactionExecute)
                  000082c4    00000200     maclib_secure.a : mac_device.obj (.text:macApiAssociateReq)
                  000084c4    000001f0                     : fh_api.obj (.text:FHAPI_sendData)
                  000086b4    000001e4     rf_multiMode_cc13x0.aem3 : RFCC26XX_multiMode.oem3 (.text:RF_open)
                  00008898    000001d4     macstack.obj (.text:macStackEventLoop)
                  00008a6c    000001cc     maclib_secure.a : fh_ie.obj (.text:FHIE_extractPie)
                  00008c38    000001c8                     : mac_scan.obj (.text:macApiScanReq)
                  00008e00    000001c0                     : mac_security_pib.obj (.text:MAC_MlmeGetSecurityReq)
                  00008fc0    000001bc                     : mac_beacon_device.obj (.text:macRxBeaconCritical)
                  0000917c    000001b8     drivers_cc13x0.aem3 : PINCC26XX.oem3 (.text:PIN_init)
                  00009334    000001b0     maclib_secure.a : mac_data.obj (.text:macApiDataReq)
                  000094e4    000001ac                     : fh_ie.obj (.text:FHIE_parseCommonInformation)
                  00009690    0000019c                     : fh_pib.obj (.text:FHPIB_set)
                  0000982c    00000198                     : fh_nt.obj (.text:FHNT_getEntry)
                  000099c4    00000198                     : macwrapper.obj (.text:macWrapperAddKeyInitFCtr)
                  00009b5c    00000194                     : mac_tx.obj (.text:macTxFrame)
                  00009cf0    00000190     drivers_cc13x0.aem3 : PowerCC26XX_calibrateRCOSC.oem3 (.text:PowerCC26XX_doCalibrate)
                  00009e80    00000188     maclib_secure.a : mac_pib.obj (.text:MAC_MlmeSetReq)
                  0000a008    00000184                     : mac_ie_build.obj (.text:macBuildPayloadIes)
                  0000a18c    0000017c                     : mac_data.obj (.text:macTxCompleteCallback)
                  0000a308    00000178     driverlib.lib : crypto.obj (.text:NOROM_CRYPTOCcmInvAuthDecrypt)
                  0000a480    00000170                   : crypto.obj (.text:NOROM_CRYPTOCcmAuthEncrypt)
                  0000a5f0    00000164     maclib_secure.a : mac_mgmt.obj (.text:macTxCsmaDelay)
                  0000a754    0000015c                     : fh_api.obj (.text:FHAPI_completeTxCb)
                  0000a8b0    0000015c     drivers_cc13x0.aem3 : UARTCC26XX.oem3 (.text:UARTCC26XX_open)
                  0000aa0c    00000158     maclib_secure.a : mac_radio_tx.obj (.text:macRadioCsmaTxCbSubG$81)
                  0000ab64    00000154     drivers_cc13x0.aem3 : I2CCC26XX.oem3 (.text:I2CCC26XX_open)
                  0000acb8    00000148                         : UARTCC26XX.oem3 (.text:UARTCC26XX_hwiIntFxn)
                  0000ae00    00000148     maclib_secure.a : mac_mgmt.obj (.text:macApiDisassociateReq)
                  0000af48    00000144     rf_multiMode_cc13x0.aem3 : RFCC26XX_multiMode.oem3 (.text:RF_radioOpDoneCb)
                  0000b08c    00000140     nvocop.obj (.text:compactPage$31)
                  0000b1cc    00000138     rf_multiMode_cc13x0.aem3 : RFCC26XX_multiMode.oem3 (.text:RF_ratSetupChannel)
                  0000b304    00000134     drivers_cc13x0.aem3 : UARTCC26XX.oem3 (.text:UARTCC26XX_read)
                  0000b438    00000134     maclib_secure.a : mac_beacon_device.obj (.text:macAutoPoll)
                  0000b56c    00000130     sensor.obj (.text:Sensor_sendMsg)
                  0000b69c    00000130     maclib_secure.a : mac.obj (.text:macSendReceiveCmdSubG)
                  0000b7cc    00000128                     : fh_nt.obj (.text:FHNT_purgeTimerIsrCb)
                  0000b8f4    00000128     rf_multiMode_cc13x0.aem3 : RFCC26XX_multiMode.oem3 (.text:RF_abortCmd)
                  0000ba1c    00000128                              : RFCC26XX_multiMode.oem3 (.text:RF_fsmSetupState)
                  0000bb44    00000124     maclib_secure.a : mac_mgmt.obj (.text:macApiWSAsyncReq)
                  0000bc68    00000120                     : mac_data.obj (.text:macAllocTxBuffer)
                  0000bd88    00000120                     : mac_beacon_device.obj (.text:macApiSyncReq)
                  0000bea8    0000011c     jdllc.obj (.text:assocCnfCb$36)
                  0000bfc4    0000011c     sensor.obj (.text:dataCnfCB$39)
                  0000c0e0    00000114     drivers_cc13x0.aem3 : PowerCC26XX.oem3 (.text:Power_init)
                  0000c1f4    00000110                         : I2CCC26XX.oem3 (.text:I2CCC26XX_hwiFxn)
                  0000c304    00000110     rf_multiMode_cc13x0.aem3 : RFCC26XX_multiMode.oem3 (.text:RF_close)
                  0000c414    00000110     maclib_secure.a : mac.obj (.text:macSetupRATChanCompare)
                  0000c524    00000108     rf_multiMode_cc13x0.aem3 : RFCC26XX_multiMode.oem3 (.text:RF_dispatchNextCmd)
                  0000c62c    00000108                              : RFCC26XX_multiMode.oem3 (.text:RF_fsmChangePhyState)
                  0000c734    00000108     ssf.obj (.text:Ssf_networkUpdate)
                  0000c83c    00000104     drivers_cc13x0.aem3 : UARTCC26XX.oem3 (.text:UARTCC26XX_write)
                  0000c940    00000100     maclib_secure.a : fh_nt.obj (.text:FHNT_getRemoveEntryFromTemp)
                  0000ca40    00000100     drivers_cc13x0.aem3 : GPIOCC26XX.oem3 (.text:GPIO_setConfig)
                  0000cb40    00000100     maclib_secure.a : mac.obj (.text:macRatCb_B)
                  0000cc40    000000fa     rtsv7M3_T_le_eabi.lib : fs_add_t2.asm.obj (.text)
                  0000cd3a    000000f8     maclib_secure.a : fh_ie.obj (.text:FHIE_genCommonInformation)
                  0000ce32    000000f8     app_pem3.oem3 (.text:xdc_runtime_System_printfExtend__I)
                  0000cf2a    00000002     rf_multiMode_cc13x0.aem3 : RFCC26XX_multiMode.oem3 (.text:RF_defaultCallback)
                  0000cf2c    000000f4                              : RFCC26XX_multiMode.oem3 (.text:RF_getInfo)
                  0000d020    000000f4     maclib_secure.a : mac_radio_tx.obj (.text:macRadioTxPrepCsmaUnslottedSubG)
                  0000d114    000000f4                     : mac_mgmt.obj (.text:macSetDefaultsByPhyID)
                  0000d208    000000f0                     : fh_mgr.obj (.text:FHMGR_bcTimerIsrCb)
                  0000d2f8    000000f0     driverlib.lib : rfc.obj (.text:NOROM_RFCOverrideUpdate)
                  0000d3e8    000000f0                   : setup.obj (.text:NOROM_SetupTrimDevice)
                  0000d4d8    000000f0     rf_multiMode_cc13x0.aem3 : RFCC26XX_multiMode.oem3 (.text:RF_pendCmd)
                  0000d5c8    000000f0     maclib_secure.a : mac_radio_tx.obj (.text:macRadioTxPrepCsmaSlottedSubG)
                  0000d6b8    000000ec                     : mac_device.obj (.text:macDeviceReset)
                  0000d7a4    000000ec                     : mac_scan.obj (.text:macScanNextChan)
                  0000d890    000000e8                     : fh_ie.obj (.text:FHIE_parseHie)
                  0000d978    000000e4                     : fh_api.obj (.text:FHAPI_getTxParams)
                  0000da5c    000000e4                     : fh_nt.obj (.text:FHNT_addTempEUI)
                  0000db40    000000e4     dpl_cc13x0.aem3 : PowerCC26XX_tirtos.oem3 (.text:PowerCC26XX_standbyPolicy)
                  0000dc24    000000e4     maclib_secure.a : mac_radio_tx.obj (.text:macRadioTxAck$81)
                  0000dd08    000000e0     rf_multiMode_cc13x0.aem3 : RFCC26XX_multiMode.oem3 (.text:RF_fsmPowerUpState)
                  0000dde8    000000e0                              : RFCC26XX_multiMode.oem3 (.text:RF_requestAccess)
                  0000dec8    000000e0     maclib_secure.a : mac_beacon.obj (.text:macBeaconSetSched)
                  0000dfa8    000000e0                     : mac_coord.obj (.text:macIndirectSend)
                  0000e088    000000dc     drivers_cc13x0.aem3 : PINCC26XX.oem3 (.text:PINCC26XX_setIoCfg)
                  0000e164    000000d8     maclib_secure.a : mac_mgmt.obj (.text:macCommStatusInd)
                  0000e23c    000000d4     drivers_cc13x0.aem3 : CryptoCC26XX.oem3 (.text:CryptoCC26XX_open)
                  0000e310    000000d4     driverlib.lib : rfc.obj (.text:NOROM_RFCRfTrimRead)
                  0000e3e4    000000d4     maclib_secure.a : mac_radio_tx.obj (.text:macRadioLbtTxCb)
                  0000e4b8    000000d4                     : mac.obj (.text:macRatCb_A)
                  0000e58c    000000d0     macstack.obj (.text:MAC_CbackEvent)
                  0000e65c    000000d0     maclib_secure.a : mac_data.obj (.text:macDataTxSend)
                  0000e72c    000000d0                     : mac_scan.obj (.text:macScanRxBeacon)
                  0000e7fc    000000d0                     : mac_main.obj (.text:macSendDataMsg)
                  0000e8cc    000000cc     driverlib.lib : crypto.obj (.text:NOROM_CRYPTOAesCbc)
                  0000e998    000000cc     nvocop.obj (.text:NVOCOP_writeItem)
                  0000ea64    000000cc     rf_multiMode_cc13x0.aem3 : RFCC26XX_multiMode.oem3 (.text:RF_swiHw)
                  0000eb30    000000cc     maclib_secure.a : mac_security.obj (.text:macOutgoingFrameKeyDescRetrieval)
                  0000ebfc    000000c8                     : mac_ie_build.obj (.text:macBuildHeaderIes)
                  0000ecc4    000000c8                     : mac_security.obj (.text:macCcmStarTransform)
                  0000ed8c    000000c8                     : mac_data.obj (.text:macDataTxEnqueue)
                  0000ee54    000000c4                     : fh_data.obj (.text:FHDATA_procASYNCReq)
                  0000ef18    000000c4     jdllc.obj (.text:Jdllc_init)
                  0000efdc    000000c4     rf_multiMode_cc13x0.aem3 : RFCC26XX_multiMode.oem3 (.text:RF_hwiCpe0Active)
                  0000f0a0    000000c4     maclib_secure.a : mac.obj (.text:macSendFsCmd)
                  0000f164    000000c0     drivers_cc13x0.aem3 : I2CCC26XX.oem3 (.text:I2CCC26XX_transfer)
                  0000f224    000000be     maclib_secure.a : fh_ie.obj (.text:FHIE_getLen)
                  0000f2e2    00000002     rtsv7M3_T_le_eabi.lib : _lock.c.obj (.text:_nop)
                  0000f2e4    000000bc     maclib_secure.a : fh_nt.obj (.text:FHNT_AddDeviceCB)
                  0000f3a0    000000bc     drivers_cc13x0.aem3 : GPIOCC26XX.oem3 (.text:GPIO_init)
                  0000f45c    000000bc     maclib_secure.a : mac_scan.obj (.text:MAC_MlmeScanReq)
                  0000f518    000000bc     drivers_cc13x0.aem3 : PowerCC26XX.oem3 (.text:Power_releaseDependency)
                  0000f5d4    000000bc     maclib_secure.a : mac_tx.obj (.text:macTxFrameIsr)
                  0000f690    000000bc     jdllc.obj (.text:pollCnfCb$36)
                  0000f74c    000000b8     maclib_secure.a : fh_ie.obj (.text:FHIE_getPieContentLen)
                  0000f804    000000b8                     : mac_mgmt.obj (.text:macBuildBeaconNotifyInd)
                  0000f8bc    000000b8                     : mac_rx.obj (.text:rxPostRxUpdates$82)
                  0000f974    000000b4     drivers_cc13x0.aem3 : PowerCC26XX.oem3 (.text:Power_setDependency)
                  0000fa28    000000b4     rf_multiMode_cc13x0.aem3 : RFCC26XX_multiMode.oem3 (.text:RF_control)
                  0000fadc    000000b4     maclib_secure.a : mac_scan.obj (.text:macScanRxCoordRealign)
                  0000fb90    000000b0     jdllc.obj (.text:processCoordRealign$36)
                  0000fc40    000000ac     rf_multiMode_cc13x0.aem3 : RFCC26XX_multiMode.oem3 (.text:RF_schChkCmdInsert)
                  0000fcec    000000ac     maclib_secure.a : mac_tx.obj (.text:macTxChannelBusyCallback)
                  0000fd98    000000ac     api_mac.obj (.text:processBeaconNotifyInd$34)
                  0000fe44    000000aa     maclib_secure.a : fh_ie.obj (.text:FHIE_genExcludedChannelRanges)
                  0000feee    00000002     drivers_cc13x0.aem3 : PowerCC26XX.oem3 (.text:emptyClockFunc)
                  0000fef0    000000a6     rom_sysbios.aem3 : rom_sysbios.obj (.text:xdc_runtime_Text_putSite__E)
                  0000ff96    00000002     maclib_secure.a : mac_pwr.obj (.text:macApiPwrOnReq)
                  0000ff98    000000a4     driverlib.lib : crypto.obj (.text:NOROM_CRYPTOAesEcb)
                  0001003c    000000a4     drivers_cc13x0.aem3 : UARTCC26XX.oem3 (.text:UARTCC26XX_initHw)
                  000100e0    000000a4     sensor.obj (.text:jdllcJoinedCb$39)
                  00010184    000000a4     maclib_secure.a : mac_beacon_device.obj (.text:macBeaconSyncLoss)
                  00010228    000000a4     osal.obj (.text:osal_set_event)
                  000102cc    000000a4     drivers_cc13x0.aem3 : PowerCC26XX.oem3 (.text:switchXOSCHFclockFunc)
                  00010370    000000a0     maclib_secure.a : fh_ie.obj (.text:FHIE_getChannelPlan)
                  00010410    000000a0     rf_multiMode_cc13x0.aem3 : RFCC26XX_multiMode.oem3 (.text:RF_ratRestartChannels)
                  000104b0    000000a0     ssf.obj (.text:Ssf_findBlackListIndex)
                  00010550    000000a0     auto_init.aem3 : auto_init.oem3 (.text)
                  000105f0    000000a0     jdllc.obj (.text:beaconNotifyIndCb$36)
                  00010690    000000a0     nvocop.obj (.text:findItemOffset$31)
                  00010730    000000a0     maclib_secure.a : mac_tx.obj (.text:txCsmaPrep$86)
                  000107d0    000000a0     nvocop.obj (.text:writeItem$31)
                  00010870    0000009c     maclib_secure.a : fh_api.obj (.text:FHAPI_reset)
                  0001090c    0000009c     drivers_cc13x0.aem3 : UARTCC26XX.oem3 (.text:UARTCC26XX_writeCancel)
                  000109a8    0000009c     maclib_secure.a : mac_radio_tx.obj (.text:macRadioTxPrepLbt)
                  00010a44    0000009c     rtsv7M3_T_le_eabi.lib : memcpy_t2.asm.obj (.text)
                  00010ae0    00000098     maclib_secure.a : fh_data.obj (.text:FHDATA_getPktFromQueue)
                  00010b78    00000098                     : fh_mgr.obj (.text:FHMGR_updateRadioBCChannel)
                  00010c10    00000098     nvocop.obj (.text:NVOCOP_deleteItem)
                  00010ca8    00000098     drivers_cc13x0.aem3 : PINCC26XX.oem3 (.text:PIN_open)
                  00010d40    00000098     rf_multiMode_cc13x0.aem3 : RFCC26XX_multiMode.oem3 (.text:RF_calculateDispatchTime)
                  00010dd8    00000098     drivers_cc13x0.aem3 : UARTCC26XX.oem3 (.text:UARTCC26XX_initIO)
                  00010e70    00000098                         : UARTCC26XX.oem3 (.text:UARTCC26XX_swiIntFxn)
                  00010f08    00000098     maclib_secure.a : mac_mgmt.obj (.text:macRxBeacon)
                  00010fa0    00000098     rom_sysbios.aem3 : rom_sysbios.obj (.text:ti_sysbios_knl_Clock_workFuncDynamic__E)
                  00011038    00000098                      : rom_sysbios.obj (.text:xdc_runtime_Text_putMod__E)
                  000110d0    00000096     rtsv7M3_T_le_eabi.lib : ull_div_t2.asm.obj (.text)
                  00011166    00000002     maclib_secure.a : mac.obj (.text:macClientSwitchCb)
                  00011168    00000094                     : fh_nt.obj (.text:FHNT_getNTIndexFromTempIndex)
                  000111fc    00000094     driverlib.lib : crypto.obj (.text:NOROM_CRYPTOAesLoadKey)
                  00011290    00000094     board_led.obj (.text:board_led_blinkTimeoutCB$9)
                  00011324    00000094     maclib_secure.a : mac_main.obj (.text:macCbackForEvent)
                  000113b8    00000094                     : mac_hl_patch.obj (.text:macCcmDecrypt)
                  0001144c    00000094                     : mac_security.obj (.text:macCcmStarInverseTransform)
                  000114e0    00000090     drivers_cc13x0.aem3 : I2CCC26XX.oem3 (.text:I2CCC26XX_cancel)
                  00011570    00000090     rf_multiMode_cc13x0.aem3 : RFCC26XX_multiMode.oem3 (.text:RF_discardPendCmd)
                  00011600    00000090     jdllc.obj (.text:scanCnfCb$36)
                  00011690    00000090     rom_sysbios.aem3 : rom_sysbios.obj (.text:ti_sysbios_family_arm_cc26xx_Timer_start__E)
                  00011720    0000008c     drivers_cc13x0.aem3 : I2CCC26XX.oem3 (.text:I2CCC26XX_primeTransfer)
                  000117ac    0000008c     jdllc.obj (.text:Jdllc_securityInit)
                  00011838    0000008c     api_mac.obj (.text:copyDataInd$34)
                  000118c4    0000008c     maclib_secure.a : mac_hl_patch.obj (.text:macCcmEncrypt)
                  00011950    0000008c                     : mac_data.obj (.text:macDataTxComplete)
                  000119dc    0000008a     drivers_cc13x0.aem3 : CryptoCC26XX.oem3 (.text:CryptoCC26XX_allocateKey)
                  00011a66    0000008a     maclib_secure.a : fh_ie.obj (.text:FHIE_extractHie)
                  00011af0    00000088     driverlib.lib : osc.obj (.text:NOROM_OSCHF_GetStartupTime)
                  00011b78    00000088     maclib_secure.a : mac_mcu.obj (.text:macMcuBitReverse)
                  00011c00    00000088     osal.obj (.text:osal_msg_receive)
                  00011c88    00000084     rf_multiMode_cc13x0.aem3 : RFCC26XX_multiMode.oem3 (.text:RF_issueRadioFreeCb)
                  00011d0c    00000084     drivers_cc13x0.aem3 : UARTCC26XX.oem3 (.text:UARTCC26XX_close)
                  00011d90    00000084     maclib_secure.a : mac_device.obj (.text:macRxAssocRsp)
                  00011e14    00000080     rf_multiMode_cc13x0.aem3 : RFCC26XX_multiMode.oem3 (.text:RF_hwiHw)
                  00011e94    00000080     maclib_secure.a : mac_timer.obj (.text:macTimerCancel)
                  00011f14    00000080     mac_user_config.obj (.text:rf_patch_rfe_genfsk$37)
                  00011f94    00000080     maclib_secure.a : mac_tx.obj (.text:txComplete)
                  00012014    0000007c     board_led.obj (.text:Board_Led_control)
                  00012090    0000007c     driverlib.lib : crypto.obj (.text:NOROM_CRYPTOCcmInvAuthDecryptResultGet)
                  0001210c    0000007c     rf_multiMode_cc13x0.aem3 : RFCC26XX_multiMode.oem3 (.text:RF_ratFreeChannel)
                  00012188    0000007c     maclib_secure.a : mac_radio.obj (.text:macRadioUpdateChannelRx)
                  00012204    0000007c                     : mac_radio.obj (.text:macRadioUpdateTxPower)
                  00012280    0000007c                     : mac_scan.obj (.text:macScanStartTimer)
                  000122fc    0000007c                     : mac_beacon_device.obj (.text:macTrackPeriodCallback)
                  00012378    0000007c     jdllc.obj (.text:syncLossCb$36)
                  000123f4    0000007a     rtsv7M3_T_le_eabi.lib : fs_mul_t2.asm.obj (.text)
                  0001246e    0000007a                           : memset_t2.asm.obj (.text)
                  000124e8    00000078     maclib_secure.a : mac_beacon.obj (.text:macBeaconCheckTxTime)
                  00012560    00000078                     : mac_radio_tx.obj (.text:macRadioTxAckCb$81)
                  000125d8    00000078                     : mac_radio.obj (.text:macRadioUpdateChannel)
                  00012650    00000078                     : mac_beacon_device.obj (.text:macTrackTimeoutCallback)
                  000126c8    00000078     main.obj (.text:main)
                  00012740    00000078     osal_pwrmgr.obj (.text:osal_pwrmgr_task_state)
                  000127b8    00000078     jdllc.obj (.text:sendAssocReq$36)
                  00012830    00000078     drivers_cc13x0.aem3 : UARTCC26XX.oem3 (.text:writeTxFifoFlush)
                  000128a8    00000076     maclib_secure.a : mac_security.obj (.text:macKeyDescriptorLookup)
                  0001291e    00000002                     : mac_mcu.obj (.text:macMcuInit)
                  00012920    00000074                     : fh_util.obj (.text:FHUTIL_getCurBfio)
                  00012994    00000074     icall_cc2650.obj (.text:ICallPlatform_pwrUpdActivityCounter)
                  00012a08    00000074     rf_multiMode_cc13x0.aem3 : RFCC26XX_multiMode.oem3 (.text:RF_yield)
                  00012a7c    00000074     jdllc.obj (.text:dataCnfCb$36)
                  00012af0    00000074     maclib_secure.a : mac_mcu.obj (.text:macMcuOverflowSetCompare)
                  00012b64    00000074                     : mac_mcu.obj (.text:macMcuOverflowSetPeriod)
                  00012bd8    00000070                     : fh_api.obj (.text:FHAPI_startBS)
                  00012c48    00000070                     : fh_dh1cf.obj (.text:FHDH1CF_getBCChannelNum)
                  00012cb8    00000070                     : mac_tx.obj (.text:macTxAckReceivedCallback)
                  00012d28    00000070     nvocop.obj (.text:writeWord$31)
                  00012d98    0000006e     rtsv7M3_T_le_eabi.lib : ll_div_t2.asm.obj (.text)
                  00012e06    00000002     maclib_secure.a : mac_mgmt.obj (.text:macNoAction)
                  00012e08    0000006d     rom_sysbios.aem3 : rom_sysbios.obj (.text:xdc_runtime_System_formatNum__I)
                  00012e75    00000001     --HOLE-- [fill = 0]
                  00012e76    00000002     maclib_secure.a : mac_symbol_timer.obj (.text:macSymbolTimerICallPwrNotify$85)
                  00012e78    0000006c                     : fh_nt.obj (.text:FHNT_putEntry)
                  00012ee4    0000006c     drivers_cc13x0.aem3 : PowerCC26XX_calibrateRCOSC.oem3 (.text:PowerCC26XX_initiateCalibration)
                  00012f50    0000006c     rf_multiMode_cc13x0.aem3 : RFCC26XX_multiMode.oem3 (.text:RF_initRadioSetup)
                  00012fbc    0000006c                              : RFCC26XX_multiMode.oem3 (.text:RF_ratDisableChannel)
                  00013028    0000006c     nvocop.obj (.text:findItemInCache$31)
                  00013094    0000006c     maclib_secure.a : mac_mgmt.obj (.text:macDisassocComplete)
                  00013100    0000006c                     : mac_main.obj (.text:macExecute)
                  0001316c    0000006c                     : mac_main.obj (.text:macSendMsg)
                  000131d8    00000068                     : fh_data.obj (.text:FHDATA_purgePktFromQueue)
                  00013240    00000068     driverlib.lib : sys_ctrl.obj (.text:NOROM_SysCtrlAdjustRechargeAfterPowerDown)
                  000132a8    00000068                   : sys_ctrl.obj (.text:NOROM_SysCtrl_DCDC_VoltageConditionalControl)
                  00013310    00000068     drivers_cc13x0.aem3 : UARTCC26XX.oem3 (.text:UARTCC26XX_readCancel)
                  00013378    00000068     mac_user_config.obj (.text:applyGenfskPatch$37)
                  000133e0    00000068     rtsv7M3_T_le_eabi.lib : copy_decompress_lzss.c.obj (.text:decompress:lzss:__TI_decompress_lzss)
                  00013448    00000068     drivers_cc13x0.aem3 : PowerCC26XX.oem3 (.text:lfClockReadyCallback)
                  000134b0    00000068     maclib_secure.a : mac_radio_tx.obj (.text:macRadioSendImmAckSubG$81)
                  00013518    00000068                     : mac_rx_onoff.obj (.text:macRxOn)
                  00013580    00000068     jdllc.obj (.text:sendScanReq$36)
                  000135e8    00000068     maclib_secure.a : mac_tx.obj (.text:txGo$86)
                  00013650    00000068     jdllc.obj (.text:updateState$36)
                  000136b8    00000064     driverlib.lib : osc.obj (.text:NOROM_OSCHF_AttemptToSwitchToXosc)
                  0001371c    00000064                   : setup_rom.obj (.text:NOROM_SetupGetTrimForAnabypassValue1)
                  00013780    00000064     drivers_cc13x0.aem3 : PINCC26XX.oem3 (.text:PIN_add)
                  000137e4    00000064     rf_multiMode_cc13x0.aem3 : RFCC26XX_multiMode.oem3 (.text:RF_checkForPreemption)
                  00013848    00000064     drivers_cc13x0.aem3 : PowerCC26XX.oem3 (.text:configureXOSCHF)
                  000138ac    00000064     maclib_secure.a : mac_device.obj (.text:macAssocDataRxInd)
                  00013910    00000064                     : mac_device.obj (.text:macRxCoordRealign)
                  00013974    00000064                     : mac_mgmt.obj (.text:macRxDisassoc)
                  000139d8    00000064                     : mac_symbol_timer.obj (.text:macSymbolTimerInit)
                  00013a3c    00000064     osal.obj (.text:osal_msg_enqueue_push$21)
                  00013aa0    00000062     maclib_secure.a : mac_mgmt.obj (.text:macBuildWSAsyncMsg)
                  00013b02    00000002     rtsv7M3_T_le_eabi.lib : div0.asm.obj (.text)
                  00013b04    00000060     maclib_secure.a : fh_ie.obj (.text:FHIE_getCcaSfdTime)
                  00013b64    00000060     drivers_cc13x0.aem3 : I2CCC26XX.oem3 (.text:I2CCC26XX_close)
                  00013bc4    00000060     driverlib.lib : osc.obj (.text:NOROM_OSCClockSourceSet)
                  00013c24    00000060     drivers_cc13x0.aem3 : PowerCC26XX.oem3 (.text:PowerCC26XX_calibrate)
                  00013c84    00000060     rf_multiMode_cc13x0.aem3 : RFCC26XX_multiMode.oem3 (.text:RF_dispatchNextEvent)
                  00013ce4    00000060                              : RFCC26XX_multiMode.oem3 (.text:RF_getCurrentTime)
                  00013d44    00000060     ssf.obj (.text:Ssf_getNetworkInfo)
                  00013da4    00000060     drivers_cc13x0.aem3 : UARTCC26XX.oem3 (.text:UARTCC26XX_control)
                  00013e04    00000060     maclib_secure.a : mac_radio_tx.obj (.text:macRadioTxBackoffBoundary)
                  00013e64    00000060                     : mac_rx.obj (.text:macRxHaltCleanup)
                  00013ec4    00000060                     : mac_scan.obj (.text:macScanComplete)
                  00013f24    00000060     osal.obj (.text:osal_msg_send)
                  00013f84    0000005f     rom_sysbios.aem3 : rom_sysbios.obj (.text:xdc_runtime_Text_putLab__E)
                  00013fe3    00000001     --HOLE-- [fill = 0]
                  00013fe4    0000005e     maclib_secure.a : fh_mgr.obj (.text:FHMGR_updateRadioUCChannel)
                  00014042    00000002     rom_sysbios.aem3 : rom_sysbios.obj (.text:ti_sysbios_BIOS_linkedWithIncorrectBootLibrary__E)
                  00014044    0000005c     jdllc.obj (.text:Jdllc_addSecDevice)
                  000140a0    0000005c     drivers_cc13x0.aem3 : PowerCC26XX_calibrateRCOSC.oem3 (.text:PowerCC26XX_RCOSC_clockFunc)
                  000140fc    0000005c     rf_multiMode_cc13x0.aem3 : RFCC26XX_multiMode.oem3 (.text:RF_syncCb)
                  00014158    0000005c     maclib_secure.a : mac_device.obj (.text:macPollDataRxInd)
                  000141b4    0000005c                     : mac_radio.obj (.text:macRadioWakeupCb)
                  00014210    0000005c     app_pem3.oem3 (.text:xdc_runtime_Startup_getState__I)
                  0001426c    00000058     maclib_secure.a : fh_data.obj (.text:FHDATA_requeuePkt)
                  000142c4    00000058                     : fh_nt.obj (.text:FHNT_DelDeviceCB)
                  0001431c    00000058                     : fh_util.obj (.text:FHUTIL_getBitCounts)
                  00014374    00000058     drivers_cc13x0.aem3 : I2CCC26XX.oem3 (.text:I2CCC26XX_swiFxn)
                  000143cc    00000058     maclib_secure.a : mac_mgmt.obj (.text:MAC_ResumeReq)
                  00014424    00000058     drivers_cc13x0.aem3 : PINCC26XX.oem3 (.text:PIN_remove)
                  0001447c    00000058     rf_multiMode_cc13x0.aem3 : RFCC26XX_multiMode.oem3 (.text:RF_TxPowerTable_findValue)
                  000144d4    00000058                              : RFCC26XX_multiMode.oem3 (.text:RF_cmdDispatchTime)
                  0001452c    00000058                              : RFCC26XX_multiMode.oem3 (.text:RF_hwiCpe0PowerFsm)
                  00014584    00000058     maclib_secure.a : mac_rx_onoff.obj (.text:macRxOffRequest)
                  000145dc    00000058                     : mac_timer.obj (.text:macTimerAddTimer)
                  00014634    00000058                     : mac_timer.obj (.text:macTimerUpdateSymbolTimer)
                  0001468c    00000056                     : mac_data.obj (.text:macFrameDurationSubG)
                  000146e2    00000054     drivers_cc13x0.aem3 : CryptoCC26XX.oem3 (.text:CryptoCC26XX_close)
                  00014736    00000002     app_pem3.oem3 (.text:ti_sysbios_BIOS_nullFunc__I)
                  00014738    00000054     maclib_secure.a : fh_sm.obj (.text:FHSM_event)
                  0001478c    00000054     drivers_cc13x0.aem3 : GPIOCC26XX.oem3 (.text:GPIO_write)
                  000147e0    00000054     uart_printf.obj (.text:UartPrintf_flush)
                  00014834    00000054     maclib_secure.a : mac_device.obj (.text:macApiPollReq)
                  00014888    00000054                     : mac_beacon_device.obj (.text:macSyncTimeoutCallback)
                  000148dc    00000054                     : mac_beacon_device.obj (.text:macTrackStartCallback)
                  00014930    00000054                     : mac_ie_parse.obj (.text:macUpdatePayloadIEPtr)
                  00014984    00000054     drivers_cc13x0.aem3 : GPIOCC26XX.oem3 (.text:powerPostNotify)
                  000149d8    00000054     api_mac.obj (.text:processScanCnf$34)
                  00014a2c    00000052     maclib_secure.a : fh_ie.obj (.text:FHIE_genExcludedChannelMask)
                  00014a7e    00000052                     : fh_ie.obj (.text:FHIE_getSubPie)
                  00014ad0    00000050     dpl_cc13x0.aem3 : ClockP_tirtos.oem3 (.text:ClockP_construct)
                  00014b20    00000050     maclib_secure.a : fh_mgr.obj (.text:FHMGR_macStartFHTimer)
                  00014b70    00000050                     : fh_mgr.obj (.text:FHMGR_ucTimerIsrCb)
                  00014bc0    00000050                     : fh_nt.obj (.text:FHNT_getEUI)
                  00014c10    00000050     driverlib.lib : crypto.obj (.text:NOROM_CRYPTOCcmAuthEncryptResultGet)
                  00014c60    00000050     rf_multiMode_cc13x0.aem3 : RFCC26XX_multiMode.oem3 (.text:RF_applyRfCorePatch)
                  00014cb0    00000050                              : RFCC26XX_multiMode.oem3 (.text:RF_fsmXOSCState)
                  00014d00    00000050                              : RFCC26XX_multiMode.oem3 (.text:RF_wakeupNotification)
                  00014d50    00000050     maclib_secure.a : mac_device.obj (.text:macAssocDataReqComplete)
                  00014da0    00000050                     : mac_radio.obj (.text:macRadioSetChannel)
                  00014df0    00000050                     : mac_symbol_timer.obj (.text:macSymbolTimerSetRollover)
                  00014e40    00000050     drivers_cc13x0.aem3 : UARTCC26XX.oem3 (.text:startTxFifoEmptyClk)
                  00014e90    0000004e     maclib_secure.a : fh_dh1cf.obj (.text:FHDH1CF_mapChIdxChannel)
                  00014ede    00000002     rom_sysbios.aem3 : rom_sysbios.obj (.text:ti_sysbios_knl_Clock_triggerFunc__I)
                  00014ee0    0000004c     maclib_secure.a : fh_pib.obj (.text:FHPIB_get)
                  00014f2c    0000004c     drivers_cc13x0.aem3 : GPIOCC26XX.oem3 (.text:GPIO_enableInt)
                  00014f78    0000004c                         : I2CCC26XX.oem3 (.text:I2CCC26XX_initHw)
                  00014fc4    0000004c     rf_multiMode_cc13x0.aem3 : RFCC26XX_multiMode.oem3 (.text:RF_setTxPower)
                  00015010    0000004c     rtsv7M3_T_le_eabi.lib : cpy_tbl.c.obj (.text:copy_in)
                  0001505c    0000004c     maclib_secure.a : mac.obj (.text:macFsCb$77)
                  000150a8    0000004c                     : mac_radio.obj (.text:macGetRadioTxPowerReg)
                  000150f4    0000004c                     : mac_rx.obj (.text:macRxNokIsr)
                  00015140    0000004c                     : mac_symbol_timer.obj (.text:macSymbolTimerEventHandler$85)
                  0001518c    0000004c                     : mac_tx.obj (.text:macTxAckNotReceivedCallback)
                  000151d8    0000004a     macstack.obj (.text:icall_slimMsgParser)
                  00015222    00000002     app_pem3.oem3 (.text:ti_sysbios_rom_cortexm_cc13xx_CC13xx_badRomRevision__E)
                  00015224    00000048     board_lcd.obj (.text:Board_Lcd_writeStringValue)
                  0001526c    00000048     jdllc.obj (.text:Jdllc_sendDisassociationRequest)
                  000152b4    00000048     drivers_cc13x0.aem3 : PINCC26XX.oem3 (.text:PIN_setOutputEnable)
                  000152fc    00000048     ssf.obj (.text:Ssf_configurationUpdate)
                  00015344    00000048     util_timer.obj (.text:Timer_construct)
                  0001538c    00000048     util.obj (.text:Util_itoa)
                  000153d4    00000048     maclib_secure.a : mac_beacon_device.obj (.text:macBeaconStartFrameResponseTimer)
                  0001541c    00000048                     : mac.obj (.text:macSetupFsCmd)
                  00015464    00000048     drivers_cc13x0.aem3 : UARTCC26XX.oem3 (.text:writeFinishedDoCallback)
                  000154ac    00000046     maclib_secure.a : fh_dh1cf.obj (.text:FHDH1CF_getCh)
                  000154f2    00000046                     : fh_ie.obj (.text:FHIE_getCommonInformationLen)
                  00015538    00000044                     : fh_api.obj (.text:FHAPI_getRemDT)
                  0001557c    00000044                     : mac_pib.obj (.text:MAC_MlmeGetReq)
                  000155c0    00000044     drivers_cc13x0.aem3 : RingBuf.oem3 (.text:RingBuf_put)
                  00015604    00000044     boot.aem3 : boot.oem3 (.text)
                  00015648    00000044     nvocop.obj (.text:erasePage$31)
                  0001568c    00000044     ssf.obj (.text:getNumBlackListEntries$40)
                  000156d0    00000044     maclib_secure.a : mac_device.obj (.text:macAssocDataReq)
                  00015714    00000044                     : mac_device.obj (.text:macPollDataReqComplete)
                  00015758    00000044                     : mac.obj (.text:macSetupReceiveCmd)
                  0001579c    00000044                     : mac.obj (.text:macStopCmd)
                  000157e0    00000044                     : mac_main.obj (.text:mac_msg_deallocate)
                  00015824    00000044     jdllc.obj (.text:populateInfo$36)
                  00015868    00000044     rom_sysbios.aem3 : rom_sysbios.obj (.text:xdc_runtime_Text_xprintf__I)
                  000158ac    00000042     api_mac.obj (.text:copyMacPanDescToApiMacPanDesc$34)
                  000158ee    00000002     rom_sysbios.aem3 : rom_sysbios.obj (.text:xdc_runtime_SysCallback_defaultAbort)
                  000158f0    00000040     maclib_secure.a : fh_dh1cf.obj (.text:FHDH1CF_hashword)
                  00015930    00000040                     : fh_nt.obj (.text:FHNT_delTempIndex)
                  00015970    00000040                     : fh_util.obj (.text:FHUTIL_getCurUfsi)
                  000159b0    00000040     hal_trng_wrapper.obj (.text:HalTRNG_GetTRNG)
                  000159f0    00000040     I2C.obj (.text:I2C_init)
                  00015a30    00000040     osal.obj (.text:ICall_setTimer$21)
                  00015a70    00000040     maclib_secure.a : mac_symbol_timer.obj (.text:ICall_setTimer$85)
                  00015ab0    00000040                     : mac_tx.obj (.text:ICall_setTimer$86)
                  00015af0    00000040     driverlib.lib : chipinfo.obj (.text:NOROM_ChipInfo_GetHwRevision)
                  00015b30    00000040     nvocop.obj (.text:NVOCOP_initNV)
                  00015b70    00000040     drivers_cc13x0.aem3 : PINCC26XX.oem3 (.text:PIN_swi)
                  00015bb0    00000040                         : UART.oem3 (.text:UART_init)
                  00015bf0    00000040                         : UART.oem3 (.text:UART_open)
                  00015c30    00000040     jdllc.obj (.text:handleMaxDataFail$36)
                  00015c70    00000040     maclib_secure.a : mac_device.obj (.text:macPollFrameResponseTimeout)
                  00015cb0    00000040     rtsv7M3_T_le_eabi.lib : u_divt2.asm.obj (.text)
                  00015cf0    00000040     jdllc.obj (.text:sendPollReq$36)
                  00015d30    00000040     rom_sysbios.aem3 : rom_sysbios.obj (.text:ti_sysbios_family_arm_cc26xx_Timer_setThreshold__I)
                  00015d70    0000003e     dpl_cc13x0.aem3 : HwiP_tirtos.oem3 (.text:HwiP_construct)
                  00015dae    0000003e     drivers_cc13x0.aem3 : RingBuf.oem3 (.text:RingBuf_get)
                  00015dec    0000003c     maclib_secure.a : fh_mgr.obj (.text:FHMGR_updateHopping)
                  00015e28    0000003c     icall_cc2650.obj (.text:ICallPlatform_pwrConfigACAction)
                  00015e64    0000003c     api_mac.obj (.text:ICall_sendServiceMsg$34)
                  00015ea0    0000003c     osal.obj (.text:ICall_setTimerMSecs$21)
                  00015edc    0000003c     driverlib.lib : osc.obj (.text:NOROM_OSC_HPOSCRelativeFrequencyOffsetGet)
                  00015f18    0000003c                   : rfc.obj (.text:NOROM_RFCSynthPowerDown)
                  00015f54    0000003c     nvocop.obj (.text:NVOCOP_compactNV)
                  00015f90    0000003c     drivers_cc13x0.aem3 : PowerCC26XX.oem3 (.text:PowerCC26XX_isStableXOSC_HF)
                  00015fcc    0000003c     rf_multiMode_cc13x0.aem3 : RFCC26XX_multiMode.oem3 (.text:RF_cmdGet)
                  00016008    0000003c     dpl_cc13x0.aem3 : SwiP_tirtos.oem3 (.text:SwiP_construct)
                  00016044    0000003c     drivers_cc13x0.aem3 : PowerCC26XX.oem3 (.text:disableLfClkQualifiersEnableClkLoss)
                  00016080    0000003c     maclib_secure.a : mac_hl_patch.obj (.text:macCheckPhyRate)
                  000160bc    0000003c                     : mac_rx_onoff.obj (.text:macRxDisable)
                  000160f8    0000003c                     : mac_device.obj (.text:macStartFrameResponseTimer)
                  00016134    0000003c                     : mac_symbol_timer.obj (.text:macSymbolTimerSetTrigger)
                  00016170    0000003c     osal.obj (.text:osal_msg_extract)
                  000161ac    0000003c     rom_sysbios.aem3 : rom_sysbios.obj (.text:ti_sysbios_family_arm_m3_Hwi_construct2__E)
                  000161e8    0000003a     maclib_secure.a : fh_dh1cf.obj (.text:FHDH1CF_getChannelNum)
                  00016222    0000003a     util.obj (.text:Util_bufferUint32)
                  0001625c    00000038     maclib_secure.a : fh_api.obj (.text:FHAPI_stopAsync)
                  00016294    00000038     hal_trng_wrapper.obj (.text:HalTRNG_InitTRNG)
                  000162cc    00000038     macstack.obj (.text:ICall_enrollService$28)
                  00016304    00000038     main.obj (.text:Main_assertHandler)
                  0001633c    00000038     nvocop.obj (.text:NVOCOP_readItem)
                  00016374    00000038     drivers_cc13x0.aem3 : PINCC26XX.oem3 (.text:PIN_setOutputValue)
                  000163ac    00000038     rf_multiMode_cc13x0.aem3 : RFCC26XX_multiMode.oem3 (.text:RF_checkCmdFsError)
                  000163e4    00000038                              : RFCC26XX_multiMode.oem3 (.text:RF_ieeeRequestFgCommand)
                  0001641c    00000038     board_key.obj (.text:board_key_keyFxn$7)
                  00016454    00000038     jdllc.obj (.text:disassoCnfCb$36)
                  0001648c    00000038     maclib_secure.a : mac_device.obj (.text:macAssocFailed)
                  000164c4    00000038                     : mac_beacon.obj (.text:macBeaconRequeue)
                  000164fc    00000038                     : mac.obj (.text:macSetUserConfig)
                  00016534    00000038                     : mac_symbol_timer.obj (.text:macSymbolTimerCount)
                  0001656c    00000038                     : mac_symbol_timer.obj (.text:macSymbolTimerRealignSubG)
                  000165a4    00000038     osal.obj (.text:osal_msg_dequeue)
                  000165dc    00000038     drivers_cc13x0.aem3 : UARTCC26XX.oem3 (.text:readData)
                  00016614    00000038     rtsv7M3_T_le_eabi.lib : fs_toi_t2.asm.obj (.text)
                  0001664c    00000038                           : i_tofs_t2.asm.obj (.text)
                  00016684    00000038     rom_sysbios.aem3 : rom_sysbios.obj (.text:ti_sysbios_family_arm_cc26xx_Timer_getCurrentTick__E)
                  000166bc    00000038     drivers_cc13x0.aem3 : UARTCC26XX.oem3 (.text:writeData)
                  000166f4    00000036     maclib_secure.a : fh_ie.obj (.text:FHIE_getPie)
                  0001672a    00000002     rom_sysbios.aem3 : rom_sysbios.obj (.text:xdc_runtime_SysCallback_defaultExit)
                  0001672c    00000034     drivers_cc13x0.aem3 : GPIOCC26XX.oem3 (.text:GPIO_setCallback)
                  00016760    00000034     osal.obj (.text:ICall_send$21)
                  00016794    00000034     maclib_secure.a : fh_mgr.obj (.text:ICall_setTimer$58)
                  000167c8    00000034     driverlib.lib : ddi.obj (.text:NOROM_DDI32RegWrite)
                  000167fc    00000034                   : osc.obj (.text:NOROM_OSCHF_SwitchToRcOscTurnOffXosc)
                  00016830    00000034     drivers_cc13x0.aem3 : PINCC26XX.oem3 (.text:PIN_setConfig)
                  00016864    00000034                         : PINCC26XX.oem3 (.text:PIN_setInterrupt)
                  00016898    00000034                         : PowerCC26XX.oem3 (.text:Power_releaseConstraint)
                  000168cc    00000034     rf_multiMode_cc13x0.aem3 : RFCC26XX_multiMode.oem3 (.text:RF_powerConstraintRelease)
                  00016900    00000034                              : RFCC26XX_multiMode.oem3 (.text:RF_runDirectImmediateCmd)
                  00016934    00000034     nvocop.obj (.text:disableCache$31)
                  00016968    00000034     maclib_secure.a : mac_device.obj (.text:macAssociateCnf)
                  0001699c    00000034                     : mac_beacon_device.obj (.text:macBeaconStopTrack)
                  000169d0    00000034                     : mac_data.obj (.text:macDataRxInd)
                  00016a04    00000034                     : mac_beacon_device.obj (.text:macStartBroadcastPendTimer)
                  00016a38    00000034                     : mac_timer.obj (.text:macTimerRecalcUnaligned)
                  00016a6c    00000034                     : mac_tx.obj (.text:macTxDecrypt)
                  00016aa0    00000034                     : mac_tx.obj (.text:macTxUpdateIE)
                  00016ad4    00000034     drivers_cc13x0.aem3 : PowerCC26XX.oem3 (.text:notify)
                  00016b08    00000034     osal.obj (.text:osal_msg_enqueue)
                  00016b3c    00000034     rom_sysbios.aem3 : rom_sysbios.obj (.text:ti_sysbios_family_arm_cc26xx_Timer_initDevice__I)
                  00016b70    00000034                      : rom_sysbios.obj (.text:ti_sysbios_knl_Swi_setPri__E)
                  00016ba4    00000032     maclib_secure.a : fh_ie.obj (.text:FHIE_getHie)
                  00016bd6    00000032     icall_cc2650.obj (.text:ICallPlatform_pwrNotify$3)
                  00016c08    00000032     maclib_secure.a : mac_scan.obj (.text:macScanCnfInit)
                  00016c3a    00000032     rom_sysbios.aem3 : rom_sysbios.obj (.text:ti_sysbios_family_arm_cc26xx_Timer_setNextTick__E)
                  00016c6c    00000030     maclib_secure.a : fh_api.obj (.text:FHAPI_SFDRxCb)
                  00016c9c    00000030                     : fh_sm.obj (.text:FSM_transaction_debug)
                  00016ccc    00000030     drivers_cc13x0.aem3 : GPIOCC26XX.oem3 (.text:GPIO_hwiIntFxn)
                  00016cfc    00000030     hal_flash_wrapper.obj (.text:HalFlashRead)
                  00016d2c    00000030     icall_cc2650.obj (.text:ICallPlatform_pwrRegisterNotify)
                  00016d5c    00000030     driverlib.lib : crypto.obj (.text:NOROM_CRYPTOAesEcbStatus)
                  00016d8c    00000030                   : crypto.obj (.text:NOROM_CRYPTOCcmAuthEncryptStatus)
                  00016dbc    00000030                   : crypto.obj (.text:NOROM_CRYPTOCcmInvAuthDecryptStatus)
                  00016dec    00000030                   : chipinfo.obj (.text:NOROM_ChipInfo_GetChipType)
                  00016e1c    00000030                   : setup_rom.obj (.text:NOROM_SetupSetAonRtcSubSecInc)
                  00016e4c    00000030     drivers_cc13x0.aem3 : PowerCC26XX.oem3 (.text:Power_setConstraint)
                  00016e7c    00000030     rf_multiMode_cc13x0.aem3 : RFCC26XX_multiMode.oem3 (.text:RF_queueEnd)
                  00016eac    00000030     ssf.obj (.text:Ssf_setPollClock)
                  00016edc    00000030     ssf.obj (.text:Ssf_setReadingClock)
                  00016f0c    00000030     ssf.obj (.text:Ssf_setScanBackoffClock)
                  00016f3c    00000030     jdllc.obj (.text:disassocIndCb$36)
                  00016f6c    00000030     maclib_secure.a : mac_mgmt.obj (.text:macBcTimerHandler)
                  00016f9c    00000030                     : mac_pib.obj (.text:macMRFSKGetPhyDesc)
                  00016fcc    00000030                     : mac_symbol_timer.obj (.text:macSymbolTimerICallTimerCback$85)
                  00016ffc    00000030                     : mac_timer.obj (.text:macTimerSetRollover)
                  0001702c    00000030     osal.obj (.text:osal_alien2proxy)
                  0001705c    00000030     drivers_cc13x0.aem3 : UARTCC26XX.oem3 (.text:readData2RingBuf)
                  0001708c    00000030     app_pem3.oem3 (.text:ti_sysbios_BIOS_atExitFunc__I)
                  000170bc    00000030     app_pem3.oem3 (.text:ti_sysbios_BIOS_startFunc__I)
                  000170ec    0000002e     icall_cc2650.obj (.text:ICallPlatform_pwrDispenseImpl$3)
                  0001711a    0000002e     icall_cc2650.obj (.text:ICallPlatform_pwrRequireImpl$3)
                  00017148    0000002e     drivers_cc13x0.aem3 : CryptoCC26XX.oem3 (.text:cryptoTransactionPend)
                  00017176    00000002     --HOLE-- [fill = 0]
                  00017178    0000002c     CC13X0_LAUNCHXL.obj (.text:CC1350_LAUNCHXL_rfDriverCallback$5)
                  000171a4    0000002c     maclib_secure.a : fh_ie.obj (.text:FHIE_getExcludedChannelControl)
                  000171d0    0000002c     I2C.obj (.text:I2C_open)
                  000171fc    0000002c     driverlib.lib : osc.obj (.text:NOROM_OSCClockSourceGet)
                  00017228    0000002c                   : rfc.obj (.text:NOROM_RFCCpePatchReset)
                  00017254    0000002c     drivers_cc13x0.aem3 : PINCC26XX.oem3 (.text:PINCC26XX_setMux)
                  00017280    0000002c     rf_multiMode_cc13x0.aem3 : RFCC26XX_multiMode.oem3 (.text:RF_calculateDeltaTimeUs)
                  000172ac    0000002c                              : RFCC26XX_multiMode.oem3 (.text:RF_executeDirectImmediateCmd)
                  000172d8    0000002c     dpl_cc13x0.aem3 : SemaphoreP_tirtos.oem3 (.text:SemaphoreP_constructBinary)
                  00017304    0000002c                     : SemaphoreP_tirtos.oem3 (.text:SemaphoreP_createBinary)
                  00017330    0000002c     ssf.obj (.text:Ssf_clearNetworkInfo)
                  0001735c    0000002c     uart_printf.obj (.text:UartPrintf_putch)
                  00017388    0000002c     nvocop.obj (.text:findOffset$31)
                  000173b4    0000002c     maclib_secure.a : mac_pib.obj (.text:macPibReset)
                  000173e0    0000002c                     : mac_radio.obj (.text:macRadioSetPanCoordinator)
                  0001740c    0000002c     osal.obj (.text:osal_msec_timer_cback$21)
                  00017438    0000002c     saddr.obj (.text:sAddrCmp)
                  00017464    0000002c     rom_sysbios.aem3 : rom_sysbios.obj (.text:ti_sysbios_knl_Clock_getTicksUntilInterrupt__E)
                  00017490    0000002b                      : rom_sysbios.obj (.text:xdc_runtime_Text_printVisFxn__I)
                  000174bb    00000001     --HOLE-- [fill = 0]
                  000174bc    0000002a                      : rom_sysbios.obj (.text:ti_sysbios_knl_Clock_getTimeout__E)
                  000174e6    0000002a                      : rom_sysbios.obj (.text:xdc_runtime_System_putchar__I)
                  00017510    00000028     drivers_cc13x0.aem3 : CryptoCC26XX.oem3 (.text:CryptoCC26XX_releaseKey)
                  00017538    00000028     maclib_secure.a : fh_mgr.obj (.text:FHMGR_macCancelFHTimer)
                  00017560    00000028     ssf.obj (.text:ICall_malloc$40)
                  00017588    00000028     maclib_secure.a : mac_security_pib.obj (.text:MAC_MlmeGetPointerSecurityReq)
                  000175b0    00000028     driverlib.lib : aon_batmon.obj (.text:NOROM_AONBatMonTemperatureGetDegC)
                  000175d8    00000028                   : rfc.obj (.text:NOROM_RFCDoorbellSendTo)
                  00017600    00000028     drivers_cc13x0.aem3 : PowerCC26XX.oem3 (.text:Power_registerNotify)
                  00017628    00000028     rf_multiMode_cc13x0.aem3 : RFCC26XX_multiMode.oem3 (.text:RF_getTxPower)
                  00017650    00000028     driverlib.lib : adi.obj (.text:SafeHapiVoid)
                  00017678    00000028     board_led.obj (.text:board_led_anyBlinking$9)
                  000176a0    00000028     nvocop.obj (.text:findItem$31)
                  000176c8    00000028     maclib_secure.a : mac_mgmt.obj (.text:macApiPending)
                  000176f0    00000028                     : mac_beacon.obj (.text:macBeaconCheckSched)
                  00017718    00000028                     : mac_mgmt.obj (.text:macCoordAddrCmp)
                  00017740    00000028                     : mac_mgmt.obj (.text:macGetCoordAddress)
                  00017768    00000028                     : mac_radio.obj (.text:macRadioStopScan)
                  00017790    00000028                     : mac_tx.obj (.text:macTxRequestCsmaRtcDelay)
                  000177b8    00000028     osal_memory_icall.obj (.text:osal_mem_alloc)
                  000177e0    00000028     osal_timers.obj (.text:osal_next_timeout)
                  00017808    00000026     maclib_secure.a : fh_util.obj (.text:FHUTIL_getMaxChannels)
                  0001782e    00000026                     : fh_util.obj (.text:FHUTIL_getTxUfsi)
                  00017854    00000026                     : mac_radio.obj (.text:radioComputeED$80)
                  0001787a    00000026     rom_sysbios.aem3 : rom_sysbios.obj (.text:xdc_runtime_System_vprintf__E)
                  000178a0    00000024     drivers_cc13x0.aem3 : CryptoCC26XX.oem3 (.text:CryptoCC26XX_hwiIntFxn)
                  000178c4    00000024     maclib_secure.a : fh_api.obj (.text:FHAPI_getTxChHoppingFunc)
                  000178e8    00000024                     : fh_pib.obj (.text:FHPIB_getLen)
                  0001790c    00000024     osal_pwrmgr.obj (.text:ICall_pwrUpdActivityCounter$25)
                  00017930    00000024     drivers_cc13x0.aem3 : List.oem3 (.text:List_remove)
                  00017954    00000024     rf_multiMode_cc13x0.aem3 : RFCC26XX_multiMode.oem3 (.text:RF_cmdAlloc)
                  00017978    00000024                              : RFCC26XX_multiMode.oem3 (.text:RF_invokeGlobalCallback)
                  0001799c    00000024     maclib_secure.a : mac_device.obj (.text:macAssocFrameResponseTimeout)
                  000179c0    00000024                     : mac_beacon.obj (.text:macBeaconReset)
                  000179e4    00000024                     : mac_radio.obj (.text:macGetRadioState)
                  00017a08    00000024                     : mac_radio_tx.obj (.text:macRadioTxRequestTxAck)
                  00017a2c    00000024                     : mac_rx_onoff.obj (.text:macRxSoftDisable)
                  00017a50    00000024                     : mac_timer.obj (.text:macTimerAligned)
                  00017a74    00000024     rtsv7M3_T_le_eabi.lib : memcmp.c.obj (.text:memcmp)
                  00017a98    00000024     osal.obj (.text:osal_msg_allocate)
                  00017abc    00000024     app_pem3.oem3 (.text:ti_sysbios_BIOS_registerRTSLock__I)
                  00017ae0    00000024     app_pem3.oem3 (.text:ti_sysbios_BIOS_removeRTSLock__I)
                  00017b04    00000024     rom_sysbios.aem3 : rom_sysbios.obj (.text:ti_sysbios_family_arm_cc26xx_Timer_getMaxTicks__E)
                  00017b28    00000022     drivers_cc13x0.aem3 : List.oem3 (.text:List_get)
                  00017b4a    00000022                         : List.oem3 (.text:List_insert)
                  00017b6c    00000022                         : List.oem3 (.text:List_put)
                  00017b8e    00000022                         : List.oem3 (.text:List_putHead)
                  00017bb0    00000020                         : CryptoCC26XX.oem3 (.text:CryptoCC26XX_init)
                  00017bd0    00000020     maclib_secure.a : fh_data.obj (.text:FHDATA_updateCCA)
                  00017bf0    00000020                     : fh_util.obj (.text:FHUTIL_updateUcNumChannels)
                  00017c10    00000020     hal_flash_wrapper.obj (.text:HalFlashGetAddress)
                  00017c30    00000020     osal_memory_icall.obj (.text:ICall_free$24)
                  00017c50    00000020     api_mac.obj (.text:ICall_free$34)
                  00017c70    00000020     osal.obj (.text:ICall_getTicks$21)
                  00017c90    00000020     sensor.obj (.text:ICall_getTicks$39)
                  00017cb0    00000020     maclib_secure.a : fh_data.obj (.text:ICall_getTicks$57)
                  00017cd0    00000020                     : fh_mgr.obj (.text:ICall_getTicks$58)
                  00017cf0    00000020                     : fh_util.obj (.text:ICall_getTicks$61)
                  00017d10    00000020                     : fh_api.obj (.text:ICall_getTicks$87)
                  00017d30    00000020                     : fh_nt.obj (.text:ICall_getTicks$90)
                  00017d50    00000020     osal.obj (.text:ICall_signal$21)
                  00017d70    00000020     maclib_secure.a : mac_symbol_timer.obj (.text:ICall_signal$85)
                  00017d90    00000020                     : mac_pib.obj (.text:MAC_GetPHYParamReq)
                  00017db0    00000020     driverlib.lib : rfc.obj (.text:NOROM_RFCAdi3VcoLdoVoltageMode)
                  00017dd0    00000020     dpl_cc13x0.aem3 : PowerCC26XX_tirtos.oem3 (.text:PowerCC26XX_schedulerDisable)
                  00017df0    00000020                     : PowerCC26XX_tirtos.oem3 (.text:PowerCC26XX_schedulerRestore)
                  00017e10    00000020     drivers_cc13x0.aem3 : PowerCC26XX.oem3 (.text:Power_unregisterNotify)
                  00017e30    00000020     rf_multiMode_cc13x0.aem3 : RFCC26XX_multiMode.oem3 (.text:RF_clkPowerUp)
                  00017e50    00000020                              : RFCC26XX_multiMode.oem3 (.text:RF_hwiCpe0ChangePhy)
                  00017e70    00000020                              : RFCC26XX_multiMode.oem3 (.text:RF_ratIsRunning)
                  00017e90    00000020     maclib_secure.a : mac_data.obj (.text:macDataRxMemAlloc)
                  00017eb0    00000020                     : mac_data.obj (.text:macDataSend)
                  00017ed0    00000020                     : mac_radio.obj (.text:macRadioSwInit)
                  00017ef0    00000020                     : mac_rx_onoff.obj (.text:macRxOff)
[...]
20000144  ti_sysbios_family_arm_m3_Hwi_Module__state__V                             
20000178  ti_sysbios_knl_Clock_Module__state__V                                     
200001a4  ti_sysbios_BIOS_Module__state__V                                          
200001c8  ti_sysbios_knl_Swi_Module__state__V                                       
200001e4  ti_sysbios_family_arm_cc26xx_Timer_Module__state__V                       
200001ec  ti_sysbios_family_arm_cc26xx_TimestampProvider_Module__state__V           
200001f0  xdc_runtime_Startup_Module__state__V                                      
200001f8  xdc_runtime_System_Module__state__V                                       
20000200  xdc_runtime_Memory_Module__state__V                                       
20000208  macTaskId                                                                 
20000209  macMgmt                                                                   
2000020a  macPanCoordinator                                                         
2000020b  csmPhy                                                                    
2000020c  pMacDataTx                                                                
20000210  macDataTxIndirect                                                         
20000214  macDataRequeueIndirect                                                    
20000218  macDataRxBeaconCritical                                                   
2000021c  macDataTxBeaconComplete                                                   
20000220  macDataSetSched                                                           
20000224  macDataCheckSched                                                         
20000228  macDataCheckTxTime                                                        
2000022c  macDataBeaconRequeue                                                      
20000230  timerUnalignedQ                                                           
20000234  timerAlignedQ                                                             
20000238  macTimerRollover                                                          
2000023c  macTimerNewRollover                                                       
20000240  macTimerActive                                                            
20000244  Crypto_handle                                                             
20000248  macCryptoDrvTblPtr                                                        
2000024c  macCoordAction1                                                           
20000254  macMain                                                                   
20000260  macBeaconDeviceAction                                                     
20000270  macCoordAction3                                                           
20000280  macData                                                                   
20000290  macDataTxDelay                                                            
200002a0  macDeviceAction2                                                          
200002b4  macStateTbl                                                               
200002c8  macMgmtAction2                                                            
200002dc  macScanAction                                                             
200002f4  macCoordAction2                                                           
20000310  macReset                                                                  
2000032c  macBeaconMargin                                                           
2000034c  macBeacon                                                                 
2000036c  macActionSet                                                              
20000390  macMgmtAction1                                                            
200003b8  macCoord                                                                  
200003e4  macDevice                                                                 
20000410  macBeaconDevice                                                           
20000444  macBeaconPayload                                                          
20000478  macDeviceAction1                                                          
200004b0  macSecurityPib                                                            
200004f0  macScan                                                                   
20000544  fhObject                                                                  
200005b0  macPib                                                                    
20000638  macMRFSKGenPhyTable                                                       
200006d8  enhancedAckBuf                                                            
200007d4  uartParams                                                                
200007f8  macUser0Cfg                                                               
20000828  myTask                                                                    
20000878  Main_user1Cfg                                                             
200008d4  myTaskStack                                                               
20000c5c  hUart                                                                     
20001060  macAddrSize                                                               
20001064  FHNT_Dbg                                                                  
2000106c  FH_txTiming                                                               
20001074  FHNT_tempTable                                                            
2000107c  FH_FSM                                                                    
20001088  FHNT_hnd                                                                  
200010c0  FHFSM_Dbg                                                                 
20001104  FHIE_channelPlan                                                          
20001158  FHNT_tableOpt                                                             
200011d4  FH_hnd                                                                    
2000125c  FHPIB_db                                                                  
200012e8  pinUpperBound                                                             
200012ec  pinLowerBound                                                             
20001380  pinHandleTable                                                            
200013fc  PowerCC26XX_module                                                        
20001510  Ssf_resetReseason                                                         
20001514  Ssf_resetCount                                                            
20001614  RF_cmdNop                                                                 
20001624  RF_cmdFs                                                                  
2000163c  RF_cmdPropCs                                                              
20001658  RF_cmdPropCsSlotted                                                       
20001674  RF_cmdPropTxAdv                                                           
20001694  RF_cmdPropRadioDivSetup                                                   
200016bc  RF_cmdPropRxAdv                                                           
200016ee  Sensor_events                                                             
20001744  Sensor_msgStats                                                           
200017bc  initBroadcastMsg                                                          
200017be  parentFound                                                               
200017c6  Jdllc_events                                                              
200017e8  Jdllc_statistics                                                          
2000186c  ICall_enterCriticalSection                                                
20001870  ICall_leaveCriticalSection                                                
20001888  HEAPMGR_SIZE                                                              
2000188c  ICall_dispatcher                                                          
20001954  macTxSlottedDelay                                                         
20001955  macUnitBackoffPeriod                                                      
20001956  rxFhRsl                                                                   
20001957  macPhyChannel                                                             
20001958  macReqAccessTimeCnt                                                       
20001959  reqAccessAlloc                                                            
2000195c  rxCmdHandle                                                               
2000195e  fsCmdHandle                                                               
20001964  lastPostCmd                                                               
20001968  macSfdDetectCback                                                         
20001970  macTxTimestamp                                                            
20001974  pMacRadioConfig                                                           
20001978  macRfDrvTblPtr                                                            
2000197c  pRfPropTable                                                              
20001980  pRfPropTableOld                                                           
20001984  pMacRfAntSwitchSel                                                        
20001988  pMacRfAntPwrSel                                                           
20001998  macRxOutputSubG                                                           
200019a4  macFrmFilter                                                              
20001a0c  ti_sysbios_knl_Task_Object__table__V                                      
20001aa0  ti_sysbios_family_arm_cc26xx_Timer_Object__table__V                       
20001b2c  ti_sysbios_gates_GateMutex_Object__table__V                               
20001b6c  RF_handle                                                                 
20001b70  macPhyTxPower                                                             
20001b7c  RF_params                                                                 
20001b99  osal_entity                                                               
20001ba0  osal_qHead                                                                
20001ba4  osal_eventloop_hook                                                       
20001ba8  osal_icallMsg_hook                                                        
20001bac  osal_semaphore                                                            
20001bb0  osal_last_timestamp                                                       
20001bb4  osal_tickperiod                                                           
20001bb8  osal_max_msecs                                                            
20001bc8  txCmdHandle                                                               
20001bcc  pMacEnhancedAck                                                           
20001bd0  macRadioAckFrame                                                          
20001bd8  macAckTimer                                                               
20001bf8  ti_sysbios_knl_Swi_Module_State_0_readyQ__A                               
20001c28  ti_sysbios_knl_Swi_Object__table__V                                       
20001c58  ti_sysbios_knl_Task_Module_State_0_readyQ__A                              
20001c88  gpioPinConfigs                                                            
20001cb4  macTxSlottedDelayFactor                                                   
20001cb5  macTxType                                                                 
20001cb6  macTxBe                                                                   
20001cb7  txAckReq                                                                  
20001cbc  macTxCsmaBackoffDelay                                                     
20001cc0  macCsmaRtcTimerId                                                         
20001cc4  macAckDbg                                                                 
20001cf8  ti_sysbios_knl_Clock_Object__table__V                                     
20001d18  xdc_runtime_Error_IgnoreBlock                                             
20001d54  macSpecUsecsPerSymbol                                                     
20001d58  macPrevPeriodRatCount                                                     
20001d5c  macSymbolTimerRollover                                                    
20001d60  macSymbolTimerTrigger                                                     
20001d6c  ti_sysbios_family_arm_m3_Hwi_Object__table__V                             
20001d84  ti_sysbios_heaps_HeapMem_Object__table__V                                 
20001d9c  ApiMac_appEntity                                                          
20001da8  ApiMac_extAddr                                                            
20001db0  gpioCallbackFunctions                                                     
20001dc0  macCfg                                                                    
20001dd0  rfPatchTable                                                              
20001de0  lastRatChanA                                                              
20001de1  lastRatChanB                                                              
20001de2  macRxCmdActive                                                            
20001de3  macTxCmdActive                                                            
20001de4  macFsCmdActive                                                            
20001de6  macReqAccessCnt                                                           
20001de8  macReqAccErrCnt                                                           
20001dea  numRfCmd                                                                  
20001deb  numRxCmd                                                                  
20001dec  numRxPostCmd                                                              
20001ded  bInSwi                                                                    
20001dee  macRadioYielded                                                           
20001df0  AppTaskId                                                                 
20001df4  pMacCbackQueryRetransmit                                                  
20001df8  pMacCbackCheckPending                                                     
20001dfc  RFCC26XX_hwAttrs                                                          
20001e0c  OSAL_timeSeconds                                                          
20001e14  sector_addr                                                               
20001e20  _lock                                                                     
20001e24  _unlock                                                                   
20001e28  pOverridesTable                                                           
20001e30  ti_sysbios_family_arm_m3_Hwi_Module__root__V                              
20001e38  ti_sysbios_gates_GateHwi_Module__root__V                                  
20001e40  ti_sysbios_gates_GateMutex_Module__root__V                                
20001e48  ti_sysbios_hal_Hwi_Module__root__V                                        
20001e50  ti_sysbios_heaps_HeapMem_Module__root__V                                  
20001e58  ti_sysbios_knl_Clock_Module__root__V                                      
20001e60  ti_sysbios_knl_Mailbox_Module__root__V                                    
20001e68  ti_sysbios_knl_Queue_Module__root__V                                      
20001e70  ti_sysbios_knl_Semaphore_Module__root__V                                  
20001e78  ti_sysbios_knl_Swi_Module__root__V                                        
20001e80  ti_sysbios_knl_Task_Module__root__V                                       
20001e88  xdc_runtime_Registry_Module__state__V                                     
20001e90  pwrmgr_initialized                                                        
20001e92  pwrmgr_attribute                                                          
20001e98  main_func_sp                                                              
20001e9c  ti_sysbios_family_arm_m3_Hwi_Module_State_0_excContext__A                 
20001ea0  ti_sysbios_family_arm_m3_Hwi_Module_State_0_excStack__A                   
20001ea4  ti_sysbios_knl_Task_Module_State_0_idleTask__A                            
20001ea8  ti_sysbios_family_arm_m3_Hwi_Module_State_0_excActive__A                  
20001eb0  ti_sysbios_heaps_HeapMem_Instance_State_0_buf__A                          
200028e8  ti_sysbios_knl_Task_Instance_State_0_stack__A                             
20002ae8  uartCC26XXObjects                                                         
20002c10  i2cCC26xxObjects                                                          
20002db8  ti_sysbios_family_arm_m3_Hwi_dispatchTable                                
20002e80  cryptoCC26XXObjects                                                       
20002f00  macRxFilter                                                               
20002f01  rxPromiscuousMode                                                         
20002f0c  macRxDataEntryOffset                                                      
20002f14  rxRadioBufferPtr                                                          
20002f20  macRxDataEntryQueue                                                       
20002f50  uartCC26XXRingBuffer                                                      
20002fa8  PowerCC26XX_taskKey                                                       
20002fac  PowerCC26XX_swiKey                                                        
20002fb0  timerHead                                                                 
20002fc4  ClockP_tickPeriod                                                         
20002fc8  macTasksEvents                                                            
20002fd1  driverlib_release_0_52354                                                 
20002fd2  macPwr                                                                    
20002fd3  macRxActive                                                               
20002fd4  macRxEnableFlags                                                          
20002fd5  macRxOutgoingAckFlag                                                      
20002fd6  macSymbolTimerImpending                                                   
20002fd7  macTxActive                                                               
20002fd8  heapStart                                                                 
20004b00  __stack                                                                   
20004b00  heapEnd                                                                   
20005000  __STACK_END                                                               
20005000  __STACK_TOP                                                               
e000e000  ti_sysbios_family_arm_m3_Hwi_nvic                                         
ffffffff  __TI_pprof_out_hndl                                                       
ffffffff  __TI_prof_data_size                                                       
ffffffff  __TI_prof_data_start                                                      
ffffffff  __binit__                                                                 
ffffffff  __c_args__                                                                
ffffffff  binit                                                                     
UNDEFED   SHT$$INIT_ARRAY$$Base                                                     
UNDEFED   SHT$$INIT_ARRAY$$Limit                                                    

[1504 symbols]
