******************************************************************************
                  TI ARM Linker PC v18.1.3                     
******************************************************************************
>> Linked Thu Oct 11 23:29:17 2018

OUTPUT FILE NAME:   <lab7.out>
ENTRY POINT SYMBOL: "_c_int00_noinit_noargs"  address: 00000801


MEMORY CONFIGURATION

         name            origin    length      used     unused   attr    fill
----------------------  --------  ---------  --------  --------  ----  --------
  FLASH                 00000000   00040000  00000aac  0003f554  R  X
  SRAM                  20000000   00008000  00000068  00007f98  RW X


SEGMENT ALLOCATION MAP

run origin  load origin   length   init length attrs members
----------  ----------- ---------- ----------- ----- -------
00000000    00000000    00000aac   00000aac    r-x
  00000000    00000000    0000026c   0000026c    r-- .intvecs
  0000026c    0000026c    000006d4   000006d4    r-x .text
  00000940    00000940    0000016c   0000016c    r-- .const
20000000    20000000    00000068   00000000    rw-
  20000000    20000000    00000068   00000000    rw- .stack


SECTION ALLOCATION MAP

 output                                  attributes/
section   page    origin      length       input sections
--------  ----  ----------  ----------   ----------------
.intvecs   0    00000000    0000026c     
                  00000000    0000026c     tm4c123gh6pm_startup_ccs.obj (.intvecs)

.text      0    0000026c    000006d4     
                  0000026c    00000132     driverlib.lib : gpio.obj (.text:GPIOPadConfigSet)
                  0000039e    00000002     --HOLE-- [fill = 0]
                  000003a0    00000130     main_t0.obj (.text)
                  000004d0    00000110     driverlib.lib : sysctl.obj (.text:SysCtlClockGet)
                  000005e0    000000f4                   : sysctl.obj (.text:SysCtlClockSet)
                  000006d4    00000068                   : interrupt.obj (.text:IntEnable)
                  0000073c    00000048                   : gpio.obj (.text:GPIOPinConfigure)
                  00000784    00000046                   : uart.obj (.text:UARTConfigSetExpClk)
                  000007ca    00000002     --HOLE-- [fill = 0]
                  000007cc    00000034                   : sysctl.obj (.text:SysCtlPeripheralEnable)
                  00000800    00000030     rtsv7M4_T_le_v4SPD16_eabi.lib : boot_cortex_m.c.obj (.text:_c_int00_noinit_noargs:_c_int00_noinit_noargs)
                  00000830    0000002a     driverlib.lib : gpio.obj (.text:GPIODirModeSet)
                  0000085a    00000002     --HOLE-- [fill = 0]
                  0000085c    00000020                   : uart.obj (.text:UARTDisable)
                  0000087c    00000018                   : gpio.obj (.text:GPIOPinTypeGPIOOutput)
                  00000894    00000014                   : uart.obj (.text:UARTEnable)
                  000008a8    00000012                   : gpio.obj (.text:GPIOPinTypeUART)
                  000008ba    00000010                   : interrupt.obj (.text:IntMasterEnable)
                  000008ca    0000000e                   : uart.obj (.text:UARTCharGetNonBlocking)
                  000008d8    0000000e                   : uart.obj (.text:UARTCharPutNonBlocking)
                  000008e6    0000000e                   : uart.obj (.text:UARTCharsAvail)
                  000008f4    0000000c                   : cpu.obj (.text:CPUcpsie)
                  00000900    0000000c     tm4c123gh6pm_startup_ccs.obj (.text)
                  0000090c    0000000a     driverlib.lib : uart.obj (.text:UARTCharPut)
                  00000916    0000000a                   : uart.obj (.text:UARTIntStatus)
                  00000920    00000008                   : uart.obj (.text:UARTIntEnable)
                  00000928    00000006                   : gpio.obj (.text:GPIOPinWrite)
                  0000092e    00000006                   : sysctl.obj (.text:SysCtlDelay)
                  00000934    00000004                   : uart.obj (.text:UARTIntClear)
                  00000938    00000004     rtsv7M4_T_le_v4SPD16_eabi.lib : pre_init.c.obj (.text:_system_pre_init)
                  0000093c    00000004                                   : exit.c.obj (.text:abort:abort)

.const     0    00000940    0000016c     
                  00000940    00000090     driverlib.lib : gpio.obj (.const:g_pui32GPIOBaseAddrs)
                  000009d0    00000070                   : interrupt.obj (.const)
                  00000a40    0000006c                   : sysctl.obj (.const:g_pui32Xtals)

.cinit     0    00000000    00000000     UNINITIALIZED

.init_array 
*          0    00000000    00000000     UNINITIALIZED

.stack     0    20000000    00000068     UNINITIALIZED
                  20000000    00000004     rtsv7M4_T_le_v4SPD16_eabi.lib : boot_cortex_m.c.obj (.stack)
                  20000004    00000064     --HOLE--

MODULE SUMMARY

       Module                         code   ro data   rw data
       ------                         ----   -------   -------
    .\
       tm4c123gh6pm_startup_ccs.obj   12     620       0      
       main_t0.obj                    304    0         0      
    +--+------------------------------+------+---------+---------+
       Total:                         316    620       0      
                                                              
    C:/ti/tivaware_c_series_2_1_4_178/driverlib/ccs/Debug/driverlib.lib
       sysctl.obj                     574    108       0      
       gpio.obj                       468    144       0      
       interrupt.obj                  120    112       0      
       uart.obj                       196    0         0      
       cpu.obj                        12     0         0      
    +--+------------------------------+------+---------+---------+
       Total:                         1370   364       0      
                                                              
    C:\ti\ccsv8\tools\compiler\ti-cgt-arm_18.1.3.LTS\lib\rtsv7M4_T_le_v4SPD16_eabi.lib
       boot_cortex_m.c.obj            48     0         0      
       exit.c.obj                     4      0         0      
       pre_init.c.obj                 4      0         0      
    +--+------------------------------+------+---------+---------+
       Total:                         56     0         0      
                                                              
       Stack:                         0      0         104    
    +--+------------------------------+------+---------+---------+
       Grand Total:                   1742   984       104    


GLOBAL SYMBOLS: SORTED ALPHABETICALLY BY Name 

address   name                  
-------   ----                  
0000093d  C$$EXIT               
000008f5  CPUcpsie              
00000831  GPIODirModeSet        
0000026d  GPIOPadConfigSet      
0000073d  GPIOPinConfigure      
0000087d  GPIOPinTypeGPIOOutput 
000008a9  GPIOPinTypeUART       
00000929  GPIOPinWrite          
000006d5  IntEnable             
000008bb  IntMasterEnable       
00000901  ResetISR              
000004d1  SysCtlClockGet        
000005e1  SysCtlClockSet        
0000092f  SysCtlDelay           
000007cd  SysCtlPeripheralEnable
000004b5  Timer1IntHandler      
000008cb  UARTCharGetNonBlocking
0000090d  UARTCharPut           
000008d9  UARTCharPutNonBlocking
000008e7  UARTCharsAvail        
00000785  UARTConfigSetExpClk   
0000085d  UARTDisable           
00000895  UARTEnable            
00000935  UARTIntClear          
00000921  UARTIntEnable         
000003a1  UARTIntHandler        
00000917  UARTIntStatus         
20000068  __STACK_END           
00000068  __STACK_SIZE          
20000200  __STACK_TOP           
ffffffff  __TI_pprof_out_hndl   
ffffffff  __TI_prof_data_size   
ffffffff  __TI_prof_data_start  
00000000  __TI_static_base__    
ffffffff  __binit__             
ffffffff  __c_args__            
UNDEFED   __mpu_init            
20000000  __stack               
00000801  _c_int00_noinit_noargs
00000939  _system_pre_init      
0000093d  abort                 
ffffffff  binit                 
00000000  g_pfnVectors          
000003f5  main                  


GLOBAL SYMBOLS: SORTED BY Symbol Address 

address   name                  
-------   ----                  
00000000  __TI_static_base__    
00000000  g_pfnVectors          
00000068  __STACK_SIZE          
0000026d  GPIOPadConfigSet      
000003a1  UARTIntHandler        
000003f5  main                  
000004b5  Timer1IntHandler      
000004d1  SysCtlClockGet        
000005e1  SysCtlClockSet        
000006d5  IntEnable             
0000073d  GPIOPinConfigure      
00000785  UARTConfigSetExpClk   
000007cd  SysCtlPeripheralEnable
00000801  _c_int00_noinit_noargs
00000831  GPIODirModeSet        
0000085d  UARTDisable           
0000087d  GPIOPinTypeGPIOOutput 
00000895  UARTEnable            
000008a9  GPIOPinTypeUART       
000008bb  IntMasterEnable       
000008cb  UARTCharGetNonBlocking
000008d9  UARTCharPutNonBlocking
000008e7  UARTCharsAvail        
000008f5  CPUcpsie              
00000901  ResetISR              
0000090d  UARTCharPut           
00000917  UARTIntStatus         
00000921  UARTIntEnable         
00000929  GPIOPinWrite          
0000092f  SysCtlDelay           
00000935  UARTIntClear          
00000939  _system_pre_init      
0000093d  C$$EXIT               
0000093d  abort                 
20000000  __stack               
20000068  __STACK_END           
20000200  __STACK_TOP           
ffffffff  __TI_pprof_out_hndl   
ffffffff  __TI_prof_data_size   
ffffffff  __TI_prof_data_start  
ffffffff  __binit__             
ffffffff  __c_args__            
ffffffff  binit                 
UNDEFED   __mpu_init            

[44 symbols]
