******************************************************************************
                  TI ARM Linker PC v18.1.3                     
******************************************************************************
>> Linked Thu Oct  4 22:37:18 2018

OUTPUT FILE NAME:   <lab4.out>
ENTRY POINT SYMBOL: "_c_int00_noargs"  address: 00000c85


MEMORY CONFIGURATION

         name            origin    length      used     unused   attr    fill
----------------------  --------  ---------  --------  --------  ----  --------
  FLASH                 00000000   00040000  00000f32  0003f0ce  R  X
  SRAM                  20000000   00008000  00000074  00007f8c  RW X


SEGMENT ALLOCATION MAP

run origin  load origin   length   init length attrs members
----------  ----------- ---------- ----------- ----- -------
00000000    00000000    00000f38   00000f38    r-x
  00000000    00000000    0000026c   0000026c    r-- .intvecs
  0000026c    0000026c    00000bb2   00000bb2    r-x .text
  00000e20    00000e20    000000dc   000000dc    r-- .const
  00000f00    00000f00    00000038   00000038    r-- .cinit
20000000    20000000    00000074   00000000    rw-
  20000000    20000000    00000068   00000000    rw- .stack
  20000068    20000068    00000008   00000000    rw- .data
  20000070    20000070    00000004   00000000    rw- .bss


SECTION ALLOCATION MAP

 output                                  attributes/
section   page    origin      length       input sections
--------  ----  ----------  ----------   ----------------
.intvecs   0    00000000    0000026c     
                  00000000    0000026c     tm4c123gh6pm_startup_ccs.obj (.intvecs)

.text      0    0000026c    00000bb2     
                  0000026c    0000019c     main_t2.obj (.text)
                  00000408    00000136     rtsv7M4_T_le_v4SPD16_eabi.lib : fd_div_t2.asm.obj (.text)
                  0000053e    00000132     driverlib.lib : gpio.obj (.text:GPIOPadConfigSet)
                  00000670    00000110                   : sysctl.obj (.text:SysCtlClockGet)
                  00000780    000000fc     rtsv7M4_T_le_v4SPD16_eabi.lib : fd_mul_t2.asm.obj (.text)
                  0000087c    000000f4     driverlib.lib : sysctl.obj (.text:SysCtlClockSet)
                  00000970    0000009c     rtsv7M4_T_le_v4SPD16_eabi.lib : memcpy_t2.asm.obj (.text)
                  00000a0c    00000068     driverlib.lib : interrupt.obj (.text:IntDisable)
                  00000a74    00000068                   : interrupt.obj (.text:IntEnable)
                  00000adc    00000068     rtsv7M4_T_le_v4SPD16_eabi.lib : copy_decompress_lzss.c.obj (.text:decompress:lzss:__TI_decompress_lzss)
                  00000b44    00000060     driverlib.lib : timer.obj (.text:TimerConfigure)
                  00000ba4    00000056                   : gpio.obj (.text:GPIOIntTypeSet)
                  00000bfa    00000002     --HOLE-- [fill = 0]
                  00000bfc    00000044     rtsv7M4_T_le_v4SPD16_eabi.lib : autoinit.c.obj (.text:__TI_auto_init_nobinit_nopinit:__TI_auto_init_nobinit_nopinit)
                  00000c40    00000044                                   : fd_tou_t2.asm.obj (.text)
                  00000c84    00000038                                   : boot_cortex_m.c.obj (.text:_c_int00_noargs:_c_int00_noargs)
                  00000cbc    00000034     driverlib.lib : sysctl.obj (.text:SysCtlPeripheralEnable)
                  00000cf0    0000002a                   : gpio.obj (.text:GPIODirModeSet)
                  00000d1a    00000020     rtsv7M4_T_le_v4SPD16_eabi.lib : u_tofd_t2.asm.obj (.text)
                  00000d3a    00000018     driverlib.lib : gpio.obj (.text:GPIOPinTypeGPIOOutput)
                  00000d52    00000002     --HOLE-- [fill = 0]
                  00000d54    00000018                   : timer.obj (.text:TimerDisable)
                  00000d6c    00000012                   : gpio.obj (.text:GPIOPinTypeGPIOInput)
                  00000d7e    00000012                   : timer.obj (.text:TimerLoadSet)
                  00000d90    00000012     rtsv7M4_T_le_v4SPD16_eabi.lib : copy_zero_init.c.obj (.text:decompress:ZI:__TI_zero_init_nomemset:__TI_zero_init_nomemset)
                  00000da2    00000010     driverlib.lib : interrupt.obj (.text:IntMasterEnable)
                  00000db2    0000000e                   : timer.obj (.text:TimerEnable)
                  00000dc0    0000000e     rtsv7M4_T_le_v4SPD16_eabi.lib : copy_decompress_none.c.obj (.text:decompress:none:__TI_decompress_none)
                  00000dce    0000000c     driverlib.lib : cpu.obj (.text:CPUcpsie)
                  00000dda    0000000c                   : gpio.obj (.text:GPIOIntEnable)
                  00000de6    0000000c     tm4c123gh6pm_startup_ccs.obj (.text)
                  00000df2    00000008     driverlib.lib : timer.obj (.text:TimerIntEnable)
                  00000dfa    00000006                   : gpio.obj (.text:GPIOIntClear)
                  00000e00    00000006                   : gpio.obj (.text:GPIOPinRead)
                  00000e06    00000006                   : gpio.obj (.text:GPIOPinWrite)
                  00000e0c    00000006                   : sysctl.obj (.text:SysCtlDelay)
                  00000e12    00000004                   : timer.obj (.text:TimerIntClear)
                  00000e16    00000004     rtsv7M4_T_le_v4SPD16_eabi.lib : pre_init.c.obj (.text:_system_pre_init)
                  00000e1a    00000004                                   : exit.c.obj (.text:abort:abort)

.const     0    00000e20    000000dc     
                  00000e20    00000070     driverlib.lib : interrupt.obj (.const)
                  00000e90    0000006c                   : sysctl.obj (.const:g_pui32Xtals)

.cinit     0    00000f00    00000038     
                  00000f00    0000000d     (.cinit..data.load) [load image, compression = lzss]
                  00000f0d    00000003     --HOLE-- [fill = 0]
                  00000f10    0000000c     (__TI_handler_table)
                  00000f1c    00000004     --HOLE-- [fill = 0]
                  00000f20    00000008     (.cinit..bss.load) [load image, compression = zero_init]
                  00000f28    00000010     (__TI_cinit_table)

.init_array 
*          0    00000000    00000000     UNINITIALIZED

.data      0    20000068    00000008     UNINITIALIZED
                  20000068    00000008     main_t2.obj (.data)

.bss       0    20000070    00000004     UNINITIALIZED
                  20000070    00000004     (.common:ui32Period)

.stack     0    20000000    00000068     UNINITIALIZED
                  20000000    00000004     rtsv7M4_T_le_v4SPD16_eabi.lib : boot_cortex_m.c.obj (.stack)
                  20000004    00000064     --HOLE--

MODULE SUMMARY

       Module                         code   ro data   rw data
       ------                         ----   -------   -------
    .\
       tm4c123gh6pm_startup_ccs.obj   12     620       0      
       main_t2.obj                    412    0         12     
    +--+------------------------------+------+---------+---------+
       Total:                         424    620       12     
                                                              
    C:/ti/tivaware_c_series_2_1_4_178/driverlib/ccs/Debug/driverlib.lib
       sysctl.obj                     574    108       0      
       gpio.obj                       506    0         0      
       interrupt.obj                  224    112       0      
       timer.obj                      164    0         0      
       cpu.obj                        12     0         0      
    +--+------------------------------+------+---------+---------+
       Total:                         1480   220       0      
                                                              
    C:\ti\ccsv8\tools\compiler\ti-cgt-arm_18.1.3.LTS\lib\rtsv7M4_T_le_v4SPD16_eabi.lib
       fd_div_t2.asm.obj              310    0         0      
       fd_mul_t2.asm.obj              252    0         0      
       memcpy_t2.asm.obj              156    0         0      
       copy_decompress_lzss.c.obj     104    0         0      
       autoinit.c.obj                 68     0         0      
       fd_tou_t2.asm.obj              68     0         0      
       boot_cortex_m.c.obj            56     0         0      
       u_tofd_t2.asm.obj              32     0         0      
       copy_zero_init.c.obj           18     0         0      
       copy_decompress_none.c.obj     14     0         0      
       exit.c.obj                     4      0         0      
       pre_init.c.obj                 4      0         0      
    +--+------------------------------+------+---------+---------+
       Total:                         1086   0         0      
                                                              
       Stack:                         0      0         104    
       Linker Generated:              0      49        0      
    +--+------------------------------+------+---------+---------+
       Grand Total:                   2990   889       116    


LINKER GENERATED COPY TABLES

__TI_cinit_table @ 00000f28 records: 2, size/record: 8, table size: 16
	.data: load addr=00000f00, load size=0000000d bytes, run addr=20000068, run size=00000008 bytes, compression=lzss
	.bss: load addr=00000f20, load size=00000008 bytes, run addr=20000070, run size=00000004 bytes, compression=zero_init


LINKER GENERATED HANDLER TABLE

__TI_handler_table @ 00000f10 records: 3, size/record: 4, table size: 12
	index: 0, handler: __TI_decompress_lzss
	index: 1, handler: __TI_decompress_none
	index: 2, handler: __TI_zero_init


GLOBAL SYMBOLS: SORTED ALPHABETICALLY BY Name 

address   name                          
-------   ----                          
00000e1b  C$$EXIT                       
00000dcf  CPUcpsie                      
20000068  DUTY_75                       
00000cf1  GPIODirModeSet                
00000dfb  GPIOIntClear                  
00000ddb  GPIOIntEnable                 
00000ba5  GPIOIntTypeSet                
0000053f  GPIOPadConfigSet              
00000e01  GPIOPinRead                   
00000d6d  GPIOPinTypeGPIOInput          
00000d3b  GPIOPinTypeGPIOOutput         
00000e07  GPIOPinWrite                  
00000a0d  IntDisable                    
00000a75  IntEnable                     
00000da3  IntMasterEnable               
00000347  PortFPin0IntHandler           
00000de7  ResetISR                      
00000671  SysCtlClockGet                
0000087d  SysCtlClockSet                
00000e0d  SysCtlDelay                   
00000cbd  SysCtlPeripheralEnable        
0000031b  Timer0IntHandler              
0000039f  Timer1IntHandler              
00000b45  TimerConfigure                
00000d55  TimerDisable                  
00000db3  TimerEnable                   
00000e13  TimerIntClear                 
00000df3  TimerIntEnable                
00000d7f  TimerLoadSet                  
20000068  __STACK_END                   
00000068  __STACK_SIZE                  
20000200  __STACK_TOP                   
00000f28  __TI_CINIT_Base               
00000f38  __TI_CINIT_Limit              
00000f10  __TI_Handler_Table_Base       
00000f1c  __TI_Handler_Table_Limit      
00000bfd  __TI_auto_init_nobinit_nopinit
00000add  __TI_decompress_lzss          
00000dc1  __TI_decompress_none          
ffffffff  __TI_pprof_out_hndl           
ffffffff  __TI_prof_data_size           
ffffffff  __TI_prof_data_start          
00000000  __TI_static_base__            
00000d91  __TI_zero_init_nomemset       
00000c41  __aeabi_d2uiz                 
00000409  __aeabi_ddiv                  
00000781  __aeabi_dmul                  
00000971  __aeabi_memcpy                
00000971  __aeabi_memcpy4               
00000971  __aeabi_memcpy8               
00000d1b  __aeabi_ui2d                  
ffffffff  __binit__                     
ffffffff  __c_args__                    
UNDEFED   __mpu_init                    
20000000  __stack                       
00000c85  _c_int00_noargs               
UNDEFED   _system_post_cinit            
00000e17  _system_pre_init              
00000e1b  abort                         
ffffffff  binit                         
00000000  g_pfnVectors                  
0000026d  main                          
00000971  memcpy                        
20000070  ui32Period                    


GLOBAL SYMBOLS: SORTED BY Symbol Address 

address   name                          
-------   ----                          
00000000  __TI_static_base__            
00000000  g_pfnVectors                  
00000068  __STACK_SIZE                  
0000026d  main                          
0000031b  Timer0IntHandler              
00000347  PortFPin0IntHandler           
0000039f  Timer1IntHandler              
00000409  __aeabi_ddiv                  
0000053f  GPIOPadConfigSet              
00000671  SysCtlClockGet                
00000781  __aeabi_dmul                  
0000087d  SysCtlClockSet                
00000971  __aeabi_memcpy                
00000971  __aeabi_memcpy4               
00000971  __aeabi_memcpy8               
00000971  memcpy                        
00000a0d  IntDisable                    
00000a75  IntEnable                     
00000add  __TI_decompress_lzss          
00000b45  TimerConfigure                
00000ba5  GPIOIntTypeSet                
00000bfd  __TI_auto_init_nobinit_nopinit
00000c41  __aeabi_d2uiz                 
00000c85  _c_int00_noargs               
00000cbd  SysCtlPeripheralEnable        
00000cf1  GPIODirModeSet                
00000d1b  __aeabi_ui2d                  
00000d3b  GPIOPinTypeGPIOOutput         
00000d55  TimerDisable                  
00000d6d  GPIOPinTypeGPIOInput          
00000d7f  TimerLoadSet                  
00000d91  __TI_zero_init_nomemset       
00000da3  IntMasterEnable               
00000db3  TimerEnable                   
00000dc1  __TI_decompress_none          
00000dcf  CPUcpsie                      
00000ddb  GPIOIntEnable                 
00000de7  ResetISR                      
00000df3  TimerIntEnable                
00000dfb  GPIOIntClear                  
00000e01  GPIOPinRead                   
00000e07  GPIOPinWrite                  
00000e0d  SysCtlDelay                   
00000e13  TimerIntClear                 
00000e17  _system_pre_init              
00000e1b  C$$EXIT                       
00000e1b  abort                         
00000f10  __TI_Handler_Table_Base       
00000f1c  __TI_Handler_Table_Limit      
00000f28  __TI_CINIT_Base               
00000f38  __TI_CINIT_Limit              
20000000  __stack                       
20000068  DUTY_75                       
20000068  __STACK_END                   
20000070  ui32Period                    
20000200  __STACK_TOP                   
ffffffff  __TI_pprof_out_hndl           
ffffffff  __TI_prof_data_size           
ffffffff  __TI_prof_data_start          
ffffffff  __binit__                     
ffffffff  __c_args__                    
ffffffff  binit                         
UNDEFED   __mpu_init                    
UNDEFED   _system_post_cinit            

[64 symbols]
