******************************************************************************
                  TI ARM Linker PC v18.1.2                     
******************************************************************************
>> Linked Mon Oct  1 12:09:31 2018

OUTPUT FILE NAME:   <lab4.out>
ENTRY POINT SYMBOL: "_c_int00_noargs"  address: 00002f55


MEMORY CONFIGURATION

         name            origin    length      used     unused   attr    fill
----------------------  --------  ---------  --------  --------  ----  --------
  FLASH                 00000000   00040000  000037f8  0003c808  R  X
  SRAM                  20000000   00008000  00000690  00007970  RW X


SEGMENT ALLOCATION MAP

run origin  load origin   length   init length attrs members
----------  ----------- ---------- ----------- ----- -------
00000000    00000000    000037f8   000037f8    r-x
  00000000    00000000    0000026c   0000026c    r-- .intvecs
  0000026c    0000026c    0000316c   0000316c    r-x .text
  000033d8    000033d8    00000378   00000378    r-- .const
  00003750    00003750    000000a8   000000a8    r-- .cinit
20000000    20000000    00000690   00000000    rw-
  20000000    20000000    0000026c   00000000    rw- .vtable
  2000026c    2000026c    000001ec   00000000    rw- .data
  20000458    20000458    000001c8   00000000    rw- .bss
  20000620    20000620    00000068   00000000    rw- .stack
  20000688    20000688    00000008   00000000    rw- .sysmem


SECTION ALLOCATION MAP

 output                                  attributes/
section   page    origin      length       input sections
--------  ----  ----------  ----------   ----------------
.intvecs   0    00000000    0000026c     
                  00000000    0000026c     tm4c123gh6pm_startup_ccs.obj (.intvecs)

.text      0    0000026c    0000316c     
                  0000026c    00000a5e     rtsv7M4_T_le_v4SPD16_eabi.lib : _printfi.c.obj (.text:__TI_printfi)
                  00000cca    00000002                                   : _lock.c.obj (.text:_nop)
                  00000ccc    00000270                                   : _printfi.c.obj (.text:_pconv_a)
                  00000f3c    000001d8     main_t3.obj (.text)
                  00001114    000001d0     rtsv7M4_T_le_v4SPD16_eabi.lib : _printfi.c.obj (.text:_pconv_g)
                  000012e4    000001b6                                   : fd_add_t2.asm.obj (.text)
                  0000149a    00000002                                   : div0.asm.obj (.text)
                  0000149c    0000013c                                   : _printfi.c.obj (.text:_pconv_e)
                  000015d8    00000136                                   : fd_div_t2.asm.obj (.text)
                  0000170e    00000132     driverlib.lib : gpio.obj (.text:GPIOPadConfigSet)
                  00001840    00000120     rtsv7M4_T_le_v4SPD16_eabi.lib : _printfi.c.obj (.text:fcvt)
                  00001960    00000114                                   : fputs.c.obj (.text:fputs)
                  00001a74    00000110     driverlib.lib : sysctl.obj (.text:SysCtlClockGet)
                  00001b84    00000110     rtsv7M4_T_le_v4SPD16_eabi.lib : s_scalbn.c.obj (.text:scalbn)
                  00001c94    000000fc                                   : fd_mul_t2.asm.obj (.text)
                  00001d90    000000f4     driverlib.lib : sysctl.obj (.text:SysCtlClockSet)
                  00001e84    000000dc     rtsv7M4_T_le_v4SPD16_eabi.lib : setvbuf.c.obj (.text:setvbuf)
                  00001f60    000000d8                                   : memory.c.obj (.text:free)
                  00002038    000000b1                                   : _printfi.c.obj (.text:_ltostr)
                  000020e9    00000001     --HOLE-- [fill = 0]
                  000020ea    0000009c                                   : memcpy_t2.asm.obj (.text)
                  00002186    00000096                                   : ull_div_t2.asm.obj (.text)
                  0000221c    0000008c                                   : fputc.c.obj (.text:fputc)
                  000022a8    00000086                                   : fd_cmp_t2.asm.obj (.text:__aeabi_cdcmple)
                  0000232e    00000086                                   : fd_cmp_t2.asm.obj (.text:__aeabi_cdrcmple)
                  000023b4    0000007a                                   : memset_t2.asm.obj (.text)
                  0000242e    00000002     --HOLE-- [fill = 0]
                  00002430    00000078                                   : memory.c.obj (.text:malloc)
                  000024a8    00000074                                   : fclose.c.obj (.text:__TI_closefile)
                  0000251c    0000006e                                   : _printfi.c.obj (.text:_mcpy)
                  0000258a    00000002     --HOLE-- [fill = 0]
                  0000258c    00000068                                   : hostlseek.c.obj (.text:HOSTlseek)
                  000025f4    00000068                                   : hostrename.c.obj (.text:HOSTrename)
                  0000265c    00000068     driverlib.lib : interrupt.obj (.text:IntEnable)
                  000026c4    00000068     rtsv7M4_T_le_v4SPD16_eabi.lib : copy_decompress_lzss.c.obj (.text:decompress:lzss:__TI_decompress_lzss)
                  0000272c    00000068                                   : printf.c.obj (.text:printf)
                  00002794    00000064                                   : s_frexp.c.obj (.text:frexp)
                  000027f8    00000064                                   : fseek.c.obj (.text:fseek)
                  0000285c    00000062                                   : _io_perm.c.obj (.text:__TI_wrt_ok)
                  000028be    00000002     --HOLE-- [fill = 0]
                  000028c0    00000060                                   : hostopen.c.obj (.text:HOSTopen)
                  00002920    00000060     driverlib.lib : timer.obj (.text:TimerConfigure)
                  00002980    0000005c     rtsv7M4_T_le_v4SPD16_eabi.lib : close.c.obj (.text:close)
                  000029dc    00000058                                   : hostread.c.obj (.text:HOSTread)
                  00002a34    00000058                                   : hostwrite.c.obj (.text:HOSTwrite)
                  00002a8c    00000056     driverlib.lib : gpio.obj (.text:GPIOIntTypeSet)
                  00002ae2    00000056     rtsv7M4_T_le_v4SPD16_eabi.lib : _printfi.c.obj (.text:_pconv_f)
                  00002b38    00000054                                   : ltoa.c.obj (.text:ltoa)
                  00002b8c    00000052                                   : _printfi.c.obj (.text:_ecpy)
                  00002bde    0000004c                                   : fflush.c.obj (.text:__TI_doflush)
                  00002c2a    00000002     --HOLE-- [fill = 0]
                  00002c2c    0000004c                                   : atoi.c.obj (.text:atoi)
                  00002c78    00000048                                   : exit.c.obj (.text:exit)
                  00002cc0    00000048                                   : fd_toi_t2.asm.obj (.text)
                  00002d08    00000044                                   : hostclose.c.obj (.text:HOSTclose)
                  00002d4c    00000044                                   : hostunlink.c.obj (.text:HOSTunlink)
                  00002d90    00000044     driverlib.lib : gpio.obj (.text:_GPIOIntNumberGet)
                  00002dd4    00000044     rtsv7M4_T_le_v4SPD16_eabi.lib : autoinit.c.obj (.text:__TI_auto_init_nobinit_nopinit:__TI_auto_init_nobinit_nopinit)
                  00002e18    00000044                                   : getdevice.c.obj (.text:getdevice)
                  00002e5c    00000044                                   : fd_tou_t2.asm.obj (.text)
                  00002ea0    0000003e                                   : _printfi.c.obj (.text:_fcpy)
                  00002ede    00000002     --HOLE-- [fill = 0]
                  00002ee0    0000003c                                   : memory.c.obj (.text:minsert)
                  00002f1c    00000038                                   : trgmsg.c.obj (.text:__TI_writemsg)
                  00002f54    00000038                                   : boot_cortex_m.c.obj (.text:_c_int00_noargs:_c_int00_noargs)
                  00002f8c    00000038                                   : memory.c.obj (.text:minit)
                  00002fc4    00000036                                   : strncpy.c.obj (.text:strncpy)
                  00002ffa    00000002     --HOLE-- [fill = 0]
                  00002ffc    00000034     driverlib.lib : interrupt.obj (.text:IntRegister)
                  00003030    00000034                   : sysctl.obj (.text:SysCtlPeripheralEnable)
                  00003064    00000034     rtsv7M4_T_le_v4SPD16_eabi.lib : fopen.c.obj (.text:__TI_cleanup)
                  00003098    00000034                                   : trgmsg.c.obj (.text:__TI_readmsg)
                  000030cc    00000030                                   : getdevice.c.obj (.text:finddevice)
                  000030fc    0000002e                                   : i_tofd_t2.asm.obj (.text)
                  0000312a    00000002     --HOLE-- [fill = 0]
                  0000312c    0000002c                                   : unlink.c.obj (.text:unlink)
                  00003158    0000002a     driverlib.lib : gpio.obj (.text:GPIODirModeSet)
                  00003182    00000002     --HOLE-- [fill = 0]
                  00003184    00000028     rtsv7M4_T_le_v4SPD16_eabi.lib : lseek.c.obj (.text:lseek)
                  000031ac    00000028                                   : memory.c.obj (.text:mremove)
                  000031d4    00000028                                   : write.c.obj (.text:write)
                  000031fc    00000020                                   : memchr.c.obj (.text:memchr)
                  0000321c    00000020                                   : u_tofd_t2.asm.obj (.text)
                  0000323c    0000001c                                   : memccpy.c.obj (.text:memccpy)
                  00003258    00000018     driverlib.lib : gpio.obj (.text:GPIOIntRegister)
                  00003270    00000018                   : gpio.obj (.text:GPIOPinTypeGPIOOutput)
                  00003288    00000018     rtsv7M4_T_le_v4SPD16_eabi.lib : strcmp.c.obj (.text:strcmp)
                  000032a0    00000016                                   : strchr.c.obj (.text:strchr)
                  000032b6    00000014                                   : s_copysign.c.obj (.text:copysign)
                  000032ca    00000014                                   : strcpy.c.obj (.text:strcpy)
                  000032de    00000014                                   : strlen.c.obj (.text:strlen)
                  000032f2    00000012     driverlib.lib : gpio.obj (.text:GPIOPinTypeGPIOInput)
                  00003304    00000012                   : timer.obj (.text:TimerLoadSet)
                  00003316    00000012     rtsv7M4_T_le_v4SPD16_eabi.lib : wcslen.c.obj (.text:wcslen)
                  00003328    00000010     driverlib.lib : interrupt.obj (.text:IntMasterEnable)
                  00003338    0000000e                   : gpio.obj (.text:GPIOIntDisable)
                  00003346    0000000e                   : gpio.obj (.text:GPIOIntStatus)
                  00003354    0000000e                   : timer.obj (.text:TimerEnable)
                  00003362    0000000e     rtsv7M4_T_le_v4SPD16_eabi.lib : copy_decompress_none.c.obj (.text:decompress:none:__TI_decompress_none)
                  00003370    0000000c     driverlib.lib : cpu.obj (.text:CPUcpsie)
                  0000337c    0000000c                   : gpio.obj (.text:GPIOIntEnable)
                  00003388    0000000c     rtsv7M4_T_le_v4SPD16_eabi.lib : copy_zero_init.c.obj (.text:decompress:ZI:__TI_zero_init)
                  00003394    0000000c     tm4c123gh6pm_startup_ccs.obj (.text)
                  000033a0    00000008     driverlib.lib : timer.obj (.text:TimerIntEnable)
                  000033a8    00000008     rtsv7M4_T_le_v4SPD16_eabi.lib : errno.c.obj (.text:__aeabi_errno_addr)
                  000033b0    00000006     driverlib.lib : gpio.obj (.text:GPIOIntClear)
                  000033b6    00000006                   : gpio.obj (.text:GPIOPinRead)
                  000033bc    00000006                   : gpio.obj (.text:GPIOPinWrite)
                  000033c2    00000006                   : sysctl.obj (.text:SysCtlDelay)
                  000033c8    00000004     rtsv7M4_T_le_v4SPD16_eabi.lib : printf.c.obj (.text:_outc)
                  000033cc    00000004                                   : printf.c.obj (.text:_outs)
                  000033d0    00000004                                   : pre_init.c.obj (.text:_system_pre_init)
                  000033d4    00000004                                   : exit.c.obj (.text:abort:abort)

.const     0    000033d8    00000378     
                  000033d8    00000101     rtsv7M4_T_le_v4SPD16_eabi.lib : ctype.c.obj (.const:.string:_ctypes_)
                  000034d9    00000003     --HOLE-- [fill = 0]
                  000034dc    000000d8     driverlib.lib : gpio.obj (.const:g_ppui32GPIOIntMapSnowflake)
                  000035b4    000000c0                   : gpio.obj (.const:g_ppui32GPIOIntMapBlizzard)
                  00003674    00000070                   : interrupt.obj (.const)
                  000036e4    0000006c                   : sysctl.obj (.const:g_pui32Xtals)

.cinit     0    00003750    000000a8     
                  00003750    00000073     (.cinit..data.load) [load image, compression = lzss]
                  000037c3    00000001     --HOLE-- [fill = 0]
                  000037c4    0000000c     (__TI_handler_table)
                  000037d0    00000008     (.cinit..bss.load) [load image, compression = zero_init]
                  000037d8    00000008     (.cinit..vtable.load) [load image, compression = zero_init]
                  000037e0    00000018     (__TI_cinit_table)

.init_array 
*          0    00000000    00000000     UNINITIALIZED

.vtable    0    20000000    0000026c     UNINITIALIZED
                  20000000    0000026c     driverlib.lib : interrupt.obj (.vtable)

.data      0    2000026c    000001ec     UNINITIALIZED
                  2000026c    000000f0     rtsv7M4_T_le_v4SPD16_eabi.lib : defs.c.obj (.data:_ftable)
                  2000035c    00000078                                   : write.c.obj (.data:_device)
                  200003d4    00000050                                   : write.c.obj (.data:_stream)
                  20000424    00000010                                   : defs.c.obj (.data)
                  20000434    0000000c                                   : exit.c.obj (.data:$O1$$)
                  20000440    0000000c                                   : memory.c.obj (.data:$O1$$)
                  2000044c    00000008                                   : _lock.c.obj (.data:$O1$$)
                  20000454    00000004                                   : errno.c.obj (.data)

.bss       0    20000458    000001c8     UNINITIALIZED
                  20000458    00000120     rtsv7M4_T_le_v4SPD16_eabi.lib : trgmsg.c.obj (.bss:_CIOBUF_)
                  20000578    000000a0     (.common:__TI_tmpnams)
                  20000618    00000008     (.common:parmbuf)

.stack     0    20000620    00000068     UNINITIALIZED
                  20000620    00000004     rtsv7M4_T_le_v4SPD16_eabi.lib : boot_cortex_m.c.obj (.stack)
                  20000624    00000064     --HOLE--

.sysmem    0    20000688    00000008     UNINITIALIZED
                  20000688    00000008     rtsv7M4_T_le_v4SPD16_eabi.lib : memory.c.obj (.sysmem)

MODULE SUMMARY

       Module                         code    ro data   rw data
       ------                         ----    -------   -------
    .\
       tm4c123gh6pm_startup_ccs.obj   12      620       0      
       main_t3.obj                    472     0         0      
    +--+------------------------------+-------+---------+---------+
       Total:                         484     620       0      
                                                               
    C:/ti/tivaware_c_series_2_1_4_178/driverlib/ccs/Debug/driverlib.lib
       gpio.obj                       626     408       0      
       interrupt.obj                  172     112       620    
       sysctl.obj                     574     108       0      
       timer.obj                      136     0         0      
       cpu.obj                        12      0         0      
    +--+------------------------------+-------+---------+---------+
       Total:                         1520    628       620    
                                                               
    C:\ti\ccsv8\tools\compiler\ti-cgt-arm_18.1.2.LTS\lib\rtsv7M4_T_le_v4SPD16_eabi.lib
       _printfi.c.obj                 4863    0         0      
       memory.c.obj                   492     0         12     
       fd_add_t2.asm.obj              438     0         0      
       defs.c.obj                     0       0         416    
       trgmsg.c.obj                   108     0         288    
       fd_div_t2.asm.obj              310     0         0      
       fputs.c.obj                    276     0         0      
       s_scalbn.c.obj                 272     0         0      
       fd_cmp_t2.asm.obj              268     0         0      
       ctype.c.obj                    0       257       0      
       fd_mul_t2.asm.obj              252     0         0      
       write.c.obj                    40      0         200    
       setvbuf.c.obj                  220     0         0      
       memcpy_t2.asm.obj              156     0         0      
       ull_div_t2.asm.obj             150     0         0      
       fputc.c.obj                    140     0         0      
       memset_t2.asm.obj              122     0         0      
       fclose.c.obj                   116     0         0      
       getdevice.c.obj                116     0         0      
       printf.c.obj                   112     0         0      
       copy_decompress_lzss.c.obj     104     0         0      
       hostlseek.c.obj                104     0         0      
       hostopen.c.obj                 96      0         8      
       hostrename.c.obj               104     0         0      
       fseek.c.obj                    100     0         0      
       s_frexp.c.obj                  100     0         0      
       _io_perm.c.obj                 98      0         0      
       close.c.obj                    92      0         0      
       exit.c.obj                     76      0         12     
       hostread.c.obj                 88      0         0      
       hostwrite.c.obj                88      0         0      
       ltoa.c.obj                     84      0         0      
       atoi.c.obj                     76      0         0      
       fflush.c.obj                   76      0         0      
       fd_toi_t2.asm.obj              72      0         0      
       autoinit.c.obj                 68      0         0      
       fd_tou_t2.asm.obj              68      0         0      
       hostclose.c.obj                68      0         0      
       hostunlink.c.obj               68      0         0      
       boot_cortex_m.c.obj            56      0         0      
       strncpy.c.obj                  54      0         0      
       fopen.c.obj                    52      0         0      
       i_tofd_t2.asm.obj              46      0         0      
       unlink.c.obj                   44      0         0      
       lseek.c.obj                    40      0         0      
       memchr.c.obj                   32      0         0      
       u_tofd_t2.asm.obj              32      0         0      
       memccpy.c.obj                  28      0         0      
       strcmp.c.obj                   24      0         0      
       strchr.c.obj                   22      0         0      
       s_copysign.c.obj               20      0         0      
       strcpy.c.obj                   20      0         0      
       strlen.c.obj                   20      0         0      
       wcslen.c.obj                   18      0         0      
       copy_decompress_none.c.obj     14      0         0      
       copy_zero_init.c.obj           12      0         0      
       errno.c.obj                    8       0         4      
       _lock.c.obj                    2       0         8      
       pre_init.c.obj                 4       0         0      
       div0.asm.obj                   2       0         0      
    +--+------------------------------+-------+---------+---------+
       Total:                         10631   257       948    
                                                               
       Heap:                          0       0         8      
       Stack:                         0       0         104    
       Linker Generated:              0       167       0      
    +--+------------------------------+-------+---------+---------+
       Grand Total:                   12635   1672      1680   


LINKER GENERATED COPY TABLES

__TI_cinit_table @ 000037e0 records: 3, size/record: 8, table size: 24
	.data: load addr=00003750, load size=00000073 bytes, run addr=2000026c, run size=000001ec bytes, compression=lzss
	.bss: load addr=000037d0, load size=00000008 bytes, run addr=20000458, run size=000001c8 bytes, compression=zero_init
	.vtable: load addr=000037d8, load size=00000008 bytes, run addr=20000000, run size=0000026c bytes, compression=zero_init


LINKER GENERATED HANDLER TABLE

__TI_handler_table @ 000037c4 records: 3, size/record: 4, table size: 12
	index: 0, handler: __TI_zero_init
	index: 1, handler: __TI_decompress_lzss
	index: 2, handler: __TI_decompress_none


GLOBAL SYMBOLS: SORTED ALPHABETICALLY BY Name 

address   name                           
-------   ----                           
000033d5  C$$EXIT                        
00002f4b  C$$IO$$                        
00003371  CPUcpsie                       
00003159  GPIODirModeSet                 
000033b1  GPIOIntClear                   
00003339  GPIOIntDisable                 
0000337d  GPIOIntEnable                  
00003259  GPIOIntRegister                
00003347  GPIOIntStatus                  
00002a8d  GPIOIntTypeSet                 
0000170f  GPIOPadConfigSet               
000033b7  GPIOPinRead                    
000032f3  GPIOPinTypeGPIOInput           
00003271  GPIOPinTypeGPIOOutput          
000033bd  GPIOPinWrite                   
00002d09  HOSTclose                      
0000258d  HOSTlseek                      
000028c1  HOSTopen                       
000029dd  HOSTread                       
000025f5  HOSTrename                     
00002d4d  HOSTunlink                     
00002a35  HOSTwrite                      
0000265d  IntEnable                      
00003329  IntMasterEnable                
00002ffd  IntRegister                    
0000104f  PortFPin0IntHandler            
00003395  ResetISR                       
00001a75  SysCtlClockGet                 
00001d91  SysCtlClockSet                 
000033c3  SysCtlDelay                    
00003031  SysCtlPeripheralEnable         
0000104d  Timer0IntHandler               
00002921  TimerConfigure                 
00003355  TimerEnable                    
000033a1  TimerIntEnable                 
00003305  TimerLoadSet                   
20000458  __CIOBUF_                      
20000688  __STACK_END                    
00000068  __STACK_SIZE                   
20000820  __STACK_TOP                    
00000008  __SYSMEM_SIZE                  
000037e0  __TI_CINIT_Base                
000037f8  __TI_CINIT_Limit               
000037c4  __TI_Handler_Table_Base        
000037d0  __TI_Handler_Table_Limit       
00002dd5  __TI_auto_init_nobinit_nopinit 
00003065  __TI_cleanup                   
20000434  __TI_cleanup_ptr               
000024a9  __TI_closefile                 
000026c5  __TI_decompress_lzss           
00003363  __TI_decompress_none           
00002bdf  __TI_doflush                   
20000438  __TI_dtors_ptr                 
2000043c  __TI_enable_exit_profile_output
20000424  __TI_ft_end                    
ffffffff  __TI_pprof_out_hndl            
0000026d  __TI_printfi                   
ffffffff  __TI_prof_data_size            
ffffffff  __TI_prof_data_start           
00003099  __TI_readmsg                   
00000000  __TI_static_base__             
20000578  __TI_tmpnams                   
00002f1d  __TI_writemsg                  
0000285d  __TI_wrt_ok                    
00003389  __TI_zero_init                 
000022a9  __aeabi_cdcmpeq                
000022a9  __aeabi_cdcmple                
0000232f  __aeabi_cdrcmple               
00002cc1  __aeabi_d2iz                   
00002e5d  __aeabi_d2uiz                  
000012ef  __aeabi_dadd                   
000015d9  __aeabi_ddiv                   
00001c95  __aeabi_dmul                   
000012e5  __aeabi_dsub                   
000033a9  __aeabi_errno_addr             
000030fd  __aeabi_i2d                    
0000149b  __aeabi_idiv0                  
0000149b  __aeabi_ldiv0                  
000023b5  __aeabi_memclr                 
000023b5  __aeabi_memclr4                
000023b5  __aeabi_memclr8                
000020eb  __aeabi_memcpy                 
000020eb  __aeabi_memcpy4                
000020eb  __aeabi_memcpy8                
000023b7  __aeabi_memset                 
000023b7  __aeabi_memset4                
000023b7  __aeabi_memset8                
20000430  __aeabi_stderr                 
20000428  __aeabi_stdin                  
2000042c  __aeabi_stdout                 
0000321d  __aeabi_ui2d                   
00002187  __aeabi_uldivmod               
ffffffff  __binit__                      
ffffffff  __c_args__                     
UNDEFED   __mpu_init                     
20000620  __stack                        
00002f55  _c_int00_noargs                
000033d8  _ctypes_                       
2000035c  _device                        
2000026c  _ftable                        
2000044c  _lock                          
00000ccb  _nop                           
200003d4  _stream                        
20000688  _sys_memory                    
UNDEFED   _system_post_cinit             
000033d1  _system_pre_init               
20000450  _unlock                        
000033d5  abort                          
00002c2d  atoi                           
ffffffff  binit                          
00002981  close                          
000032b7  copysign                       
000032b7  copysignl                      
20000454  errno                          
00002c79  exit                           
000030cd  finddevice                     
0000221d  fputc                          
00001961  fputs                          
00001f61  free                           
00002795  frexp                          
00002795  frexpl                         
000027f9  fseek                          
20000000  g_pfnRAMVectors                
00000000  g_pfnVectors                   
00002e19  getdevice                      
00001b85  ldexp                          
00001b85  ldexpl                         
00003185  lseek                          
00002b39  ltoa                           
00000f9d  main                           
00002431  malloc                         
0000323d  memccpy                        
000031fd  memchr                         
000020eb  memcpy                         
000023bd  memset                         
00002f8d  minit                          
00000f3d  onButtonDown                   
00000f6d  onButtonUp                     
20000618  parmbuf                        
0000272d  printf                         
0000221d  putc                           
0000312d  remove                         
00001b85  scalbn                         
00001b85  scalbnl                        
00001e85  setvbuf                        
000032a1  strchr                         
00003289  strcmp                         
000032cb  strcpy                         
000032df  strlen                         
00002fc5  strncpy                        
0000312d  unlink                         
00003317  wcslen                         
000031d5  write                          


GLOBAL SYMBOLS: SORTED BY Symbol Address 

address   name                           
-------   ----                           
00000000  __TI_static_base__             
00000000  g_pfnVectors                   
00000008  __SYSMEM_SIZE                  
00000068  __STACK_SIZE                   
0000026d  __TI_printfi                   
00000ccb  _nop                           
00000f3d  onButtonDown                   
00000f6d  onButtonUp                     
00000f9d  main                           
0000104d  Timer0IntHandler               
0000104f  PortFPin0IntHandler            
000012e5  __aeabi_dsub                   
000012ef  __aeabi_dadd                   
0000149b  __aeabi_idiv0                  
0000149b  __aeabi_ldiv0                  
000015d9  __aeabi_ddiv                   
0000170f  GPIOPadConfigSet               
00001961  fputs                          
00001a75  SysCtlClockGet                 
00001b85  ldexp                          
00001b85  ldexpl                         
00001b85  scalbn                         
00001b85  scalbnl                        
00001c95  __aeabi_dmul                   
00001d91  SysCtlClockSet                 
00001e85  setvbuf                        
00001f61  free                           
000020eb  __aeabi_memcpy                 
000020eb  __aeabi_memcpy4                
000020eb  __aeabi_memcpy8                
000020eb  memcpy                         
00002187  __aeabi_uldivmod               
0000221d  fputc                          
0000221d  putc                           
000022a9  __aeabi_cdcmpeq                
000022a9  __aeabi_cdcmple                
0000232f  __aeabi_cdrcmple               
000023b5  __aeabi_memclr                 
000023b5  __aeabi_memclr4                
000023b5  __aeabi_memclr8                
000023b7  __aeabi_memset                 
000023b7  __aeabi_memset4                
000023b7  __aeabi_memset8                
000023bd  memset                         
00002431  malloc                         
000024a9  __TI_closefile                 
0000258d  HOSTlseek                      
000025f5  HOSTrename                     
0000265d  IntEnable                      
000026c5  __TI_decompress_lzss           
0000272d  printf                         
00002795  frexp                          
00002795  frexpl                         
000027f9  fseek                          
0000285d  __TI_wrt_ok                    
000028c1  HOSTopen                       
00002921  TimerConfigure                 
00002981  close                          
000029dd  HOSTread                       
00002a35  HOSTwrite                      
00002a8d  GPIOIntTypeSet                 
00002b39  ltoa                           
00002bdf  __TI_doflush                   
00002c2d  atoi                           
00002c79  exit                           
00002cc1  __aeabi_d2iz                   
00002d09  HOSTclose                      
00002d4d  HOSTunlink                     
00002dd5  __TI_auto_init_nobinit_nopinit 
00002e19  getdevice                      
00002e5d  __aeabi_d2uiz                  
00002f1d  __TI_writemsg                  
00002f4b  C$$IO$$                        
00002f55  _c_int00_noargs                
00002f8d  minit                          
00002fc5  strncpy                        
00002ffd  IntRegister                    
00003031  SysCtlPeripheralEnable         
00003065  __TI_cleanup                   
00003099  __TI_readmsg                   
000030cd  finddevice                     
000030fd  __aeabi_i2d                    
0000312d  remove                         
0000312d  unlink                         
00003159  GPIODirModeSet                 
00003185  lseek                          
000031d5  write                          
000031fd  memchr                         
0000321d  __aeabi_ui2d                   
0000323d  memccpy                        
00003259  GPIOIntRegister                
00003271  GPIOPinTypeGPIOOutput          
00003289  strcmp                         
000032a1  strchr                         
000032b7  copysign                       
000032b7  copysignl                      
000032cb  strcpy                         
000032df  strlen                         
000032f3  GPIOPinTypeGPIOInput           
00003305  TimerLoadSet                   
00003317  wcslen                         
00003329  IntMasterEnable                
00003339  GPIOIntDisable                 
00003347  GPIOIntStatus                  
00003355  TimerEnable                    
00003363  __TI_decompress_none           
00003371  CPUcpsie                       
0000337d  GPIOIntEnable                  
00003389  __TI_zero_init                 
00003395  ResetISR                       
000033a1  TimerIntEnable                 
000033a9  __aeabi_errno_addr             
000033b1  GPIOIntClear                   
000033b7  GPIOPinRead                    
000033bd  GPIOPinWrite                   
000033c3  SysCtlDelay                    
000033d1  _system_pre_init               
000033d5  C$$EXIT                        
000033d5  abort                          
000033d8  _ctypes_                       
000037c4  __TI_Handler_Table_Base        
000037d0  __TI_Handler_Table_Limit       
000037e0  __TI_CINIT_Base                
000037f8  __TI_CINIT_Limit               
20000000  g_pfnRAMVectors                
2000026c  _ftable                        
2000035c  _device                        
200003d4  _stream                        
20000424  __TI_ft_end                    
20000428  __aeabi_stdin                  
2000042c  __aeabi_stdout                 
20000430  __aeabi_stderr                 
20000434  __TI_cleanup_ptr               
20000438  __TI_dtors_ptr                 
2000043c  __TI_enable_exit_profile_output
2000044c  _lock                          
20000450  _unlock                        
20000454  errno                          
20000458  __CIOBUF_                      
20000578  __TI_tmpnams                   
20000618  parmbuf                        
20000620  __stack                        
20000688  __STACK_END                    
20000688  _sys_memory                    
20000820  __STACK_TOP                    
ffffffff  __TI_pprof_out_hndl            
ffffffff  __TI_prof_data_size            
ffffffff  __TI_prof_data_start           
ffffffff  __binit__                      
ffffffff  __c_args__                     
ffffffff  binit                          
UNDEFED   __mpu_init                     
UNDEFED   _system_post_cinit             

[153 symbols]
