******************************************************************************
                  TI ARM Linker PC v18.1.2                     
******************************************************************************
>> Linked Tue Oct  9 12:45:06 2018

OUTPUT FILE NAME:   <lab5.out>
ENTRY POINT SYMBOL: "_c_int00_noargs"  address: 000007ad


MEMORY CONFIGURATION

         name            origin    length      used     unused   attr    fill
----------------------  --------  ---------  --------  --------  ----  --------
  FLASH                 00000000   00040000  000009dc  0003f624  R  X
  SRAM                  20000000   00008000  00000084  00007f7c  RW X


SEGMENT ALLOCATION MAP

run origin  load origin   length   init length attrs members
----------  ----------- ---------- ----------- ----- -------
00000000    00000000    000009dc   000009dc    r-x
  00000000    00000000    0000026c   0000026c    r-- .intvecs
  0000026c    0000026c    00000680   00000680    r-x .text
  000008ec    000008ec    000000dc   000000dc    r-- .const
  000009c8    000009c8    00000014   00000014    r-- .cinit
20000000    20000000    00000084   00000000    rw-
  20000000    20000000    00000068   00000000    rw- .stack
  20000068    20000068    0000001c   00000000    rw- .bss


SECTION ALLOCATION MAP

 output                                  attributes/
section   page    origin      length       input sections
--------  ----  ----------  ----------   ----------------
.intvecs   0    00000000    0000026c     
                  00000000    0000026c     tm4c123gh6pm_startup_ccs.obj (.intvecs)

.text      0    0000026c    00000680     
                  0000026c    000001e4     main_t2.obj (.text)
                  00000450    00000110     driverlib.lib : sysctl.obj (.text:SysCtlClockGet)
                  00000560    000000fc     rtsv7M4_T_le_v4SPD16_eabi.lib : fd_mul_t2.asm.obj (.text)
                  0000065c    00000068     driverlib.lib : interrupt.obj (.text:IntEnable)
                  000006c4    00000060                   : timer.obj (.text:TimerConfigure)
                  00000724    00000044     rtsv7M4_T_le_v4SPD16_eabi.lib : autoinit.c.obj (.text:__TI_auto_init_nobinit_nopinit:__TI_auto_init_nobinit_nopinit)
                  00000768    00000044                                   : fd_tou_t2.asm.obj (.text)
                  000007ac    00000038                                   : boot_cortex_m.c.obj (.text:_c_int00_noargs:_c_int00_noargs)
                  000007e4    00000034     driverlib.lib : sysctl.obj (.text:SysCtlPeripheralEnable)
                  00000818    00000020     rtsv7M4_T_le_v4SPD16_eabi.lib : u_tofd_t2.asm.obj (.text)
                  00000838    0000001e     driverlib.lib : adc.obj (.text:ADCSequenceDataGet)
                  00000856    00000018                   : adc.obj (.text:ADCProcessorTrigger)
                  0000086e    00000012                   : timer.obj (.text:TimerLoadSet)
                  00000880    00000012     rtsv7M4_T_le_v4SPD16_eabi.lib : copy_zero_init.c.obj (.text:decompress:ZI:__TI_zero_init_nomemset:__TI_zero_init_nomemset)
                  00000892    00000010     driverlib.lib : interrupt.obj (.text:IntMasterEnable)
                  000008a2    0000000e                   : timer.obj (.text:TimerEnable)
                  000008b0    0000000c                   : cpu.obj (.text:CPUcpsie)
                  000008bc    0000000c     tm4c123gh6pm_startup_ccs.obj (.text)
                  000008c8    0000000a     driverlib.lib : adc.obj (.text:ADCIntClear)
                  000008d2    00000008                   : timer.obj (.text:TimerIntEnable)
                  000008da    00000006                   : gpio.obj (.text:GPIOPinWrite)
                  000008e0    00000004                   : timer.obj (.text:TimerIntClear)
                  000008e4    00000004     rtsv7M4_T_le_v4SPD16_eabi.lib : pre_init.c.obj (.text:_system_pre_init)
                  000008e8    00000004                                   : exit.c.obj (.text:abort:abort)

.const     0    000008ec    000000dc     
                  000008ec    00000070     driverlib.lib : interrupt.obj (.const)
                  0000095c    0000006c                   : sysctl.obj (.const:g_pui32Xtals)

.cinit     0    000009c8    00000014     
                  000009c8    00000008     (.cinit..bss.load) [load image, compression = zero_init]
                  000009d0    00000004     (__TI_handler_table)
                  000009d4    00000008     (__TI_cinit_table)

.init_array 
*          0    00000000    00000000     UNINITIALIZED

.bss       0    20000068    0000001c     UNINITIALIZED
                  20000068    00000010     (.common:ui32ADC0Value)
                  20000078    00000004     (.common:ui32TempAvg)
                  2000007c    00000004     (.common:ui32TempValueC)
                  20000080    00000004     (.common:ui32TempValueF)

.stack     0    20000000    00000068     UNINITIALIZED
                  20000000    00000004     rtsv7M4_T_le_v4SPD16_eabi.lib : boot_cortex_m.c.obj (.stack)
                  20000004    00000064     --HOLE--

MODULE SUMMARY

       Module                         code   ro data   rw data
       ------                         ----   -------   -------
    .\
       tm4c123gh6pm_startup_ccs.obj   12     620       0      
       main_t2.obj                    484    0         28     
    +--+------------------------------+------+---------+---------+
       Total:                         496    620       28     
                                                              
    C:/ti/tivaware_c_series_2_1_4_178/driverlib/ccs/Debug/driverlib.lib
       sysctl.obj                     324    108       0      
       interrupt.obj                  120    112       0      
       timer.obj                      140    0         0      
       adc.obj                        64     0         0      
       cpu.obj                        12     0         0      
       gpio.obj                       6      0         0      
    +--+------------------------------+------+---------+---------+
       Total:                         666    220       0      
                                                              
    C:\ti\ccsv8\tools\compiler\ti-cgt-arm_18.1.2.LTS\lib\rtsv7M4_T_le_v4SPD16_eabi.lib
       fd_mul_t2.asm.obj              252    0         0      
       autoinit.c.obj                 68     0         0      
       fd_tou_t2.asm.obj              68     0         0      
       boot_cortex_m.c.obj            56     0         0      
       u_tofd_t2.asm.obj              32     0         0      
       copy_zero_init.c.obj           18     0         0      
       exit.c.obj                     4      0         0      
       pre_init.c.obj                 4      0         0      
    +--+------------------------------+------+---------+---------+
       Total:                         502    0         0      
                                                              
       Stack:                         0      0         104    
       Linker Generated:              0      20        0      
    +--+------------------------------+------+---------+---------+
       Grand Total:                   1664   860       132    


LINKER GENERATED COPY TABLES

__TI_cinit_table @ 000009d4 records: 1, size/record: 8, table size: 8
	.bss: load addr=000009c8, load size=00000008 bytes, run addr=20000068, run size=0000001c bytes, compression=zero_init


LINKER GENERATED HANDLER TABLE

__TI_handler_table @ 000009d0 records: 1, size/record: 4, table size: 4
	index: 0, handler: __TI_zero_init


GLOBAL SYMBOLS: SORTED ALPHABETICALLY BY Name 

address   name                          
-------   ----                          
000008c9  ADCIntClear                   
00000857  ADCProcessorTrigger           
00000839  ADCSequenceDataGet            
000008e9  C$$EXIT                       
000008b1  CPUcpsie                      
000008db  GPIOPinWrite                  
0000065d  IntEnable                     
00000893  IntMasterEnable               
000008bd  ResetISR                      
00000451  SysCtlClockGet                
000007e5  SysCtlPeripheralEnable        
0000035f  Timer1IntHandler              
000006c5  TimerConfigure                
000008a3  TimerEnable                   
000008e1  TimerIntClear                 
000008d3  TimerIntEnable                
0000086f  TimerLoadSet                  
20000068  __STACK_END                   
00000068  __STACK_SIZE                  
20000200  __STACK_TOP                   
000009d4  __TI_CINIT_Base               
000009dc  __TI_CINIT_Limit              
000009d0  __TI_Handler_Table_Base       
000009d4  __TI_Handler_Table_Limit      
00000725  __TI_auto_init_nobinit_nopinit
ffffffff  __TI_pprof_out_hndl           
ffffffff  __TI_prof_data_size           
ffffffff  __TI_prof_data_start          
00000000  __TI_static_base__            
00000881  __TI_zero_init_nomemset       
00000769  __aeabi_d2uiz                 
00000561  __aeabi_dmul                  
00000819  __aeabi_ui2d                  
ffffffff  __binit__                     
ffffffff  __c_args__                    
UNDEFED   __mpu_init                    
20000000  __stack                       
000007ad  _c_int00_noargs               
UNDEFED   _system_post_cinit            
000008e5  _system_pre_init              
000008e9  abort                         
ffffffff  binit                         
00000000  g_pfnVectors                  
0000026d  main                          
20000068  ui32ADC0Value                 
20000078  ui32TempAvg                   
2000007c  ui32TempValueC                
20000080  ui32TempValueF                


GLOBAL SYMBOLS: SORTED BY Symbol Address 

address   name                          
-------   ----                          
00000000  __TI_static_base__            
00000000  g_pfnVectors                  
00000068  __STACK_SIZE                  
0000026d  main                          
0000035f  Timer1IntHandler              
00000451  SysCtlClockGet                
00000561  __aeabi_dmul                  
0000065d  IntEnable                     
000006c5  TimerConfigure                
00000725  __TI_auto_init_nobinit_nopinit
00000769  __aeabi_d2uiz                 
000007ad  _c_int00_noargs               
000007e5  SysCtlPeripheralEnable        
00000819  __aeabi_ui2d                  
00000839  ADCSequenceDataGet            
00000857  ADCProcessorTrigger           
0000086f  TimerLoadSet                  
00000881  __TI_zero_init_nomemset       
00000893  IntMasterEnable               
000008a3  TimerEnable                   
000008b1  CPUcpsie                      
000008bd  ResetISR                      
000008c9  ADCIntClear                   
000008d3  TimerIntEnable                
000008db  GPIOPinWrite                  
000008e1  TimerIntClear                 
000008e5  _system_pre_init              
000008e9  C$$EXIT                       
000008e9  abort                         
000009d0  __TI_Handler_Table_Base       
000009d4  __TI_CINIT_Base               
000009d4  __TI_Handler_Table_Limit      
000009dc  __TI_CINIT_Limit              
20000000  __stack                       
20000068  __STACK_END                   
20000068  ui32ADC0Value                 
20000078  ui32TempAvg                   
2000007c  ui32TempValueC                
20000080  ui32TempValueF                
20000200  __STACK_TOP                   
ffffffff  __TI_pprof_out_hndl           
ffffffff  __TI_prof_data_size           
ffffffff  __TI_prof_data_start          
ffffffff  __binit__                     
ffffffff  __c_args__                    
ffffffff  binit                         
UNDEFED   __mpu_init                    
UNDEFED   _system_post_cinit            

[48 symbols]
