******************************************************************************
                  TI ARM Linker PC v18.1.3                     
******************************************************************************
>> Linked Mon Oct 29 20:29:48 2018

OUTPUT FILE NAME:   <lab2.out>
ENTRY POINT SYMBOL: "_c_int00_noargs"  address: 00001b25


MEMORY CONFIGURATION

         name            origin    length      used     unused   attr    fill
----------------------  --------  ---------  --------  --------  ----  --------
  FLASH                 00000000   00040000  00001e1e  0003e1e2  R  X
  SRAM                  20000000   00008000  0000020c  00007df4  RW X


SEGMENT ALLOCATION MAP

run origin  load origin   length   init length attrs members
----------  ----------- ---------- ----------- ----- -------
00000000    00000000    00001e24   00001e24    r-x
  00000000    00000000    0000026c   0000026c    r-- .intvecs
  0000026c    0000026c    00001a0a   00001a0a    r-x .text
  00001c78    00001c78    0000018c   0000018c    r-- .const
  00001e08    00001e08    0000001c   0000001c    r-- .cinit
20000000    20000000    0000020c   00000000    rw-
  20000000    20000000    00000200   00000000    rw- .stack
  20000200    20000200    0000000c   00000000    rw- .data


SECTION ALLOCATION MAP

 output                                  attributes/
section   page    origin      length       input sections
--------  ----  ----------  ----------   ----------------
.intvecs   0    00000000    0000026c     
                  00000000    0000026c     tm4c123gh6pm_startup_ccs.obj (.intvecs)

.text      0    0000026c    00001a0a     
                  0000026c    00000c84     ustdlib.obj (.text)
                  00000ef0    0000049c     uartstdio.obj (.text)
                  0000138c    00000210     main2.obj (.text)
                  0000159c    00000132     driverlib.lib : gpio.obj (.text:GPIOPadConfigSet)
                  000016ce    00000002     rtsv7M4_T_le_v4SPD16_eabi.lib : div0.asm.obj (.text)
                  000016d0    00000110     driverlib.lib : sysctl.obj (.text:SysCtlClockGet)
                  000017e0    000000f4                   : sysctl.obj (.text:SysCtlClockSet)
                  000018d4    0000009c     rtsv7M4_T_le_v4SPD16_eabi.lib : memcpy_t2.asm.obj (.text)
                  00001970    00000068                                   : copy_decompress_lzss.c.obj (.text:decompress:lzss:__TI_decompress_lzss)
                  000019d8    00000048     driverlib.lib : gpio.obj (.text:GPIOPinConfigure)
                  00001a20    00000046                   : uart.obj (.text:UARTConfigSetExpClk)
                  00001a66    00000002     --HOLE-- [fill = 0]
                  00001a68    00000044     rtsv7M4_T_le_v4SPD16_eabi.lib : autoinit.c.obj (.text:__TI_auto_init_nobinit_nopinit:__TI_auto_init_nobinit_nopinit)
                  00001aac    00000040                                   : u_divt2.asm.obj (.text)
                  00001aec    00000038     driverlib.lib : sysctl.obj (.text:SysCtlPeripheralPresent)
                  00001b24    00000038     rtsv7M4_T_le_v4SPD16_eabi.lib : boot_cortex_m.c.obj (.text:_c_int00_noargs:_c_int00_noargs)
                  00001b5c    00000034     driverlib.lib : sysctl.obj (.text:SysCtlPeripheralEnable)
                  00001b90    0000002a                   : gpio.obj (.text:GPIODirModeSet)
                  00001bba    00000002     --HOLE-- [fill = 0]
                  00001bbc    00000020                   : uart.obj (.text:UARTDisable)
                  00001bdc    00000018                   : gpio.obj (.text:GPIOPinTypeGPIOOutput)
                  00001bf4    00000014                   : uart.obj (.text:UARTEnable)
                  00001c08    00000014     rtsv7M4_T_le_v4SPD16_eabi.lib : strlen.c.obj (.text:strlen)
                  00001c1c    00000012     driverlib.lib : gpio.obj (.text:GPIOPinTypeUART)
                  00001c2e    0000000e     rtsv7M4_T_le_v4SPD16_eabi.lib : copy_decompress_none.c.obj (.text:decompress:none:__TI_decompress_none)
                  00001c3c    0000000c     tm4c123gh6pm_startup_ccs.obj (.text)
                  00001c48    0000000a     driverlib.lib : uart.obj (.text:UARTCharGet)
                  00001c52    0000000a                   : uart.obj (.text:UARTCharPut)
                  00001c5c    00000006                   : gpio.obj (.text:GPIOPinWrite)
                  00001c62    00000006                   : sysctl.obj (.text:SysCtlDelay)
                  00001c68    00000006                   : uart.obj (.text:UARTClockSourceSet)
                  00001c6e    00000004     rtsv7M4_T_le_v4SPD16_eabi.lib : pre_init.c.obj (.text:_system_pre_init)
                  00001c72    00000004                                   : exit.c.obj (.text:abort:abort)

.const     0    00001c78    0000018c     
                  00001c78    00000090     driverlib.lib : gpio.obj (.const:g_pui32GPIOBaseAddrs)
                  00001d08    0000006c                   : sysctl.obj (.const:g_pui32Xtals)
                  00001d74    00000030     ustdlib.obj (.const:g_psDaysToMonth)
                  00001da4    00000018     ustdlib.obj (.const:g_pfExponents)
                  00001dbc    00000012     uartstdio.obj (.const:.string)
                  00001dce    00000002     --HOLE-- [fill = 0]
                  00001dd0    00000012     ustdlib.obj (.const:.string)
                  00001de2    00000002     --HOLE-- [fill = 0]
                  00001de4    0000000c     uartstdio.obj (.const:g_ui32UARTBase)
                  00001df0    0000000c     uartstdio.obj (.const:g_ui32UARTPeriph)
                  00001dfc    00000004     uartstdio.obj (.const)
                  00001e00    00000004     ustdlib.obj (.const)

.cinit     0    00001e08    0000001c     
                  00001e08    0000000a     (.cinit..data.load) [load image, compression = lzss]
                  00001e12    00000002     --HOLE-- [fill = 0]
                  00001e14    00000008     (__TI_handler_table)
                  00001e1c    00000008     (__TI_cinit_table)

.init_array 
*          0    00000000    00000000     UNINITIALIZED

.data      0    20000200    0000000c     UNINITIALIZED
                  20000200    00000005     uartstdio.obj (.data)
                  20000205    00000003     --HOLE--
                  20000208    00000004     ustdlib.obj (.data)

.stack     0    20000000    00000200     UNINITIALIZED
                  20000000    00000004     rtsv7M4_T_le_v4SPD16_eabi.lib : boot_cortex_m.c.obj (.stack)
                  20000004    000001fc     --HOLE--

MODULE SUMMARY

       Module                         code   ro data   rw data
       ------                         ----   -------   -------
    .\
       ustdlib.obj                    3204   94        4      
       uartstdio.obj                  1180   46        5      
       tm4c123gh6pm_startup_ccs.obj   12     620       0      
       main2.obj                      528    0         0      
    +--+------------------------------+------+---------+---------+
       Total:                         4924   760       9      
                                                              
    C:/ti/tivaware_c_series_2_1_4_178/driverlib/ccs/Debug/driverlib.lib
       sysctl.obj                     630    108       0      
       gpio.obj                       468    144       0      
       uart.obj                       148    0         0      
    +--+------------------------------+------+---------+---------+
       Total:                         1246   252       0      
                                                              
    C:\ti\ccsv8\tools\compiler\ti-cgt-arm_18.1.3.LTS\lib\rtsv7M4_T_le_v4SPD16_eabi.lib
       memcpy_t2.asm.obj              156    0         0      
       copy_decompress_lzss.c.obj     104    0         0      
       autoinit.c.obj                 68     0         0      
       u_divt2.asm.obj                64     0         0      
       boot_cortex_m.c.obj            56     0         0      
       strlen.c.obj                   20     0         0      
       copy_decompress_none.c.obj     14     0         0      
       exit.c.obj                     4      0         0      
       pre_init.c.obj                 4      0         0      
       div0.asm.obj                   2      0         0      
    +--+------------------------------+------+---------+---------+
       Total:                         492    0         0      
                                                              
       Stack:                         0      0         512    
       Linker Generated:              0      26        0      
    +--+------------------------------+------+---------+---------+
       Grand Total:                   6662   1038      521    


LINKER GENERATED COPY TABLES

__TI_cinit_table @ 00001e1c records: 1, size/record: 8, table size: 8
	.data: load addr=00001e08, load size=0000000a bytes, run addr=20000200, run size=0000000c bytes, compression=lzss


LINKER GENERATED HANDLER TABLE

__TI_handler_table @ 00001e14 records: 2, size/record: 4, table size: 8
	index: 0, handler: __TI_decompress_lzss
	index: 1, handler: __TI_decompress_none


GLOBAL SYMBOLS: SORTED ALPHABETICALLY BY Name 

address   name                          
-------   ----                          
00001c73  C$$EXIT                       
00001b91  GPIODirModeSet                
0000159d  GPIOPadConfigSet              
000019d9  GPIOPinConfigure              
00001bdd  GPIOPinTypeGPIOOutput         
00001c1d  GPIOPinTypeUART               
00001c5d  GPIOPinWrite                  
00001c3d  ResetISR                      
000016d1  SysCtlClockGet                
000017e1  SysCtlClockSet                
00001c63  SysCtlDelay                   
00001b5d  SysCtlPeripheralEnable        
00001aed  SysCtlPeripheralPresent       
00001c49  UARTCharGet                   
00001c53  UARTCharPut                   
00001c69  UARTClockSourceSet            
00001a21  UARTConfigSetExpClk           
00001bbd  UARTDisable                   
00001bf5  UARTEnable                    
00000ef1  UARTStdioConfig               
00001037  UARTgetc                      
00000f7d  UARTgets                      
00001357  UARTprintf                    
0000105d  UARTvprintf                   
00000f37  UARTwrite                     
20000200  __STACK_END                   
00000200  __STACK_SIZE                  
20000200  __STACK_TOP                   
00001e1c  __TI_CINIT_Base               
00001e24  __TI_CINIT_Limit              
00001e14  __TI_Handler_Table_Base       
00001e1c  __TI_Handler_Table_Limit      
00001a69  __TI_auto_init_nobinit_nopinit
00001971  __TI_decompress_lzss          
00001c2f  __TI_decompress_none          
ffffffff  __TI_pprof_out_hndl           
ffffffff  __TI_prof_data_size           
ffffffff  __TI_prof_data_start          
00000000  __TI_static_base__            
000016cf  __aeabi_idiv0                 
000016cf  __aeabi_ldiv0                 
000018d5  __aeabi_memcpy                
000018d5  __aeabi_memcpy4               
000018d5  __aeabi_memcpy8               
00001aad  __aeabi_uidiv                 
00001aad  __aeabi_uidivmod              
ffffffff  __binit__                     
ffffffff  __c_args__                    
UNDEFED   __mpu_init                    
20000000  __stack                       
00001b25  _c_int00_noargs               
UNDEFED   _system_post_cinit            
00001c6f  _system_pre_init              
00001c73  abort                         
ffffffff  binit                         
0000138d  delayMs                       
000013a7  delayUs                       
00000000  g_pfnVectors                  
000013bf  main                          
000018d5  memcpy                        
00001c09  strlen                        
00000751  ulocaltime                    
0000094f  umktime                       
00000ec9  urand                         
00000721  usnprintf                     
000006ef  usprintf                      
00000eb9  usrand                        
00000e31  ustrcasecmp                   
00000ea5  ustrcmp                       
00000d35  ustrlen                       
00000d8d  ustrncasecmp                  
00000e45  ustrncmp                      
0000026d  ustrncpy                      
00000d57  ustrstr                       
00000afd  ustrtof                       
000009c5  ustrtoul                      
000002c5  uvsnprintf                    


GLOBAL SYMBOLS: SORTED BY Symbol Address 

address   name                          
-------   ----                          
00000000  __TI_static_base__            
00000000  g_pfnVectors                  
00000200  __STACK_SIZE                  
0000026d  ustrncpy                      
000002c5  uvsnprintf                    
000006ef  usprintf                      
00000721  usnprintf                     
00000751  ulocaltime                    
0000094f  umktime                       
000009c5  ustrtoul                      
00000afd  ustrtof                       
00000d35  ustrlen                       
00000d57  ustrstr                       
00000d8d  ustrncasecmp                  
00000e31  ustrcasecmp                   
00000e45  ustrncmp                      
00000ea5  ustrcmp                       
00000eb9  usrand                        
00000ec9  urand                         
00000ef1  UARTStdioConfig               
00000f37  UARTwrite                     
00000f7d  UARTgets                      
00001037  UARTgetc                      
0000105d  UARTvprintf                   
00001357  UARTprintf                    
0000138d  delayMs                       
000013a7  delayUs                       
000013bf  main                          
0000159d  GPIOPadConfigSet              
000016cf  __aeabi_idiv0                 
000016cf  __aeabi_ldiv0                 
000016d1  SysCtlClockGet                
000017e1  SysCtlClockSet                
000018d5  __aeabi_memcpy                
000018d5  __aeabi_memcpy4               
000018d5  __aeabi_memcpy8               
000018d5  memcpy                        
00001971  __TI_decompress_lzss          
000019d9  GPIOPinConfigure              
00001a21  UARTConfigSetExpClk           
00001a69  __TI_auto_init_nobinit_nopinit
00001aad  __aeabi_uidiv                 
00001aad  __aeabi_uidivmod              
00001aed  SysCtlPeripheralPresent       
00001b25  _c_int00_noargs               
00001b5d  SysCtlPeripheralEnable        
00001b91  GPIODirModeSet                
00001bbd  UARTDisable                   
00001bdd  GPIOPinTypeGPIOOutput         
00001bf5  UARTEnable                    
00001c09  strlen                        
00001c1d  GPIOPinTypeUART               
00001c2f  __TI_decompress_none          
00001c3d  ResetISR                      
00001c49  UARTCharGet                   
00001c53  UARTCharPut                   
00001c5d  GPIOPinWrite                  
00001c63  SysCtlDelay                   
00001c69  UARTClockSourceSet            
00001c6f  _system_pre_init              
00001c73  C$$EXIT                       
00001c73  abort                         
00001e14  __TI_Handler_Table_Base       
00001e1c  __TI_CINIT_Base               
00001e1c  __TI_Handler_Table_Limit      
00001e24  __TI_CINIT_Limit              
20000000  __stack                       
20000200  __STACK_END                   
20000200  __STACK_TOP                   
ffffffff  __TI_pprof_out_hndl           
ffffffff  __TI_prof_data_size           
ffffffff  __TI_prof_data_start          
ffffffff  __binit__                     
ffffffff  __c_args__                    
ffffffff  binit                         
UNDEFED   __mpu_init                    
UNDEFED   _system_post_cinit            

[77 symbols]
