******************************************************************************
                  TI ARM Linker PC v18.1.3                     
******************************************************************************
>> Linked Tue Oct 30 22:36:59 2018

OUTPUT FILE NAME:   <midterm.out>
ENTRY POINT SYMBOL: "_c_int00_noargs"  address: 00001f21


MEMORY CONFIGURATION

         name            origin    length      used     unused   attr    fill
----------------------  --------  ---------  --------  --------  ----  --------
  FLASH                 00000000   00040000  00002300  0003dd00  R  X
  SRAM                  20000000   00008000  0000020c  00007df4  RW X


SEGMENT ALLOCATION MAP

run origin  load origin   length   init length attrs members
----------  ----------- ---------- ----------- ----- -------
00000000    00000000    00002304   00002304    r-x
  00000000    00000000    0000026c   0000026c    r-- .intvecs
  0000026c    0000026c    00001eec   00001eec    r-x .text
  00002158    00002158    0000018c   0000018c    r-- .const
  000022e8    000022e8    0000001c   0000001c    r-- .cinit
20000000    20000000    0000020c   00000000    rw-
  20000000    20000000    00000200   00000000    rw- .stack
  20000200    20000200    0000000c   00000000    rw- .data


SECTION ALLOCATION MAP

 output                                  attributes/
section   page    origin      length       input sections
--------  ----  ----------  ----------   ----------------
.intvecs   0    00000000    0000026c     
                  00000000    0000026c     tm4c123gh6pm_startup_ccs.obj (.intvecs)

.text      0    0000026c    00001eec     
                  0000026c    00000c84     ustdlib.obj (.text)
                  00000ef0    0000055c     main2.obj (.text)
                  0000144c    0000049c     uartstdio.obj (.text)
                  000018e8    00000132     driverlib.lib : gpio.obj (.text:GPIOPadConfigSet)
                  00001a1a    00000002     rtsv7M4_T_le_v4SPD16_eabi.lib : div0.asm.obj (.text)
                  00001a1c    00000110     driverlib.lib : sysctl.obj (.text:SysCtlClockGet)
                  00001b2c    000000f4                   : sysctl.obj (.text:SysCtlClockSet)
                  00001c20    0000009c     rtsv7M4_T_le_v4SPD16_eabi.lib : memcpy_t2.asm.obj (.text)
                  00001cbc    00000068                                   : copy_decompress_lzss.c.obj (.text:decompress:lzss:__TI_decompress_lzss)
                  00001d24    00000064     driverlib.lib : hibernate.obj (.text:HibernateWakeSet)
                  00001d88    0000004c                   : i2c.obj (.text:I2CMasterInitExpClk)
                  00001dd4    00000048                   : gpio.obj (.text:GPIOPinConfigure)
                  00001e1c    00000046                   : uart.obj (.text:UARTConfigSetExpClk)
                  00001e62    00000002     --HOLE-- [fill = 0]
                  00001e64    00000044     rtsv7M4_T_le_v4SPD16_eabi.lib : autoinit.c.obj (.text:__TI_auto_init_nobinit_nopinit:__TI_auto_init_nobinit_nopinit)
                  00001ea8    00000040                                   : u_divt2.asm.obj (.text)
                  00001ee8    00000038     driverlib.lib : sysctl.obj (.text:SysCtlPeripheralPresent)
                  00001f20    00000038     rtsv7M4_T_le_v4SPD16_eabi.lib : boot_cortex_m.c.obj (.text:_c_int00_noargs:_c_int00_noargs)
                  00001f58    00000034     driverlib.lib : sysctl.obj (.text:SysCtlPeripheralEnable)
                  00001f8c    0000002c                   : hibernate.obj (.text:HibernateRTCSet)
                  00001fb8    0000002a                   : gpio.obj (.text:GPIODirModeSet)
                  00001fe2    00000002     --HOLE-- [fill = 0]
                  00001fe4    00000020                   : uart.obj (.text:UARTDisable)
                  00002004    00000018                   : gpio.obj (.text:GPIOPinTypeGPIOOutput)
                  0000201c    00000018                   : hibernate.obj (.text:HibernateGPIORetentionEnable)
                  00002034    00000014                   : hibernate.obj (.text:HibernateEnableExpClk)
                  00002048    00000014                   : hibernate.obj (.text:HibernateRTCEnable)
                  0000205c    00000014                   : hibernate.obj (.text:HibernateRequest)
                  00002070    00000014                   : uart.obj (.text:UARTEnable)
                  00002084    00000014     rtsv7M4_T_le_v4SPD16_eabi.lib : strlen.c.obj (.text:strlen)
                  00002098    00000012     driverlib.lib : gpio.obj (.text:GPIOPinTypeI2C)
                  000020aa    00000012                   : gpio.obj (.text:GPIOPinTypeI2CSCL)
                  000020bc    00000012                   : gpio.obj (.text:GPIOPinTypeUART)
                  000020ce    00000002     --HOLE-- [fill = 0]
                  000020d0    00000010                   : hibernate.obj (.text:HibernateRTCMatchSet)
                  000020e0    00000010                   : hibernate.obj (.text:_HibernateWriteComplete)
                  000020f0    0000000e     rtsv7M4_T_le_v4SPD16_eabi.lib : copy_decompress_none.c.obj (.text:decompress:none:__TI_decompress_none)
                  000020fe    0000000c     tm4c123gh6pm_startup_ccs.obj (.text)
                  0000210a    0000000a     driverlib.lib : i2c.obj (.text:I2CMasterEnable)
                  00002114    0000000a                   : uart.obj (.text:UARTCharGet)
                  0000211e    0000000a                   : uart.obj (.text:UARTCharPut)
                  00002128    00000008                   : i2c.obj (.text:I2CMasterBusy)
                  00002130    00000008                   : i2c.obj (.text:I2CMasterSlaveAddrSet)
                  00002138    00000006                   : sysctl.obj (.text:SysCtlDelay)
                  0000213e    00000006                   : uart.obj (.text:UARTClockSourceSet)
                  00002144    00000004                   : i2c.obj (.text:I2CMasterControl)
                  00002148    00000004                   : i2c.obj (.text:I2CMasterDataGet)
                  0000214c    00000004                   : i2c.obj (.text:I2CMasterDataPut)
                  00002150    00000004     rtsv7M4_T_le_v4SPD16_eabi.lib : pre_init.c.obj (.text:_system_pre_init)
                  00002154    00000004                                   : exit.c.obj (.text:abort:abort)

.const     0    00002158    0000018c     
                  00002158    00000090     driverlib.lib : gpio.obj (.const:g_pui32GPIOBaseAddrs)
                  000021e8    0000006c                   : sysctl.obj (.const:g_pui32Xtals)
                  00002254    00000030     ustdlib.obj (.const:g_psDaysToMonth)
                  00002284    00000018     ustdlib.obj (.const:g_pfExponents)
                  0000229c    00000012     uartstdio.obj (.const:.string)
                  000022ae    00000002     --HOLE-- [fill = 0]
                  000022b0    00000012     ustdlib.obj (.const:.string)
                  000022c2    00000002     --HOLE-- [fill = 0]
                  000022c4    0000000c     uartstdio.obj (.const:g_ui32UARTBase)
                  000022d0    0000000c     uartstdio.obj (.const:g_ui32UARTPeriph)
                  000022dc    00000004     uartstdio.obj (.const)
                  000022e0    00000004     ustdlib.obj (.const)

.cinit     0    000022e8    0000001c     
                  000022e8    0000000a     (.cinit..data.load) [load image, compression = lzss]
                  000022f2    00000002     --HOLE-- [fill = 0]
                  000022f4    00000008     (__TI_handler_table)
                  000022fc    00000008     (__TI_cinit_table)

.init_array 
*          0    00000000    00000000     UNINITIALIZED

.data      0    20000200    0000000c     UNINITIALIZED
                  20000200    00000005     uartstdio.obj (.data)
                  20000205    00000003     --HOLE--
                  20000208    00000004     ustdlib.obj (.data)

.stack     0    20000000    00000200     UNINITIALIZED
                  20000000    00000004     rtsv7M4_T_le_v4SPD16_eabi.lib : boot_cortex_m.c.obj (.stack)
                  20000004    000001fc     --HOLE--

MODULE SUMMARY

       Module                         code   ro data   rw data
       ------                         ----   -------   -------
    .\
       ustdlib.obj                    3204   94        4      
       main2.obj                      1372   0         0      
       uartstdio.obj                  1180   46        5      
       tm4c123gh6pm_startup_ccs.obj   12     620       0      
    +--+------------------------------+------+---------+---------+
       Total:                         5768   760       9      
                                                              
    C:/ti/tivaware_c_series_2_1_4_178/driverlib/ccs/Debug/driverlib.lib
       sysctl.obj                     630    108       0      
       gpio.obj                       498    144       0      
       hibernate.obj                  260    0         0      
       uart.obj                       148    0         0      
       i2c.obj                        114    0         0      
    +--+------------------------------+------+---------+---------+
       Total:                         1650   252       0      
                                                              
    C:\ti\ccsv8\tools\compiler\ti-cgt-arm_18.1.3.LTS\lib\rtsv7M4_T_le_v4SPD16_eabi.lib
       memcpy_t2.asm.obj              156    0         0      
       copy_decompress_lzss.c.obj     104    0         0      
       autoinit.c.obj                 68     0         0      
       u_divt2.asm.obj                64     0         0      
       boot_cortex_m.c.obj            56     0         0      
       strlen.c.obj                   20     0         0      
       copy_decompress_none.c.obj     14     0         0      
       exit.c.obj                     4      0         0      
       pre_init.c.obj                 4      0         0      
       div0.asm.obj                   2      0         0      
    +--+------------------------------+------+---------+---------+
       Total:                         492    0         0      
                                                              
       Stack:                         0      0         512    
       Linker Generated:              0      26        0      
    +--+------------------------------+------+---------+---------+
       Grand Total:                   7910   1038      521    


LINKER GENERATED COPY TABLES

__TI_cinit_table @ 000022fc records: 1, size/record: 8, table size: 8
	.data: load addr=000022e8, load size=0000000a bytes, run addr=20000200, run size=0000000c bytes, compression=lzss


LINKER GENERATED HANDLER TABLE

__TI_handler_table @ 000022f4 records: 2, size/record: 4, table size: 8
	index: 0, handler: __TI_decompress_lzss
	index: 1, handler: __TI_decompress_none


GLOBAL SYMBOLS: SORTED ALPHABETICALLY BY Name 

address   name                          
-------   ----                          
00002155  C$$EXIT                       
00001fb9  GPIODirModeSet                
000018e9  GPIOPadConfigSet              
00001dd5  GPIOPinConfigure              
00002005  GPIOPinTypeGPIOOutput         
00002099  GPIOPinTypeI2C                
000020ab  GPIOPinTypeI2CSCL             
000020bd  GPIOPinTypeUART               
000010ed  GetLuminosity                 
00002035  HibernateEnableExpClk         
0000201d  HibernateGPIORetentionEnable  
00002049  HibernateRTCEnable            
000020d1  HibernateRTCMatchSet          
00001f8d  HibernateRTCSet               
0000205d  HibernateRequest              
00001d25  HibernateWakeSet              
00000ef1  I2C0_Init                     
00001041  I2C0_Read                     
00000f35  I2C0_Write                    
00002129  I2CMasterBusy                 
00002145  I2CMasterControl              
00002149  I2CMasterDataGet              
0000214d  I2CMasterDataPut              
0000210b  I2CMasterEnable               
00001d89  I2CMasterInitExpClk           
00002131  I2CMasterSlaveAddrSet         
000020ff  ResetISR                      
00001a1d  SysCtlClockGet                
00001b2d  SysCtlClockSet                
00002139  SysCtlDelay                   
00001f59  SysCtlPeripheralEnable        
00001ee9  SysCtlPeripheralPresent       
000010b7  TSL2591_init                  
00002115  UARTCharGet                   
0000211f  UARTCharPut                   
0000213f  UARTClockSourceSet            
00001e1d  UARTConfigSetExpClk           
00001fe5  UARTDisable                   
00002071  UARTEnable                    
0000144d  UARTStdioConfig               
00001593  UARTgetc                      
000014d9  UARTgets                      
000018b3  UARTprintf                    
000015b9  UARTvprintf                   
00001493  UARTwrite                     
20000200  __STACK_END                   
00000200  __STACK_SIZE                  
20000200  __STACK_TOP                   
000022fc  __TI_CINIT_Base               
00002304  __TI_CINIT_Limit              
000022f4  __TI_Handler_Table_Base       
000022fc  __TI_Handler_Table_Limit      
00001e65  __TI_auto_init_nobinit_nopinit
00001cbd  __TI_decompress_lzss          
000020f1  __TI_decompress_none          
ffffffff  __TI_pprof_out_hndl           
ffffffff  __TI_prof_data_size           
ffffffff  __TI_prof_data_start          
00000000  __TI_static_base__            
00001a1b  __aeabi_idiv0                 
00001a1b  __aeabi_ldiv0                 
00001c21  __aeabi_memcpy                
00001c21  __aeabi_memcpy4               
00001c21  __aeabi_memcpy8               
00001ea9  __aeabi_uidiv                 
00001ea9  __aeabi_uidivmod              
ffffffff  __binit__                     
ffffffff  __c_args__                    
UNDEFED   __mpu_init                    
20000000  __stack                       
00001f21  _c_int00_noargs               
UNDEFED   _system_post_cinit            
00002151  _system_pre_init              
00002155  abort                         
ffffffff  binit                         
00000000  g_pfnVectors                  
000011f5  main                          
00001c21  memcpy                        
00002085  strlen                        
00000751  ulocaltime                    
0000094f  umktime                       
00000ec9  urand                         
00000721  usnprintf                     
000006ef  usprintf                      
00000eb9  usrand                        
00000e31  ustrcasecmp                   
00000ea5  ustrcmp                       
00000d35  ustrlen                       
00000d8d  ustrncasecmp                  
00000e45  ustrncmp                      
0000026d  ustrncpy                      
00000d57  ustrstr                       
00000afd  ustrtof                       
000009c5  ustrtoul                      
000002c5  uvsnprintf                    


GLOBAL SYMBOLS: SORTED BY Symbol Address 

address   name                          
-------   ----                          
00000000  __TI_static_base__            
00000000  g_pfnVectors                  
00000200  __STACK_SIZE                  
0000026d  ustrncpy                      
000002c5  uvsnprintf                    
000006ef  usprintf                      
00000721  usnprintf                     
00000751  ulocaltime                    
0000094f  umktime                       
000009c5  ustrtoul                      
00000afd  ustrtof                       
00000d35  ustrlen                       
00000d57  ustrstr                       
00000d8d  ustrncasecmp                  
00000e31  ustrcasecmp                   
00000e45  ustrncmp                      
00000ea5  ustrcmp                       
00000eb9  usrand                        
00000ec9  urand                         
00000ef1  I2C0_Init                     
00000f35  I2C0_Write                    
00001041  I2C0_Read                     
000010b7  TSL2591_init                  
000010ed  GetLuminosity                 
000011f5  main                          
0000144d  UARTStdioConfig               
00001493  UARTwrite                     
000014d9  UARTgets                      
00001593  UARTgetc                      
000015b9  UARTvprintf                   
000018b3  UARTprintf                    
000018e9  GPIOPadConfigSet              
00001a1b  __aeabi_idiv0                 
00001a1b  __aeabi_ldiv0                 
00001a1d  SysCtlClockGet                
00001b2d  SysCtlClockSet                
00001c21  __aeabi_memcpy                
00001c21  __aeabi_memcpy4               
00001c21  __aeabi_memcpy8               
00001c21  memcpy                        
00001cbd  __TI_decompress_lzss          
00001d25  HibernateWakeSet              
00001d89  I2CMasterInitExpClk           
00001dd5  GPIOPinConfigure              
00001e1d  UARTConfigSetExpClk           
00001e65  __TI_auto_init_nobinit_nopinit
00001ea9  __aeabi_uidiv                 
00001ea9  __aeabi_uidivmod              
00001ee9  SysCtlPeripheralPresent       
00001f21  _c_int00_noargs               
00001f59  SysCtlPeripheralEnable        
00001f8d  HibernateRTCSet               
00001fb9  GPIODirModeSet                
00001fe5  UARTDisable                   
00002005  GPIOPinTypeGPIOOutput         
0000201d  HibernateGPIORetentionEnable  
00002035  HibernateEnableExpClk         
00002049  HibernateRTCEnable            
0000205d  HibernateRequest              
00002071  UARTEnable                    
00002085  strlen                        
00002099  GPIOPinTypeI2C                
000020ab  GPIOPinTypeI2CSCL             
000020bd  GPIOPinTypeUART               
000020d1  HibernateRTCMatchSet          
000020f1  __TI_decompress_none          
000020ff  ResetISR                      
0000210b  I2CMasterEnable               
00002115  UARTCharGet                   
0000211f  UARTCharPut                   
00002129  I2CMasterBusy                 
00002131  I2CMasterSlaveAddrSet         
00002139  SysCtlDelay                   
0000213f  UARTClockSourceSet            
00002145  I2CMasterControl              
00002149  I2CMasterDataGet              
0000214d  I2CMasterDataPut              
00002151  _system_pre_init              
00002155  C$$EXIT                       
00002155  abort                         
000022f4  __TI_Handler_Table_Base       
000022fc  __TI_CINIT_Base               
000022fc  __TI_Handler_Table_Limit      
00002304  __TI_CINIT_Limit              
20000000  __stack                       
20000200  __STACK_END                   
20000200  __STACK_TOP                   
ffffffff  __TI_pprof_out_hndl           
ffffffff  __TI_prof_data_size           
ffffffff  __TI_prof_data_start          
ffffffff  __binit__                     
ffffffff  __c_args__                    
ffffffff  binit                         
UNDEFED   __mpu_init                    
UNDEFED   _system_post_cinit            

[95 symbols]
